******************************************************************************
            TI ARM Clang Linker Unix v5.1.1                    
******************************************************************************
>> Linked Fri Jul 24 15:31:34 2026

OUTPUT FILE NAME:   <hwt101+IDLE+Ringbuf.out>
ENTRY POINT SYMBOL: "_c_int00_noargs"  address: 00002dbd


MEMORY CONFIGURATION

         name            origin    length      used     unused   attr    fill
----------------------  --------  ---------  --------  --------  ----  --------
  FLASH                 00000000   00020000  000036d0  0001c930  R  X
  SRAM                  20200000   00008000  000003f4  00007c0c  RW X
  BCR_CONFIG            41c00000   000000ff  00000000  000000ff  R   
  BSL_CONFIG            41c00100   00000080  00000000  00000080  R   


SEGMENT ALLOCATION MAP

run origin  load origin   length   init length attrs members
----------  ----------- ---------- ----------- ----- -------
00000000    00000000    000036d0   000036d0    r-x
  00000000    00000000    000000c0   000000c0    r-- .intvecs
  000000c0    000000c0    00003430   00003430    r-x .text
  000034f0    000034f0    000001b0   000001b0    r-- .rodata
  000036a0    000036a0    00000030   00000030    r-- .cinit
20200000    20200000    000001f4   00000000    rw-
  20200000    20200000    000001ec   00000000    rw- .bss
  202001ec    202001ec    00000008   00000000    rw- .data
20207e00    20207e00    00000200   00000000    rw-
  20207e00    20207e00    00000200   00000000    rw- .stack


SECTION ALLOCATION MAP

 output                                  attributes/
section   page    origin      length       input sections
--------  ----  ----------  ----------   ----------------
.intvecs   0    00000000    000000c0     
                  00000000    000000c0     startup_mspm0g350x_ticlang.o (.intvecs)

.text      0    000000c0    00003430     
                  000000c0    00000a7c     libc.a : _printfi.c.obj (.text:__TI_printfi)
                  00000b3c    00000368     empty.o (.text.UART2_IRQHandler)
                  00000ea4    0000020c     libc.a : _printfi.c.obj (.text._pconv_a)
                  000010b0    000001e0            : _printfi.c.obj (.text._pconv_g)
                  00001290    00000192     libclang_rt.builtins.a : adddf3.S.obj (.text)
                  00001422    00000002     timer.o (.text.Timer_Init)
                  00001424    00000164     ti_msp_dl_config.o (.text.SYSCFG_DL_GPIO_init)
                  00001588    00000138     libc.a : _printfi.c.obj (.text.fcvt)
                  000016c0    0000011a     libclang_rt.builtins.a : divdf3.S.obj (.text)
                  000017da    00000002                            : aeabi_div0.c.obj (.text.__aeabi_idiv0)
                  000017dc    00000104     driverlib.a : dl_timer.o (.text.DL_Timer_initFourCCPWMMode)
                  000018e0    000000fc                 : dl_timer.o (.text.DL_Timer_initTimerMode)
                  000019dc    000000fc     libc.a : _printfi.c.obj (.text._pconv_e)
                  00001ad8    000000ec     ti_msp_dl_config.o (.text.SYSCFG_DL_SYSCTL_SYSPLL_init)
                  00001bc4    000000e4     libclang_rt.builtins.a : muldf3.S.obj (.text)
                  00001ca8    000000dc     driverlib.a : dl_sysctl_mspm0g1x0x_g3x0x.o (.text.DL_SYSCTL_configSYSPLL)
                  00001d84    000000dc     libc.a : s_scalbn.c.obj (.text.scalbn)
                  00001e60    000000a8     empty.o (.text.main)
                  00001f08    000000a2     libclang_rt.builtins.a : udivmoddi4.S.obj (.text)
                  00001faa    00000002                            : aeabi_div0.c.obj (.text.__aeabi_ldiv0)
                  00001fac    0000008c     ti_msp_dl_config.o (.text.SYSCFG_DL_PWM_0_init)
                  00002038    0000007c     ti_msp_dl_config.o (.text.SYSCFG_DL_initPower)
                  000020b4    0000007c     libc.a : copy_decompress_lzss.c.obj (.text:decompress:lzss)
                  00002130    00000078     ti_msp_dl_config.o (.text.SYSCFG_DL_SYSCTL_init)
                  000021a8    00000074     libclang_rt.builtins.a : comparedf2.c.obj (.text.__gedf2)
                  0000221c    00000004     startup_mspm0g350x_ticlang.o (.text.Default_Handler)
                  00002220    00000074     libclang_rt.builtins.a : truncdfsf2.S.obj (.text)
                  00002294    00000068     ti_msp_dl_config.o (.text.SYSCFG_DL_UART_WIT_init)
                  000022fc    00000068     libclang_rt.builtins.a : comparedf2.c.obj (.text.__ledf2)
                  00002364    00000066     libc.a : _printfi.c.obj (.text._mcpy)
                  000023ca    00000002     --HOLE-- [fill = 0]
                  000023cc    00000064     driverlib.a : dl_sysctl_mspm0g1x0x_g3x0x.o (.text.DL_SYSCTL_setHFCLKSourceHFXTParams)
                  00002430    0000005c     libc.a : s_frexp.c.obj (.text.frexp)
                  0000248c    0000005a     libclang_rt.builtins.a : aeabi_dcmp.S.obj (.text)
                  000024e6    00000058     libc.a : _ltoa.c.obj (.text.__TI_ltoa)
                  0000253e    00000058            : _printfi.c.obj (.text._pconv_f)
                  00002596    00000002     --HOLE-- [fill = 0]
                  00002598    00000056     libclang_rt.builtins.a : aeabi_idivmod.S.obj (.text)
                  000025ee    00000002     --HOLE-- [fill = 0]
                  000025f0    00000054     driverlib.a : dl_uart.o (.text.DL_UART_drainRXFIFO)
                  00002644    00000052     motor.o (.text.Motor_Init)
                  00002696    00000052     libc.a : _printfi.c.obj (.text._ecpy)
                  000026e8    00000050     ti_msp_dl_config.o (.text.SYSCFG_DL_DEBUG_init)
                  00002738    0000004c     driverlib.a : dl_dma.o (.text.DL_DMA_initChannel)
                  00002784    0000004c     ti_msp_dl_config.o (.text.DL_GPIO_initDigitalInputFeatures)
                  000027d0    0000004c     ti_msp_dl_config.o (.text.DL_UART_setBaudRateDivisor)
                  0000281c    0000004a     libclang_rt.builtins.a : fixdfsi.S.obj (.text)
                  00002866    00000002     --HOLE-- [fill = 0]
                  00002868    00000048     driverlib.a : dl_uart.o (.text.DL_UART_init)
                  000028b0    00000044                 : dl_sysctl_mspm0g1x0x_g3x0x.o (.text.DL_SYSCTL_switchMCLKfromSYSOSCtoHSCLK)
                  000028f4    00000044     wit.o (.text.WIT_Init)
                  00002938    00000044     libc.a : atoi.c.obj (.text.atoi)
                  0000297c    00000040     libclang_rt.builtins.a : aeabi_uidivmod.S.obj (.text)
                  000029bc    00000040                            : extendsfdf2.S.obj (.text)
                  000029fc    0000003c     ti_msp_dl_config.o (.text.DL_Timer_setCounterControl)
                  00002a38    0000003c     libc.a : autoinit.c.obj (.text:__TI_auto_init_nobinit_nopinit)
                  00002a74    0000003a     libclang_rt.builtins.a : muldsi3.S.obj (.text)
                  00002aae    00000002     --HOLE-- [fill = 0]
                  00002ab0    00000038     ti_msp_dl_config.o (.text.SYSCFG_DL_init)
                  00002ae8    00000038     libc.a : sprintf.c.obj (.text.sprintf)
                  00002b20    00000034     ti_msp_dl_config.o (.text.SYSCFG_DL_TIMER_0_init)
                  00002b54    00000030     empty.o (.text.DL_DMA_setTransferSize)
                  00002b84    00000030     wit.o (.text.DL_DMA_setTransferSize)
                  00002bb4    00000030     driverlib.a : dl_uart.o (.text.DL_UART_transmitDataBlocking)
                  00002be4    00000030     libclang_rt.builtins.a : comparedf2.c.obj (.text.__unorddf2)
                  00002c14    00000030     libc.a : _printfi.c.obj (.text._fcpy)
                  00002c44    0000002c     empty.o (.text.Send_String)
                  00002c70    0000002c     empty.o (.text.__NVIC_EnableIRQ)
                  00002c9c    0000002c     wit.o (.text.__NVIC_EnableIRQ)
                  00002cc8    0000002c     libclang_rt.builtins.a : floatsidf.S.obj (.text)
                  00002cf4    00000028     ti_msp_dl_config.o (.text.DL_Common_updateReg)
                  00002d1c    00000028     empty.o (.text.DL_DMA_setDestAddr)
                  00002d44    00000028     wit.o (.text.DL_DMA_setDestAddr)
                  00002d6c    00000028     wit.o (.text.DL_DMA_setSrcAddr)
                  00002d94    00000028     ti_msp_dl_config.o (.text.DL_UART_setRXFIFOThreshold)
                  00002dbc    00000028     libc.a : boot_cortex_m.c.obj (.text:_c_int00_noargs)
                  00002de4    00000026     empty.o (.text.DL_DMA_disableChannel)
                  00002e0a    00000026     empty.o (.text.DL_DMA_enableChannel)
                  00002e30    00000026     wit.o (.text.DL_DMA_enableChannel)
                  00002e56    00000002     --HOLE-- [fill = 0]
                  00002e58    00000024     empty.o (.text.DL_DMA_getTransferSize)
                  00002e7c    00000024     ti_msp_dl_config.o (.text.DL_UART_setRXInterruptTimeout)
                  00002ea0    00000024     libclang_rt.builtins.a : floatunsidf.S.obj (.text)
                  00002ec4    00000024                            : muldi3.S.obj (.text)
                  00002ee8    00000022     libc.a : memccpy.c.obj (.text.memccpy)
                  00002f0a    00000002     --HOLE-- [fill = 0]
                  00002f0c    00000020     ti_msp_dl_config.o (.text.DL_GPIO_initPeripheralInputFunction)
                  00002f2c    00000020     ti_msp_dl_config.o (.text.DL_SYSCTL_setFlashWaitState)
                  00002f4c    0000001e     ti_msp_dl_config.o (.text.DL_UART_setOversampling)
                  00002f6a    0000001e     motor.o (.text.Motor_Coast)
                  00002f88    0000001e     libclang_rt.builtins.a : ashldi3.S.obj (.text)
                  00002fa6    00000002     --HOLE-- [fill = 0]
                  00002fa8    0000001c     ti_msp_dl_config.o (.text.DL_GPIO_clearInterruptStatus)
                  00002fc4    0000001c     ti_msp_dl_config.o (.text.DL_GPIO_enableInterrupt)
                  00002fe0    0000001c     ti_msp_dl_config.o (.text.DL_GPIO_initPeripheralOutputFunction)
                  00002ffc    0000001c     ti_msp_dl_config.o (.text.DL_GPIO_setLowerPinsPolarity)
                  00003018    0000001c     driverlib.a : dl_sysctl_mspm0g1x0x_g3x0x.o (.text.DL_SYSCTL_configFCC)
                  00003034    0000001c     ti_msp_dl_config.o (.text.DL_SYSCTL_setFCCPeriods)
                  00003050    0000001c     ti_msp_dl_config.o (.text.DL_SYSCTL_setSYSOSCFreq)
                  0000306c    0000001c     ti_msp_dl_config.o (.text.DL_SYSCTL_setULPCLKDivider)
                  00003088    0000001c     ti_msp_dl_config.o (.text.DL_Timer_enableInterrupt)
                  000030a4    0000001c     driverlib.a : dl_timer.o (.text.DL_Timer_setCaptCompUpdateMethod)
                  000030c0    0000001c                 : dl_timer.o (.text.DL_Timer_setClockConfig)
                  000030dc    0000001c     ti_msp_dl_config.o (.text.DL_UART_enableInterrupt)
                  000030f8    0000001c     empty.o (.text.TIMA1_IRQHandler)
                  00003114    0000001a     libclang_rt.builtins.a : aeabi_memset.S.obj (.text)
                  0000312e    00000002     --HOLE-- [fill = 0]
                  00003130    00000018     ti_msp_dl_config.o (.text.DL_GPIO_enableOutput)
                  00003148    00000018     ti_msp_dl_config.o (.text.DL_GPIO_enablePower)
                  00003160    00000018     ti_msp_dl_config.o (.text.DL_GPIO_initDigitalOutput)
                  00003178    00000018     ti_msp_dl_config.o (.text.DL_GPIO_initPeripheralAnalogFunction)
                  00003190    00000018     ti_msp_dl_config.o (.text.DL_GPIO_reset)
                  000031a8    00000018     ti_msp_dl_config.o (.text.DL_SYSCTL_setBORThreshold)
                  000031c0    00000018     empty.o (.text.DL_Timer_clearInterruptStatus)
                  000031d8    00000018     ti_msp_dl_config.o (.text.DL_Timer_enablePower)
                  000031f0    00000018     ti_msp_dl_config.o (.text.DL_Timer_reset)
                  00003208    00000018     driverlib.a : dl_timer.o (.text.DL_Timer_setCaptureCompareOutCtl)
                  00003220    00000018     ti_msp_dl_config.o (.text.DL_UART_enableDMAReceiveEvent)
                  00003238    00000018     ti_msp_dl_config.o (.text.DL_UART_enableFIFOs)
                  00003250    00000018     ti_msp_dl_config.o (.text.DL_UART_enablePower)
                  00003268    00000018     empty.o (.text.DL_UART_isRXFIFOEmpty)
                  00003280    00000018     ti_msp_dl_config.o (.text.DL_UART_reset)
                  00003298    00000018     ti_msp_dl_config.o (.text.SYSCFG_DL_DMA_WIT_init)
                  000032b0    00000018     libc.a : sprintf.c.obj (.text._outs)
                  000032c8    00000016     ti_msp_dl_config.o (.text.DL_UART_enable)
                  000032de    00000016     libc.a : copy_zero_init.c.obj (.text:decompress:ZI:__TI_zero_init_nomemset)
                  000032f4    00000014     motor.o (.text.DL_GPIO_clearPins)
                  00003308    00000014     ti_msp_dl_config.o (.text.DL_GPIO_clearPins)
                  0000331c    00000014     ti_msp_dl_config.o (.text.DL_SYSCTL_disableSYSPLL)
                  00003330    00000014     ti_msp_dl_config.o (.text.DL_SYSCTL_enableMFCLK)
                  00003344    00000014     ti_msp_dl_config.o (.text.DL_SYSCTL_enableSYSPLL)
                  00003358    00000014     ti_msp_dl_config.o (.text.DL_Timer_enableClock)
                  0000336c    00000014     ti_msp_dl_config.o (.text.DL_Timer_setCCPDirection)
                  00003380    00000014     empty.o (.text.DL_UART_receiveData)
                  00003394    00000014     libclang_rt.builtins.a : aeabi_uldivmod.S.obj (.text)
                  000033a8    00000012     driverlib.a : dl_uart.o (.text.DL_UART_setClockConfig)
                  000033ba    00000012     libc.a : _printfi.c.obj (.text.strchr)
                  000033cc    00000012            : memcpy16.S.obj (.text:TI_memcpy_small)
                  000033de    00000012            : copy_decompress_none.c.obj (.text:decompress:none)
                  000033f0    00000010     ti_msp_dl_config.o (.text.DL_SYSCTL_disableHFXT)
                  00003400    00000010     ti_msp_dl_config.o (.text.DL_SYSCTL_isFCCDone)
                  00003410    00000010     ti_msp_dl_config.o (.text.DL_SYSCTL_startFCC)
                  00003420    00000010     driverlib.a : dl_timer.o (.text.DL_Timer_setCaptureCompareValue)
                  00003430    00000010     libc.a : wcslen.c.obj (.text.wcslen)
                  00003440    0000000e            : _printfi.c.obj (.text.strlen)
                  0000344e    0000000e            : memset16.S.obj (.text:TI_memset_small)
                  0000345c    0000000c     ti_msp_dl_config.o (.text.DL_SYSCTL_getClockStatus)
                  00003468    0000000c     ti_msp_dl_config.o (.text.DL_SYSCTL_readFCC)
                  00003474    0000000a     driverlib.a : dl_common.o (.text.DL_Common_delayCycles)
                  0000347e    0000000a     libc.a : _printfi.c.obj (.text.OUTLINED_FUNCTION_0)
                  00003488    00000010     libclang_rt.builtins.a : adddf3.S.obj (.tramp.__aeabi_dsub.1)
                  00003498    0000000a     libc.a : _printfi.c.obj (.text.OUTLINED_FUNCTION_1)
                  000034a2    0000000a            : sprintf.c.obj (.text._outc)
                  000034ac    00000008     ti_msp_dl_config.o (.text.SYSCFG_DL_DMA_init)
                  000034b4    00000008     libclang_rt.builtins.a : aeabi_ddiv.c.obj (.text.__aeabi_ddiv)
                  000034bc    00000008                            : aeabi_dmul.c.obj (.text.__aeabi_dmul)
                  000034c4    00000008     libc.a : aeabi_portable.c.obj (.text.__aeabi_errno_addr)
                  000034cc    00000008     libclang_rt.builtins.a : aeabi_memcpy.S.obj (.text)
                  000034d4    00000006     libc.a : exit.c.obj (.text:abort)
                  000034da    00000004     libsysbm.a : hostexit.c.obj (.text.HOSTexit)
                  000034de    00000004     startup_mspm0g350x_ticlang.o (.text.Reset_Handler)
                  000034e2    00000004     libc.a : pre_init.c.obj (.text._system_pre_init)
                  000034e6    0000000a     --HOLE-- [fill = 0]

.cinit     0    000036a0    00000030     
                  000036a0    0000000c     (__TI_handler_table)
                  000036ac    00000008     (.cinit..bss.load) [load image, compression = zero_init]
                  000036b4    00000007     (.cinit..data.load) [load image, compression = lzss]
                  000036bb    00000001     --HOLE-- [fill = 0]
                  000036bc    00000010     (__TI_cinit_table)
                  000036cc    00000004     --HOLE-- [fill = 0]

.rodata    0    000034f0    000001b0     
                  000034f0    00000101     libc.a : aeabi_ctype.S.obj (.rodata:__aeabi_ctype_table_)
                  000035f1    00000003     ti_msp_dl_config.o (.rodata.gPWM_0ClockConfig)
                  000035f4    00000028     ti_msp_dl_config.o (.rodata.gSYSPLLConfig)
                  0000361c    00000018     ti_msp_dl_config.o (.rodata.gDMA_WITConfig)
                  00003634    00000014     ti_msp_dl_config.o (.rodata.gTIMER_0TimerConfig)
                  00003648    00000011     libc.a : _printfi.c.obj (.rodata.str1.10348868589481759720.1)
                  00003659    00000011            : _printfi.c.obj (.rodata.str1.15363888844622738466.1)
                  0000366a    0000000e     empty.o (.rodata.str1.9517790425240694019.1)
                  00003678    0000000a     ti_msp_dl_config.o (.rodata.gDEBUGConfig)
                  00003682    0000000a     ti_msp_dl_config.o (.rodata.gUART_WITConfig)
                  0000368c    00000008     ti_msp_dl_config.o (.rodata.gPWM_0Config)
                  00003694    00000003     ti_msp_dl_config.o (.rodata.gTIMER_0ClockConfig)
                  00003697    00000002     ti_msp_dl_config.o (.rodata.gDEBUGClockConfig)
                  00003699    00000002     ti_msp_dl_config.o (.rodata.gUART_WITClockConfig)
                  0000369b    00000005     --HOLE-- [fill = 0]

.init_array 
*          0    00000000    00000000     UNINITIALIZED

.binit     0    00000000    00000000     

.bss       0    20200000    000001ec     UNINITIALIZED
                  20200000    000000bc     (.common:gPWM_0Backup)
                  202000bc    000000bc     (.common:gTIMER_0Backup)
                  20200178    00000021     (.common:wit_dmaBuffer)
                  20200199    00000003     --HOLE--
                  2020019c    00000020     (.common:wit_data)
                  202001bc    00000018     (.common:motor_left)
                  202001d4    00000018     (.common:motor_right)

.data      0    202001ec    00000008     UNINITIALIZED
                  202001ec    00000004     libc.a : aeabi_portable.c.obj (.data.__aeabi_errno)
                  202001f0    00000004     timer.o (.data.sys_tick)

.stack     0    20207e00    00000200     UNINITIALIZED
                  20207e00    00000004     libc.a : boot_cortex_m.c.obj (.stack)
                  20207e04    000001fc     --HOLE--

__llvm_prf_cnts 
*          0    20200000    00000000     UNINITIALIZED

__llvm_prf_bits 
*          0    20200000    00000000     UNINITIALIZED

MODULE SUMMARY

       Module                         code    ro data   rw data
       ------                         ----    -------   -------
    ./
       ti_msp_dl_config.o             2476    122       376    
       empty.o                        1424    14        0      
       startup_mspm0g350x_ticlang.o   8       192       0      
    +--+------------------------------+-------+---------+---------+
       Total:                         3908    328       376    
                                                               
    ./APP/MOTOR/
       motor.o                        132     0         48     
    +--+------------------------------+-------+---------+---------+
       Total:                         132     0         48     
                                                               
    ./APP/TIMER/
       timer.o                        2       0         4      
    +--+------------------------------+-------+---------+---------+
       Total:                         2       0         4      
                                                               
    ./APP/WIT/
       wit.o                          278     0         65     
    +--+------------------------------+-------+---------+---------+
       Total:                         278     0         65     
                                                               
    /home/hua/ti/ccs2100/ccs/tools/compiler/ti-cgt-armllvm_5.1.1.LTS/lib/armv6m-ti-none-eabi/c/libc.a
       _printfi.c.obj                 4624    34        0      
       aeabi_ctype.S.obj              0       257       0      
       s_scalbn.c.obj                 220     0         0      
       copy_decompress_lzss.c.obj     124     0         0      
       s_frexp.c.obj                  92      0         0      
       sprintf.c.obj                  90      0         0      
       _ltoa.c.obj                    88      0         0      
       atoi.c.obj                     68      0         0      
       autoinit.c.obj                 60      0         0      
       boot_cortex_m.c.obj            40      0         0      
       memccpy.c.obj                  34      0         0      
       copy_zero_init.c.obj           22      0         0      
       copy_decompress_none.c.obj     18      0         0      
       memcpy16.S.obj                 18      0         0      
       wcslen.c.obj                   16      0         0      
       memset16.S.obj                 14      0         0      
       aeabi_portable.c.obj           8       0         4      
       exit.c.obj                     6       0         0      
       pre_init.c.obj                 4       0         0      
    +--+------------------------------+-------+---------+---------+
       Total:                         5546    291       4      
                                                               
    /home/hua/ti/ccs2100/ccs/tools/compiler/ti-cgt-armllvm_5.1.1.LTS/lib/armv6m-ti-none-eabi/c/libsysbm.a
       hostexit.c.obj                 4       0         0      
    +--+------------------------------+-------+---------+---------+
       Total:                         4       0         0      
                                                               
    /home/hua/ti/ccs2100/ccs/tools/compiler/ti-cgt-armllvm_5.1.1.LTS/lib/armv6m-ti-none-eabi/libclang_rt.builtins.a
       adddf3.S.obj                   418     0         0      
       divdf3.S.obj                   282     0         0      
       comparedf2.c.obj               268     0         0      
       muldf3.S.obj                   228     0         0      
       udivmoddi4.S.obj               162     0         0      
       truncdfsf2.S.obj               116     0         0      
       aeabi_dcmp.S.obj               90      0         0      
       aeabi_idivmod.S.obj            86      0         0      
       fixdfsi.S.obj                  74      0         0      
       aeabi_uidivmod.S.obj           64      0         0      
       extendsfdf2.S.obj              64      0         0      
       muldsi3.S.obj                  58      0         0      
       floatsidf.S.obj                44      0         0      
       floatunsidf.S.obj              36      0         0      
       muldi3.S.obj                   36      0         0      
       ashldi3.S.obj                  30      0         0      
       aeabi_memset.S.obj             26      0         0      
       aeabi_uldivmod.S.obj           20      0         0      
       aeabi_ddiv.c.obj               8       0         0      
       aeabi_dmul.c.obj               8       0         0      
       aeabi_memcpy.S.obj             8       0         0      
       aeabi_div0.c.obj               4       0         0      
    +--+------------------------------+-------+---------+---------+
       Total:                         2130    0         0      
                                                               
    /home/hua/ti/mspm0_sdk_2_11_00_07/source/ti/driverlib/lib/ticlang/m0p/mspm0g1x0x_g3x0x/driverlib.a
       dl_timer.o                     608     0         0      
       dl_sysctl_mspm0g1x0x_g3x0x.o   416     0         0      
       dl_uart.o                      222     0         0      
       dl_dma.o                       76      0         0      
       dl_common.o                    10      0         0      
    +--+------------------------------+-------+---------+---------+
       Total:                         1332    0         0      
                                                               
       Stack:                         0       0         512    
       Linker Generated:              0       43        0      
    +--+------------------------------+-------+---------+---------+
       Grand Total:                   13332   662       1009   


LINKER GENERATED COPY TABLES

__TI_cinit_table @ 000036bc records: 2, size/record: 8, table size: 16
	.bss: load addr=000036ac, load size=00000008 bytes, run addr=20200000, run size=000001ec bytes, compression=zero_init
	.data: load addr=000036b4, load size=00000007 bytes, run addr=202001ec, run size=00000008 bytes, compression=lzss


LINKER GENERATED HANDLER TABLE

__TI_handler_table @ 000036a0 records: 3, size/record: 4, table size: 12
	index: 0, handler: __TI_decompress_lzss
	index: 1, handler: __TI_decompress_none
	index: 2, handler: __TI_zero_init


FAR CALL TRAMPOLINES

callee name               trampoline name
   callee addr  tramp addr   call addr  call info
--------------  -----------  ---------  ----------------
__aeabi_dsub              $Tramp$TT$L$PI$$__aeabi_dsub
   00001291     00003488     00003486   libc.a : _printfi.c.obj (.text.OUTLINED_FUNCTION_0)

[1 trampolines]
[1 trampoline calls]


GLOBAL SYMBOLS: SORTED ALPHABETICALLY BY Name 

address   name                                 
-------   ----                                 
0000221d  ADC0_IRQHandler                      
0000221d  ADC1_IRQHandler                      
0000221d  AES_IRQHandler                       
000034da  C$$EXIT                              
0000221d  CANFD0_IRQHandler                    
0000221d  DAC0_IRQHandler                      
00003475  DL_Common_delayCycles                
00002739  DL_DMA_initChannel                   
00003019  DL_SYSCTL_configFCC                  
00001ca9  DL_SYSCTL_configSYSPLL               
000023cd  DL_SYSCTL_setHFCLKSourceHFXTParams   
000028b1  DL_SYSCTL_switchMCLKfromSYSOSCtoHSCLK
000017dd  DL_Timer_initFourCCPWMMode           
000018e1  DL_Timer_initTimerMode               
000030a5  DL_Timer_setCaptCompUpdateMethod     
00003209  DL_Timer_setCaptureCompareOutCtl     
00003421  DL_Timer_setCaptureCompareValue      
000030c1  DL_Timer_setClockConfig              
000025f1  DL_UART_drainRXFIFO                  
00002869  DL_UART_init                         
000033a9  DL_UART_setClockConfig               
00002bb5  DL_UART_transmitDataBlocking         
0000221d  DMA_IRQHandler                       
0000221d  Default_Handler                      
0000221d  GROUP0_IRQHandler                    
0000221d  GROUP1_IRQHandler                    
000034db  HOSTexit                             
0000221d  HardFault_Handler                    
0000221d  I2C0_IRQHandler                      
0000221d  I2C1_IRQHandler                      
00002f6b  Motor_Coast                          
00002645  Motor_Init                           
0000221d  NMI_Handler                          
0000221d  PendSV_Handler                       
0000221d  RTC_IRQHandler                       
000034df  Reset_Handler                        
0000221d  SPI0_IRQHandler                      
0000221d  SPI1_IRQHandler                      
0000221d  SVC_Handler                          
000026e9  SYSCFG_DL_DEBUG_init                 
00003299  SYSCFG_DL_DMA_WIT_init               
000034ad  SYSCFG_DL_DMA_init                   
00001425  SYSCFG_DL_GPIO_init                  
00001fad  SYSCFG_DL_PWM_0_init                 
00001ad9  SYSCFG_DL_SYSCTL_SYSPLL_init         
00002131  SYSCFG_DL_SYSCTL_init                
00002b21  SYSCFG_DL_TIMER_0_init               
00002295  SYSCFG_DL_UART_WIT_init              
00002ab1  SYSCFG_DL_init                       
00002039  SYSCFG_DL_initPower                  
00002c45  Send_String                          
0000221d  SysTick_Handler                      
0000221d  TIMA0_IRQHandler                     
000030f9  TIMA1_IRQHandler                     
0000221d  TIMG0_IRQHandler                     
0000221d  TIMG12_IRQHandler                    
0000221d  TIMG6_IRQHandler                     
0000221d  TIMG7_IRQHandler                     
0000221d  TIMG8_IRQHandler                     
000033cd  TI_memcpy_small                      
0000344f  TI_memset_small                      
00001423  Timer_Init                           
0000221d  UART0_IRQHandler                     
0000221d  UART1_IRQHandler                     
00000b3d  UART2_IRQHandler                     
0000221d  UART3_IRQHandler                     
000028f5  WIT_Init                             
20208000  __STACK_END                          
00000200  __STACK_SIZE                         
00000000  __TI_ATRegion0_region_sz             
00000000  __TI_ATRegion0_src_addr              
00000000  __TI_ATRegion0_trg_addr              
00000000  __TI_ATRegion1_region_sz             
00000000  __TI_ATRegion1_src_addr              
00000000  __TI_ATRegion1_trg_addr              
00000000  __TI_ATRegion2_region_sz             
00000000  __TI_ATRegion2_src_addr              
00000000  __TI_ATRegion2_trg_addr              
000036bc  __TI_CINIT_Base                      
000036cc  __TI_CINIT_Limit                     
000036cc  __TI_CINIT_Warm                      
000036a0  __TI_Handler_Table_Base              
000036ac  __TI_Handler_Table_Limit             
00002a39  __TI_auto_init_nobinit_nopinit       
000020b5  __TI_decompress_lzss                 
000033df  __TI_decompress_none                 
000024e7  __TI_ltoa                            
ffffffff  __TI_pprof_out_hndl                  
000000c1  __TI_printfi                         
ffffffff  __TI_prof_data_size                  
ffffffff  __TI_prof_data_start                 
00000000  __TI_static_base__                   
000032df  __TI_zero_init_nomemset              
0000129b  __adddf3                             
000034f0  __aeabi_ctype_table_                 
000034f0  __aeabi_ctype_table_C                
00002221  __aeabi_d2f                          
0000281d  __aeabi_d2iz                         
0000129b  __aeabi_dadd                         
0000248d  __aeabi_dcmpeq                       
000024c3  __aeabi_dcmpge                       
000024d5  __aeabi_dcmpgt                       
000024b1  __aeabi_dcmple                       
0000249f  __aeabi_dcmplt                       
00002be5  __aeabi_dcmpun                       
000034b5  __aeabi_ddiv                         
000034bd  __aeabi_dmul                         
00001291  __aeabi_dsub                         
202001ec  __aeabi_errno                        
000034c5  __aeabi_errno_addr                   
000029bd  __aeabi_f2d                          
00002cc9  __aeabi_i2d                          
00002599  __aeabi_idiv                         
000017db  __aeabi_idiv0                        
00002599  __aeabi_idivmod                      
00001fab  __aeabi_ldiv0                        
00002f89  __aeabi_llsl                         
00002ec5  __aeabi_lmul                         
00003123  __aeabi_memclr                       
00003123  __aeabi_memclr4                      
00003123  __aeabi_memclr8                      
000034cd  __aeabi_memcpy                       
000034cd  __aeabi_memcpy4                      
000034cd  __aeabi_memcpy8                      
00003115  __aeabi_memset                       
00003115  __aeabi_memset4                      
00003115  __aeabi_memset8                      
00002ea1  __aeabi_ui2d                         
0000297d  __aeabi_uidiv                        
0000297d  __aeabi_uidivmod                     
00003395  __aeabi_uldivmod                     
00002f89  __ashldi3                            
ffffffff  __binit__                            
000022fd  __cmpdf2                             
000016c1  __divdf3                             
000022fd  __eqdf2                              
000029bd  __extendsfdf2                        
0000281d  __fixdfsi                            
00002cc9  __floatsidf                          
00002ea1  __floatunsidf                        
000021a9  __gedf2                              
000021a9  __gtdf2                              
000022fd  __ledf2                              
000022fd  __ltdf2                              
UNDEFED   __mpu_init                           
00001bc5  __muldf3                             
00002ec5  __muldi3                             
00002a75  __muldsi3                            
000022fd  __nedf2                              
20207e00  __stack                              
20200000  __start___llvm_prf_bits              
20200000  __start___llvm_prf_cnts              
20200000  __stop___llvm_prf_bits               
20200000  __stop___llvm_prf_cnts               
00001291  __subdf3                             
00002221  __truncdfsf2                         
00001f09  __udivmoddi4                         
00002be5  __unorddf2                           
00002dbd  _c_int00_noargs                      
UNDEFED   _system_post_cinit                   
000034e3  _system_pre_init                     
000034d5  abort                                
00002939  atoi                                 
ffffffff  binit                                
00002431  frexp                                
00002431  frexpl                               
20200000  gPWM_0Backup                         
202000bc  gTIMER_0Backup                       
00000000  interruptVectors                     
00001d85  ldexp                                
00001d85  ldexpl                               
00001e61  main                                 
00002ee9  memccpy                              
202001bc  motor_left                           
202001d4  motor_right                          
00001d85  scalbn                               
00001d85  scalbnl                              
00002ae9  sprintf                              
202001f0  sys_tick                             
00003431  wcslen                               
2020019c  wit_data                             
20200178  wit_dmaBuffer                        


GLOBAL SYMBOLS: SORTED BY Symbol Address 

address   name                                 
-------   ----                                 
00000000  __TI_ATRegion0_region_sz             
00000000  __TI_ATRegion0_src_addr              
00000000  __TI_ATRegion0_trg_addr              
00000000  __TI_ATRegion1_region_sz             
00000000  __TI_ATRegion1_src_addr              
00000000  __TI_ATRegion1_trg_addr              
00000000  __TI_ATRegion2_region_sz             
00000000  __TI_ATRegion2_src_addr              
00000000  __TI_ATRegion2_trg_addr              
00000000  __TI_static_base__                   
00000000  interruptVectors                     
000000c1  __TI_printfi                         
00000200  __STACK_SIZE                         
00000b3d  UART2_IRQHandler                     
00001291  __aeabi_dsub                         
00001291  __subdf3                             
0000129b  __adddf3                             
0000129b  __aeabi_dadd                         
00001423  Timer_Init                           
00001425  SYSCFG_DL_GPIO_init                  
000016c1  __divdf3                             
000017db  __aeabi_idiv0                        
000017dd  DL_Timer_initFourCCPWMMode           
000018e1  DL_Timer_initTimerMode               
00001ad9  SYSCFG_DL_SYSCTL_SYSPLL_init         
00001bc5  __muldf3                             
00001ca9  DL_SYSCTL_configSYSPLL               
00001d85  ldexp                                
00001d85  ldexpl                               
00001d85  scalbn                               
00001d85  scalbnl                              
00001e61  main                                 
00001f09  __udivmoddi4                         
00001fab  __aeabi_ldiv0                        
00001fad  SYSCFG_DL_PWM_0_init                 
00002039  SYSCFG_DL_initPower                  
000020b5  __TI_decompress_lzss                 
00002131  SYSCFG_DL_SYSCTL_init                
000021a9  __gedf2                              
000021a9  __gtdf2                              
0000221d  ADC0_IRQHandler                      
0000221d  ADC1_IRQHandler                      
0000221d  AES_IRQHandler                       
0000221d  CANFD0_IRQHandler                    
0000221d  DAC0_IRQHandler                      
0000221d  DMA_IRQHandler                       
0000221d  Default_Handler                      
0000221d  GROUP0_IRQHandler                    
0000221d  GROUP1_IRQHandler                    
0000221d  HardFault_Handler                    
0000221d  I2C0_IRQHandler                      
0000221d  I2C1_IRQHandler                      
0000221d  NMI_Handler                          
0000221d  PendSV_Handler                       
0000221d  RTC_IRQHandler                       
0000221d  SPI0_IRQHandler                      
0000221d  SPI1_IRQHandler                      
0000221d  SVC_Handler                          
0000221d  SysTick_Handler                      
0000221d  TIMA0_IRQHandler                     
0000221d  TIMG0_IRQHandler                     
0000221d  TIMG12_IRQHandler                    
0000221d  TIMG6_IRQHandler                     
0000221d  TIMG7_IRQHandler                     
0000221d  TIMG8_IRQHandler                     
0000221d  UART0_IRQHandler                     
0000221d  UART1_IRQHandler                     
0000221d  UART3_IRQHandler                     
00002221  __aeabi_d2f                          
00002221  __truncdfsf2                         
00002295  SYSCFG_DL_UART_WIT_init              
000022fd  __cmpdf2                             
000022fd  __eqdf2                              
000022fd  __ledf2                              
000022fd  __ltdf2                              
000022fd  __nedf2                              
000023cd  DL_SYSCTL_setHFCLKSourceHFXTParams   
00002431  frexp                                
00002431  frexpl                               
0000248d  __aeabi_dcmpeq                       
0000249f  __aeabi_dcmplt                       
000024b1  __aeabi_dcmple                       
000024c3  __aeabi_dcmpge                       
000024d5  __aeabi_dcmpgt                       
000024e7  __TI_ltoa                            
00002599  __aeabi_idiv                         
00002599  __aeabi_idivmod                      
000025f1  DL_UART_drainRXFIFO                  
00002645  Motor_Init                           
000026e9  SYSCFG_DL_DEBUG_init                 
00002739  DL_DMA_initChannel                   
0000281d  __aeabi_d2iz                         
0000281d  __fixdfsi                            
00002869  DL_UART_init                         
000028b1  DL_SYSCTL_switchMCLKfromSYSOSCtoHSCLK
000028f5  WIT_Init                             
00002939  atoi                                 
0000297d  __aeabi_uidiv                        
0000297d  __aeabi_uidivmod                     
000029bd  __aeabi_f2d                          
000029bd  __extendsfdf2                        
00002a39  __TI_auto_init_nobinit_nopinit       
00002a75  __muldsi3                            
00002ab1  SYSCFG_DL_init                       
00002ae9  sprintf                              
00002b21  SYSCFG_DL_TIMER_0_init               
00002bb5  DL_UART_transmitDataBlocking         
00002be5  __aeabi_dcmpun                       
00002be5  __unorddf2                           
00002c45  Send_String                          
00002cc9  __aeabi_i2d                          
00002cc9  __floatsidf                          
00002dbd  _c_int00_noargs                      
00002ea1  __aeabi_ui2d                         
00002ea1  __floatunsidf                        
00002ec5  __aeabi_lmul                         
00002ec5  __muldi3                             
00002ee9  memccpy                              
00002f6b  Motor_Coast                          
00002f89  __aeabi_llsl                         
00002f89  __ashldi3                            
00003019  DL_SYSCTL_configFCC                  
000030a5  DL_Timer_setCaptCompUpdateMethod     
000030c1  DL_Timer_setClockConfig              
000030f9  TIMA1_IRQHandler                     
00003115  __aeabi_memset                       
00003115  __aeabi_memset4                      
00003115  __aeabi_memset8                      
00003123  __aeabi_memclr                       
00003123  __aeabi_memclr4                      
00003123  __aeabi_memclr8                      
00003209  DL_Timer_setCaptureCompareOutCtl     
00003299  SYSCFG_DL_DMA_WIT_init               
000032df  __TI_zero_init_nomemset              
00003395  __aeabi_uldivmod                     
000033a9  DL_UART_setClockConfig               
000033cd  TI_memcpy_small                      
000033df  __TI_decompress_none                 
00003421  DL_Timer_setCaptureCompareValue      
00003431  wcslen                               
0000344f  TI_memset_small                      
00003475  DL_Common_delayCycles                
000034ad  SYSCFG_DL_DMA_init                   
000034b5  __aeabi_ddiv                         
000034bd  __aeabi_dmul                         
000034c5  __aeabi_errno_addr                   
000034cd  __aeabi_memcpy                       
000034cd  __aeabi_memcpy4                      
000034cd  __aeabi_memcpy8                      
000034d5  abort                                
000034da  C$$EXIT                              
000034db  HOSTexit                             
000034df  Reset_Handler                        
000034e3  _system_pre_init                     
000034f0  __aeabi_ctype_table_                 
000034f0  __aeabi_ctype_table_C                
000036a0  __TI_Handler_Table_Base              
000036ac  __TI_Handler_Table_Limit             
000036bc  __TI_CINIT_Base                      
000036cc  __TI_CINIT_Limit                     
000036cc  __TI_CINIT_Warm                      
20200000  __start___llvm_prf_bits              
20200000  __start___llvm_prf_cnts              
20200000  __stop___llvm_prf_bits               
20200000  __stop___llvm_prf_cnts               
20200000  gPWM_0Backup                         
202000bc  gTIMER_0Backup                       
20200178  wit_dmaBuffer                        
2020019c  wit_data                             
202001bc  motor_left                           
202001d4  motor_right                          
202001ec  __aeabi_errno                        
202001f0  sys_tick                             
20207e00  __stack                              
20208000  __STACK_END                          
ffffffff  __TI_pprof_out_hndl                  
ffffffff  __TI_prof_data_size                  
ffffffff  __TI_prof_data_start                 
ffffffff  __binit__                            
ffffffff  binit                                
UNDEFED   __mpu_init                           
UNDEFED   _system_post_cinit                   

[182 symbols]
