******************************************************************************
            TI ARM Clang Linker Unix v5.1.1                    
******************************************************************************
>> Linked Fri Jul 24 20:18:11 2026

OUTPUT FILE NAME:   <car.out>
ENTRY POINT SYMBOL: "_c_int00_noargs"  address: 00003379


MEMORY CONFIGURATION

         name            origin    length      used     unused   attr    fill
----------------------  --------  ---------  --------  --------  ----  --------
  FLASH                 00000000   00020000  00003cd0  0001c330  R  X
  SRAM                  20200000   00008000  00000434  00007bcc  RW X
  BCR_CONFIG            41c00000   000000ff  00000000  000000ff  R   
  BSL_CONFIG            41c00100   00000080  00000000  00000080  R   


SEGMENT ALLOCATION MAP

run origin  load origin   length   init length attrs members
----------  ----------- ---------- ----------- ----- -------
00000000    00000000    00003cd0   00003cd0    r-x
  00000000    00000000    000000c0   000000c0    r-- .intvecs
  000000c0    000000c0    00003a30   00003a30    r-x .text
  00003af0    00003af0    000001b0   000001b0    r-- .rodata
  00003ca0    00003ca0    00000030   00000030    r-- .cinit
20200000    20200000    00000234   00000000    rw-
  20200000    20200000    0000022c   00000000    rw- .bss
  2020022c    2020022c    00000008   00000000    rw- .data
20207e00    20207e00    00000200   00000000    rw-
  20207e00    20207e00    00000200   00000000    rw- .stack


SECTION ALLOCATION MAP

 output                                  attributes/
section   page    origin      length       input sections
--------  ----  ----------  ----------   ----------------
.intvecs   0    00000000    000000c0     
                  00000000    000000c0     startup_mspm0g350x_ticlang.o (.intvecs)

.text      0    000000c0    00003a30     
                  000000c0    00000a7c     libc.a : _printfi.c.obj (.text:__TI_printfi)
                  00000b3c    00000368     empty.o (.text.UART2_IRQHandler)
                  00000ea4    0000020c     libc.a : _printfi.c.obj (.text._pconv_a)
                  000010b0    000001e0            : _printfi.c.obj (.text._pconv_g)
                  00001290    00000192     libclang_rt.builtins.a : adddf3.S.obj (.text)
                  00001422    00000002     timer.o (.text.Timer_Init)
                  00001424    00000164     ti_msp_dl_config.o (.text.SYSCFG_DL_GPIO_init)
                  00001588    00000138     libc.a : _printfi.c.obj (.text.fcvt)
                  000016c0    0000011a     libclang_rt.builtins.a : divdf3.S.obj (.text)
                  000017da    00000002                            : aeabi_div0.c.obj (.text.__aeabi_idiv0)
                  000017dc    00000104     driverlib.a : dl_timer.o (.text.DL_Timer_initFourCCPWMMode)
                  000018e0    000000fc                 : dl_timer.o (.text.DL_Timer_initTimerMode)
                  000019dc    000000fc     libc.a : _printfi.c.obj (.text._pconv_e)
                  00001ad8    000000ec     ti_msp_dl_config.o (.text.SYSCFG_DL_SYSCTL_SYSPLL_init)
                  00001bc4    000000e4     libclang_rt.builtins.a : muldf3.S.obj (.text)
                  00001ca8    000000dc     driverlib.a : dl_sysctl_mspm0g1x0x_g3x0x.o (.text.DL_SYSCTL_configSYSPLL)
                  00001d84    000000dc     libc.a : s_scalbn.c.obj (.text.scalbn)
                  00001e60    000000d8     libclang_rt.builtins.a : addsf3.S.obj (.text)
                  00001f38    000000b0     empty.o (.text.main)
                  00001fe8    000000a6     pid.o (.text.pid_formula_angle_positional)
                  0000208e    00000002     libclang_rt.builtins.a : aeabi_div0.c.obj (.text.__aeabi_ldiv0)
                  00002090    000000a2                            : udivmoddi4.S.obj (.text)
                  00002132    00000002     --HOLE-- [fill = 0]
                  00002134    0000008c     ti_msp_dl_config.o (.text.SYSCFG_DL_PWM_0_init)
                  000021c0    0000008c     libclang_rt.builtins.a : comparesf2.S.obj (.text)
                  0000224c    0000008c                            : mulsf3.S.obj (.text)
                  000022d8    0000007c     control.o (.text.Control_Angle_Loop)
                  00002354    0000007c     ti_msp_dl_config.o (.text.SYSCFG_DL_initPower)
                  000023d0    0000007c     libc.a : copy_decompress_lzss.c.obj (.text:decompress:lzss)
                  0000244c    00000078     motor.o (.text.Motor_Run)
                  000024c4    00000078     ti_msp_dl_config.o (.text.SYSCFG_DL_SYSCTL_init)
                  0000253c    00000074     libclang_rt.builtins.a : comparedf2.c.obj (.text.__gedf2)
                  000025b0    00000074                            : truncdfsf2.S.obj (.text)
                  00002624    00000068     ti_msp_dl_config.o (.text.SYSCFG_DL_UART_WIT_init)
                  0000268c    00000068     libclang_rt.builtins.a : comparedf2.c.obj (.text.__ledf2)
                  000026f4    00000066     libc.a : _printfi.c.obj (.text._mcpy)
                  0000275a    00000002     --HOLE-- [fill = 0]
                  0000275c    00000064     driverlib.a : dl_sysctl_mspm0g1x0x_g3x0x.o (.text.DL_SYSCTL_setHFCLKSourceHFXTParams)
                  000027c0    0000005c     libc.a : s_frexp.c.obj (.text.frexp)
                  0000281c    0000005a     libclang_rt.builtins.a : aeabi_dcmp.S.obj (.text)
                  00002876    00000002     --HOLE-- [fill = 0]
                  00002878    0000005a                            : aeabi_fcmp.S.obj (.text)
                  000028d2    00000058     libc.a : _ltoa.c.obj (.text.__TI_ltoa)
                  0000292a    00000058            : _printfi.c.obj (.text._pconv_f)
                  00002982    00000002     --HOLE-- [fill = 0]
                  00002984    00000056     libclang_rt.builtins.a : aeabi_idivmod.S.obj (.text)
                  000029da    00000002     --HOLE-- [fill = 0]
                  000029dc    00000054     driverlib.a : dl_uart.o (.text.DL_UART_drainRXFIFO)
                  00002a30    00000054     pid.o (.text.pid_normalize_angle_error)
                  00002a84    00000052     motor.o (.text.Motor_Init)
                  00002ad6    00000052     libc.a : _printfi.c.obj (.text._ecpy)
                  00002b28    00000050     ti_msp_dl_config.o (.text.SYSCFG_DL_DEBUG_init)
                  00002b78    00000050     pid.o (.text.pid_init)
                  00002bc8    0000004c     driverlib.a : dl_dma.o (.text.DL_DMA_initChannel)
                  00002c14    0000004c     ti_msp_dl_config.o (.text.DL_GPIO_initDigitalInputFeatures)
                  00002c60    0000004c     ti_msp_dl_config.o (.text.DL_UART_setBaudRateDivisor)
                  00002cac    0000004a     libclang_rt.builtins.a : fixdfsi.S.obj (.text)
                  00002cf6    00000002     --HOLE-- [fill = 0]
                  00002cf8    00000048     driverlib.a : dl_uart.o (.text.DL_UART_init)
                  00002d40    00000048     pid.o (.text.pid_out_limit)
                  00002d88    00000044     driverlib.a : dl_sysctl_mspm0g1x0x_g3x0x.o (.text.DL_SYSCTL_switchMCLKfromSYSOSCtoHSCLK)
                  00002dcc    00000044     wit.o (.text.WIT_Init)
                  00002e10    00000044     libc.a : atoi.c.obj (.text.atoi)
                  00002e54    00000042     motor.o (.text.motor_dir)
                  00002e96    00000002     --HOLE-- [fill = 0]
                  00002e98    00000040     libclang_rt.builtins.a : aeabi_uidivmod.S.obj (.text)
                  00002ed8    00000040                            : extendsfdf2.S.obj (.text)
                  00002f18    0000003e     pid.o (.text.pid_constrain)
                  00002f56    00000002     --HOLE-- [fill = 0]
                  00002f58    0000003c     ti_msp_dl_config.o (.text.DL_Timer_setCounterControl)
                  00002f94    0000003c     libc.a : autoinit.c.obj (.text:__TI_auto_init_nobinit_nopinit)
                  00002fd0    0000003a     libclang_rt.builtins.a : muldsi3.S.obj (.text)
                  0000300a    00000002     --HOLE-- [fill = 0]
                  0000300c    00000038     ti_msp_dl_config.o (.text.SYSCFG_DL_init)
                  00003044    00000038     libc.a : sprintf.c.obj (.text.sprintf)
                  0000307c    00000038     libclang_rt.builtins.a : fixsfsi.S.obj (.text)
                  000030b4    00000034     ti_msp_dl_config.o (.text.SYSCFG_DL_TIMER_0_init)
                  000030e8    00000030     empty.o (.text.DL_DMA_setTransferSize)
                  00003118    00000030     wit.o (.text.DL_DMA_setTransferSize)
                  00003148    00000030     driverlib.a : dl_uart.o (.text.DL_UART_transmitDataBlocking)
                  00003178    00000030     libclang_rt.builtins.a : comparedf2.c.obj (.text.__unorddf2)
                  000031a8    00000030     libc.a : _printfi.c.obj (.text._fcpy)
                  000031d8    0000002c     empty.o (.text.Send_String)
                  00003204    0000002c     empty.o (.text.__NVIC_EnableIRQ)
                  00003230    0000002c     wit.o (.text.__NVIC_EnableIRQ)
                  0000325c    0000002c     libclang_rt.builtins.a : floatsidf.S.obj (.text)
                  00003288    00000028     control.o (.text.Control_Angle_Init)
                  000032b0    00000028     ti_msp_dl_config.o (.text.DL_Common_updateReg)
                  000032d8    00000028     empty.o (.text.DL_DMA_setDestAddr)
                  00003300    00000028     wit.o (.text.DL_DMA_setDestAddr)
                  00003328    00000028     wit.o (.text.DL_DMA_setSrcAddr)
                  00003350    00000028     ti_msp_dl_config.o (.text.DL_UART_setRXFIFOThreshold)
                  00003378    00000028     libc.a : boot_cortex_m.c.obj (.text:_c_int00_noargs)
                  000033a0    00000026     empty.o (.text.DL_DMA_disableChannel)
                  000033c6    00000026     empty.o (.text.DL_DMA_enableChannel)
                  000033ec    00000026     wit.o (.text.DL_DMA_enableChannel)
                  00003412    00000026     pid.o (.text.pid_calculate_angle_positional)
                  00003438    00000024     empty.o (.text.DL_DMA_getTransferSize)
                  0000345c    00000024     ti_msp_dl_config.o (.text.DL_UART_setRXInterruptTimeout)
                  00003480    00000024     libclang_rt.builtins.a : floatunsidf.S.obj (.text)
                  000034a4    00000024                            : muldi3.S.obj (.text)
                  000034c8    00000022     libc.a : memccpy.c.obj (.text.memccpy)
                  000034ea    00000002     --HOLE-- [fill = 0]
                  000034ec    00000020     ti_msp_dl_config.o (.text.DL_GPIO_initPeripheralInputFunction)
                  0000350c    00000020     ti_msp_dl_config.o (.text.DL_SYSCTL_setFlashWaitState)
                  0000352c    0000001e     ti_msp_dl_config.o (.text.DL_UART_setOversampling)
                  0000354a    0000001e     motor.o (.text.Motor_Coast)
                  00003568    0000001e     libclang_rt.builtins.a : ashldi3.S.obj (.text)
                  00003586    00000002     --HOLE-- [fill = 0]
                  00003588    0000001c     ti_msp_dl_config.o (.text.DL_GPIO_clearInterruptStatus)
                  000035a4    0000001c     ti_msp_dl_config.o (.text.DL_GPIO_enableInterrupt)
                  000035c0    0000001c     ti_msp_dl_config.o (.text.DL_GPIO_initPeripheralOutputFunction)
                  000035dc    0000001c     ti_msp_dl_config.o (.text.DL_GPIO_setLowerPinsPolarity)
                  000035f8    0000001c     driverlib.a : dl_sysctl_mspm0g1x0x_g3x0x.o (.text.DL_SYSCTL_configFCC)
                  00003614    0000001c     ti_msp_dl_config.o (.text.DL_SYSCTL_setFCCPeriods)
                  00003630    0000001c     ti_msp_dl_config.o (.text.DL_SYSCTL_setSYSOSCFreq)
                  0000364c    0000001c     ti_msp_dl_config.o (.text.DL_SYSCTL_setULPCLKDivider)
                  00003668    0000001c     ti_msp_dl_config.o (.text.DL_Timer_enableInterrupt)
                  00003684    0000001c     driverlib.a : dl_timer.o (.text.DL_Timer_setCaptCompUpdateMethod)
                  000036a0    0000001c                 : dl_timer.o (.text.DL_Timer_setClockConfig)
                  000036bc    0000001c     ti_msp_dl_config.o (.text.DL_UART_enableInterrupt)
                  000036d8    0000001c     empty.o (.text.TIMA1_IRQHandler)
                  000036f4    0000001a     libclang_rt.builtins.a : aeabi_memset.S.obj (.text)
                  0000370e    00000002     --HOLE-- [fill = 0]
                  00003710    00000018     ti_msp_dl_config.o (.text.DL_GPIO_enableOutput)
                  00003728    00000018     ti_msp_dl_config.o (.text.DL_GPIO_enablePower)
                  00003740    00000018     ti_msp_dl_config.o (.text.DL_GPIO_initDigitalOutput)
                  00003758    00000018     ti_msp_dl_config.o (.text.DL_GPIO_initPeripheralAnalogFunction)
                  00003770    00000018     ti_msp_dl_config.o (.text.DL_GPIO_reset)
                  00003788    00000018     motor.o (.text.DL_GPIO_setPins)
                  000037a0    00000018     ti_msp_dl_config.o (.text.DL_SYSCTL_setBORThreshold)
                  000037b8    00000018     empty.o (.text.DL_Timer_clearInterruptStatus)
                  000037d0    00000018     ti_msp_dl_config.o (.text.DL_Timer_enablePower)
                  000037e8    00000018     ti_msp_dl_config.o (.text.DL_Timer_reset)
                  00003800    00000018     driverlib.a : dl_timer.o (.text.DL_Timer_setCaptureCompareOutCtl)
                  00003818    00000018     ti_msp_dl_config.o (.text.DL_UART_enableDMAReceiveEvent)
                  00003830    00000018     ti_msp_dl_config.o (.text.DL_UART_enableFIFOs)
                  00003848    00000018     ti_msp_dl_config.o (.text.DL_UART_enablePower)
                  00003860    00000018     empty.o (.text.DL_UART_isRXFIFOEmpty)
                  00003878    00000018     ti_msp_dl_config.o (.text.DL_UART_reset)
                  00003890    00000018     ti_msp_dl_config.o (.text.SYSCFG_DL_DMA_WIT_init)
                  000038a8    00000018     libc.a : sprintf.c.obj (.text._outs)
                  000038c0    00000016     ti_msp_dl_config.o (.text.DL_UART_enable)
                  000038d6    00000016     libc.a : copy_zero_init.c.obj (.text:decompress:ZI:__TI_zero_init_nomemset)
                  000038ec    00000014     motor.o (.text.DL_GPIO_clearPins)
                  00003900    00000014     ti_msp_dl_config.o (.text.DL_GPIO_clearPins)
                  00003914    00000014     ti_msp_dl_config.o (.text.DL_SYSCTL_disableSYSPLL)
                  00003928    00000014     ti_msp_dl_config.o (.text.DL_SYSCTL_enableMFCLK)
                  0000393c    00000014     ti_msp_dl_config.o (.text.DL_SYSCTL_enableSYSPLL)
                  00003950    00000014     ti_msp_dl_config.o (.text.DL_Timer_enableClock)
                  00003964    00000014     ti_msp_dl_config.o (.text.DL_Timer_setCCPDirection)
                  00003978    00000014     empty.o (.text.DL_UART_receiveData)
                  0000398c    00000014     libclang_rt.builtins.a : aeabi_uldivmod.S.obj (.text)
                  000039a0    00000012     driverlib.a : dl_uart.o (.text.DL_UART_setClockConfig)
                  000039b2    00000012     libc.a : _printfi.c.obj (.text.strchr)
                  000039c4    00000012            : memcpy16.S.obj (.text:TI_memcpy_small)
                  000039d6    00000012            : copy_decompress_none.c.obj (.text:decompress:none)
                  000039e8    00000010     ti_msp_dl_config.o (.text.DL_SYSCTL_disableHFXT)
                  000039f8    00000010     ti_msp_dl_config.o (.text.DL_SYSCTL_isFCCDone)
                  00003a08    00000010     ti_msp_dl_config.o (.text.DL_SYSCTL_startFCC)
                  00003a18    00000010     driverlib.a : dl_timer.o (.text.DL_Timer_setCaptureCompareValue)
                  00003a28    00000010     libc.a : wcslen.c.obj (.text.wcslen)
                  00003a38    0000000e            : _printfi.c.obj (.text.strlen)
                  00003a46    0000000e            : memset16.S.obj (.text:TI_memset_small)
                  00003a54    0000000c     ti_msp_dl_config.o (.text.DL_SYSCTL_getClockStatus)
                  00003a60    0000000c     ti_msp_dl_config.o (.text.DL_SYSCTL_readFCC)
                  00003a6c    0000000a     driverlib.a : dl_common.o (.text.DL_Common_delayCycles)
                  00003a76    0000000a     libc.a : _printfi.c.obj (.text.OUTLINED_FUNCTION_0)
                  00003a80    00000010     libclang_rt.builtins.a : adddf3.S.obj (.tramp.__aeabi_dsub.1)
                  00003a90    0000000a     libc.a : _printfi.c.obj (.text.OUTLINED_FUNCTION_1)
                  00003a9a    0000000a            : sprintf.c.obj (.text._outc)
                  00003aa4    00000008     ti_msp_dl_config.o (.text.SYSCFG_DL_DMA_init)
                  00003aac    00000008     libclang_rt.builtins.a : aeabi_ddiv.c.obj (.text.__aeabi_ddiv)
                  00003ab4    00000008                            : aeabi_dmul.c.obj (.text.__aeabi_dmul)
                  00003abc    00000008     libc.a : aeabi_portable.c.obj (.text.__aeabi_errno_addr)
                  00003ac4    00000008     libclang_rt.builtins.a : aeabi_memcpy.S.obj (.text)
                  00003acc    00000006     libc.a : exit.c.obj (.text:abort)
                  00003ad2    00000004     startup_mspm0g350x_ticlang.o (.text.Default_Handler)
                  00003ad6    00000004     libsysbm.a : hostexit.c.obj (.text.HOSTexit)
                  00003ada    00000004     startup_mspm0g350x_ticlang.o (.text.Reset_Handler)
                  00003ade    00000004     libc.a : pre_init.c.obj (.text._system_pre_init)
                  00003ae2    0000000e     --HOLE-- [fill = 0]

.cinit     0    00003ca0    00000030     
                  00003ca0    0000000c     (__TI_handler_table)
                  00003cac    00000008     (.cinit..bss.load) [load image, compression = zero_init]
                  00003cb4    00000007     (.cinit..data.load) [load image, compression = lzss]
                  00003cbb    00000001     --HOLE-- [fill = 0]
                  00003cbc    00000010     (__TI_cinit_table)
                  00003ccc    00000004     --HOLE-- [fill = 0]

.rodata    0    00003af0    000001b0     
                  00003af0    00000101     libc.a : aeabi_ctype.S.obj (.rodata:__aeabi_ctype_table_)
                  00003bf1    00000003     ti_msp_dl_config.o (.rodata.gPWM_0ClockConfig)
                  00003bf4    00000028     ti_msp_dl_config.o (.rodata.gSYSPLLConfig)
                  00003c1c    00000018     ti_msp_dl_config.o (.rodata.gDMA_WITConfig)
                  00003c34    00000014     ti_msp_dl_config.o (.rodata.gTIMER_0TimerConfig)
                  00003c48    00000011     libc.a : _printfi.c.obj (.rodata.str1.10348868589481759720.1)
                  00003c59    00000011            : _printfi.c.obj (.rodata.str1.15363888844622738466.1)
                  00003c6a    0000000e     empty.o (.rodata.str1.9517790425240694019.1)
                  00003c78    0000000a     ti_msp_dl_config.o (.rodata.gDEBUGConfig)
                  00003c82    0000000a     ti_msp_dl_config.o (.rodata.gUART_WITConfig)
                  00003c8c    00000008     ti_msp_dl_config.o (.rodata.gPWM_0Config)
                  00003c94    00000003     ti_msp_dl_config.o (.rodata.gTIMER_0ClockConfig)
                  00003c97    00000002     ti_msp_dl_config.o (.rodata.gDEBUGClockConfig)
                  00003c99    00000002     ti_msp_dl_config.o (.rodata.gUART_WITClockConfig)
                  00003c9b    00000005     --HOLE-- [fill = 0]

.init_array 
*          0    00000000    00000000     UNINITIALIZED

.binit     0    00000000    00000000     

.bss       0    20200000    0000022c     UNINITIALIZED
                  20200000    000000bc     (.common:gPWM_0Backup)
                  202000bc    000000bc     (.common:gTIMER_0Backup)
                  20200178    00000040     (.common:yaw_pid)
                  202001b8    00000021     (.common:wit_dmaBuffer)
                  202001d9    00000003     --HOLE--
                  202001dc    00000020     (.common:wit_data)
                  202001fc    00000018     (.common:motor_left)
                  20200214    00000018     (.common:motor_right)

.data      0    2020022c    00000008     UNINITIALIZED
                  2020022c    00000004     libc.a : aeabi_portable.c.obj (.data.__aeabi_errno)
                  20200230    00000004     timer.o (.data.sys_tick)

.stack     0    20207e00    00000200     UNINITIALIZED
                  20207e00    00000004     libc.a : boot_cortex_m.c.obj (.stack)
                  20207e04    000001fc     --HOLE--

__llvm_prf_cnts 
*          0    20200000    00000000     UNINITIALIZED

__llvm_prf_bits 
*          0    20200000    00000000     UNINITIALIZED

MODULE SUMMARY

       Module                         code    ro data   rw data
       ------                         ----    -------   -------
    ./
       ti_msp_dl_config.o             2476    122       376    
       empty.o                        1432    14        0      
       startup_mspm0g350x_ticlang.o   8       192       0      
    +--+------------------------------+-------+---------+---------+
       Total:                         3916    328       376    
                                                               
    ./APP/CONTROL/
       control.o                      164     0         64     
    +--+------------------------------+-------+---------+---------+
       Total:                         164     0         64     
                                                               
    ./APP/MOTOR/
       motor.o                        342     0         48     
    +--+------------------------------+-------+---------+---------+
       Total:                         342     0         48     
                                                               
    ./APP/PID/
       pid.o                          502     0         0      
    +--+------------------------------+-------+---------+---------+
       Total:                         502     0         0      
                                                               
    ./APP/TIMER/
       timer.o                        2       0         4      
    +--+------------------------------+-------+---------+---------+
       Total:                         2       0         4      
                                                               
    ./APP/WIT/
       wit.o                          278     0         65     
    +--+------------------------------+-------+---------+---------+
       Total:                         278     0         65     
                                                               
    /home/hua/ti/ccs2100/ccs/tools/compiler/ti-cgt-armllvm_5.1.1.LTS/lib/armv6m-ti-none-eabi/c/libc.a
       _printfi.c.obj                 4624    34        0      
       aeabi_ctype.S.obj              0       257       0      
       s_scalbn.c.obj                 220     0         0      
       copy_decompress_lzss.c.obj     124     0         0      
       s_frexp.c.obj                  92      0         0      
       sprintf.c.obj                  90      0         0      
       _ltoa.c.obj                    88      0         0      
       atoi.c.obj                     68      0         0      
       autoinit.c.obj                 60      0         0      
       boot_cortex_m.c.obj            40      0         0      
       memccpy.c.obj                  34      0         0      
       copy_zero_init.c.obj           22      0         0      
       copy_decompress_none.c.obj     18      0         0      
       memcpy16.S.obj                 18      0         0      
       wcslen.c.obj                   16      0         0      
       memset16.S.obj                 14      0         0      
       aeabi_portable.c.obj           8       0         4      
       exit.c.obj                     6       0         0      
       pre_init.c.obj                 4       0         0      
    +--+------------------------------+-------+---------+---------+
       Total:                         5546    291       4      
                                                               
    /home/hua/ti/ccs2100/ccs/tools/compiler/ti-cgt-armllvm_5.1.1.LTS/lib/armv6m-ti-none-eabi/c/libsysbm.a
       hostexit.c.obj                 4       0         0      
    +--+------------------------------+-------+---------+---------+
       Total:                         4       0         0      
                                                               
    /home/hua/ti/ccs2100/ccs/tools/compiler/ti-cgt-armllvm_5.1.1.LTS/lib/armv6m-ti-none-eabi/libclang_rt.builtins.a
       adddf3.S.obj                   418     0         0      
       divdf3.S.obj                   282     0         0      
       comparedf2.c.obj               268     0         0      
       muldf3.S.obj                   228     0         0      
       addsf3.S.obj                   216     0         0      
       udivmoddi4.S.obj               162     0         0      
       comparesf2.S.obj               140     0         0      
       mulsf3.S.obj                   140     0         0      
       truncdfsf2.S.obj               116     0         0      
       aeabi_dcmp.S.obj               90      0         0      
       aeabi_fcmp.S.obj               90      0         0      
       aeabi_idivmod.S.obj            86      0         0      
       fixdfsi.S.obj                  74      0         0      
       aeabi_uidivmod.S.obj           64      0         0      
       extendsfdf2.S.obj              64      0         0      
       muldsi3.S.obj                  58      0         0      
       fixsfsi.S.obj                  56      0         0      
       floatsidf.S.obj                44      0         0      
       floatunsidf.S.obj              36      0         0      
       muldi3.S.obj                   36      0         0      
       ashldi3.S.obj                  30      0         0      
       aeabi_memset.S.obj             26      0         0      
       aeabi_uldivmod.S.obj           20      0         0      
       aeabi_ddiv.c.obj               8       0         0      
       aeabi_dmul.c.obj               8       0         0      
       aeabi_memcpy.S.obj             8       0         0      
       aeabi_div0.c.obj               4       0         0      
    +--+------------------------------+-------+---------+---------+
       Total:                         2772    0         0      
                                                               
    /home/hua/ti/mspm0_sdk_2_11_00_07/source/ti/driverlib/lib/ticlang/m0p/mspm0g1x0x_g3x0x/driverlib.a
       dl_timer.o                     608     0         0      
       dl_sysctl_mspm0g1x0x_g3x0x.o   416     0         0      
       dl_uart.o                      222     0         0      
       dl_dma.o                       76      0         0      
       dl_common.o                    10      0         0      
    +--+------------------------------+-------+---------+---------+
       Total:                         1332    0         0      
                                                               
       Stack:                         0       0         512    
       Linker Generated:              0       43        0      
    +--+------------------------------+-------+---------+---------+
       Grand Total:                   14858   662       1073   


LINKER GENERATED COPY TABLES

__TI_cinit_table @ 00003cbc records: 2, size/record: 8, table size: 16
	.bss: load addr=00003cac, load size=00000008 bytes, run addr=20200000, run size=0000022c bytes, compression=zero_init
	.data: load addr=00003cb4, load size=00000007 bytes, run addr=2020022c, run size=00000008 bytes, compression=lzss


LINKER GENERATED HANDLER TABLE

__TI_handler_table @ 00003ca0 records: 3, size/record: 4, table size: 12
	index: 0, handler: __TI_decompress_lzss
	index: 1, handler: __TI_decompress_none
	index: 2, handler: __TI_zero_init


FAR CALL TRAMPOLINES

callee name               trampoline name
   callee addr  tramp addr   call addr  call info
--------------  -----------  ---------  ----------------
__aeabi_dsub              $Tramp$TT$L$PI$$__aeabi_dsub
   00001291     00003a80     00003a7e   libc.a : _printfi.c.obj (.text.OUTLINED_FUNCTION_0)

[1 trampolines]
[1 trampoline calls]


GLOBAL SYMBOLS: SORTED ALPHABETICALLY BY Name 

address   name                                 
-------   ----                                 
00003ad3  ADC0_IRQHandler                      
00003ad3  ADC1_IRQHandler                      
00003ad3  AES_IRQHandler                       
00003ad6  C$$EXIT                              
00003ad3  CANFD0_IRQHandler                    
00003289  Control_Angle_Init                   
000022d9  Control_Angle_Loop                   
00003ad3  DAC0_IRQHandler                      
00003a6d  DL_Common_delayCycles                
00002bc9  DL_DMA_initChannel                   
000035f9  DL_SYSCTL_configFCC                  
00001ca9  DL_SYSCTL_configSYSPLL               
0000275d  DL_SYSCTL_setHFCLKSourceHFXTParams   
00002d89  DL_SYSCTL_switchMCLKfromSYSOSCtoHSCLK
000017dd  DL_Timer_initFourCCPWMMode           
000018e1  DL_Timer_initTimerMode               
00003685  DL_Timer_setCaptCompUpdateMethod     
00003801  DL_Timer_setCaptureCompareOutCtl     
00003a19  DL_Timer_setCaptureCompareValue      
000036a1  DL_Timer_setClockConfig              
000029dd  DL_UART_drainRXFIFO                  
00002cf9  DL_UART_init                         
000039a1  DL_UART_setClockConfig               
00003149  DL_UART_transmitDataBlocking         
00003ad3  DMA_IRQHandler                       
00003ad3  Default_Handler                      
00003ad3  GROUP0_IRQHandler                    
00003ad3  GROUP1_IRQHandler                    
00003ad7  HOSTexit                             
00003ad3  HardFault_Handler                    
00003ad3  I2C0_IRQHandler                      
00003ad3  I2C1_IRQHandler                      
0000354b  Motor_Coast                          
00002a85  Motor_Init                           
0000244d  Motor_Run                            
00003ad3  NMI_Handler                          
00003ad3  PendSV_Handler                       
00003ad3  RTC_IRQHandler                       
00003adb  Reset_Handler                        
00003ad3  SPI0_IRQHandler                      
00003ad3  SPI1_IRQHandler                      
00003ad3  SVC_Handler                          
00002b29  SYSCFG_DL_DEBUG_init                 
00003891  SYSCFG_DL_DMA_WIT_init               
00003aa5  SYSCFG_DL_DMA_init                   
00001425  SYSCFG_DL_GPIO_init                  
00002135  SYSCFG_DL_PWM_0_init                 
00001ad9  SYSCFG_DL_SYSCTL_SYSPLL_init         
000024c5  SYSCFG_DL_SYSCTL_init                
000030b5  SYSCFG_DL_TIMER_0_init               
00002625  SYSCFG_DL_UART_WIT_init              
0000300d  SYSCFG_DL_init                       
00002355  SYSCFG_DL_initPower                  
000031d9  Send_String                          
00003ad3  SysTick_Handler                      
00003ad3  TIMA0_IRQHandler                     
000036d9  TIMA1_IRQHandler                     
00003ad3  TIMG0_IRQHandler                     
00003ad3  TIMG12_IRQHandler                    
00003ad3  TIMG6_IRQHandler                     
00003ad3  TIMG7_IRQHandler                     
00003ad3  TIMG8_IRQHandler                     
000039c5  TI_memcpy_small                      
00003a47  TI_memset_small                      
00001423  Timer_Init                           
00003ad3  UART0_IRQHandler                     
00003ad3  UART1_IRQHandler                     
00000b3d  UART2_IRQHandler                     
00003ad3  UART3_IRQHandler                     
00002dcd  WIT_Init                             
20208000  __STACK_END                          
00000200  __STACK_SIZE                         
00000000  __TI_ATRegion0_region_sz             
00000000  __TI_ATRegion0_src_addr              
00000000  __TI_ATRegion0_trg_addr              
00000000  __TI_ATRegion1_region_sz             
00000000  __TI_ATRegion1_src_addr              
00000000  __TI_ATRegion1_trg_addr              
00000000  __TI_ATRegion2_region_sz             
00000000  __TI_ATRegion2_src_addr              
00000000  __TI_ATRegion2_trg_addr              
00003cbc  __TI_CINIT_Base                      
00003ccc  __TI_CINIT_Limit                     
00003ccc  __TI_CINIT_Warm                      
00003ca0  __TI_Handler_Table_Base              
00003cac  __TI_Handler_Table_Limit             
00002f95  __TI_auto_init_nobinit_nopinit       
000023d1  __TI_decompress_lzss                 
000039d7  __TI_decompress_none                 
000028d3  __TI_ltoa                            
ffffffff  __TI_pprof_out_hndl                  
000000c1  __TI_printfi                         
ffffffff  __TI_prof_data_size                  
ffffffff  __TI_prof_data_start                 
00000000  __TI_static_base__                   
000038d7  __TI_zero_init_nomemset              
0000129b  __adddf3                             
00001e6b  __addsf3                             
00003af0  __aeabi_ctype_table_                 
00003af0  __aeabi_ctype_table_C                
000025b1  __aeabi_d2f                          
00002cad  __aeabi_d2iz                         
0000129b  __aeabi_dadd                         
0000281d  __aeabi_dcmpeq                       
00002853  __aeabi_dcmpge                       
00002865  __aeabi_dcmpgt                       
00002841  __aeabi_dcmple                       
0000282f  __aeabi_dcmplt                       
00003179  __aeabi_dcmpun                       
00003aad  __aeabi_ddiv                         
00003ab5  __aeabi_dmul                         
00001291  __aeabi_dsub                         
2020022c  __aeabi_errno                        
00003abd  __aeabi_errno_addr                   
00002ed9  __aeabi_f2d                          
0000307d  __aeabi_f2iz                         
00001e6b  __aeabi_fadd                         
00002879  __aeabi_fcmpeq                       
000028af  __aeabi_fcmpge                       
000028c1  __aeabi_fcmpgt                       
0000289d  __aeabi_fcmple                       
0000288b  __aeabi_fcmplt                       
00002237  __aeabi_fcmpun                       
0000224d  __aeabi_fmul                         
00001e61  __aeabi_fsub                         
0000325d  __aeabi_i2d                          
00002985  __aeabi_idiv                         
000017db  __aeabi_idiv0                        
00002985  __aeabi_idivmod                      
0000208f  __aeabi_ldiv0                        
00003569  __aeabi_llsl                         
000034a5  __aeabi_lmul                         
00003703  __aeabi_memclr                       
00003703  __aeabi_memclr4                      
00003703  __aeabi_memclr8                      
00003ac5  __aeabi_memcpy                       
00003ac5  __aeabi_memcpy4                      
00003ac5  __aeabi_memcpy8                      
000036f5  __aeabi_memset                       
000036f5  __aeabi_memset4                      
000036f5  __aeabi_memset8                      
00003481  __aeabi_ui2d                         
00002e99  __aeabi_uidiv                        
00002e99  __aeabi_uidivmod                     
0000398d  __aeabi_uldivmod                     
00003569  __ashldi3                            
ffffffff  __binit__                            
0000268d  __cmpdf2                             
000021c1  __cmpsf2                             
000016c1  __divdf3                             
0000268d  __eqdf2                              
000021c1  __eqsf2                              
00002ed9  __extendsfdf2                        
00002cad  __fixdfsi                            
0000307d  __fixsfsi                            
0000325d  __floatsidf                          
00003481  __floatunsidf                        
0000253d  __gedf2                              
000021fb  __gesf2                              
0000253d  __gtdf2                              
000021fb  __gtsf2                              
0000268d  __ledf2                              
000021c1  __lesf2                              
0000268d  __ltdf2                              
000021c1  __ltsf2                              
UNDEFED   __mpu_init                           
00001bc5  __muldf3                             
000034a5  __muldi3                             
00002fd1  __muldsi3                            
0000224d  __mulsf3                             
0000268d  __nedf2                              
000021c1  __nesf2                              
20207e00  __stack                              
20200000  __start___llvm_prf_bits              
20200000  __start___llvm_prf_cnts              
20200000  __stop___llvm_prf_bits               
20200000  __stop___llvm_prf_cnts               
00001291  __subdf3                             
00001e61  __subsf3                             
000025b1  __truncdfsf2                         
00002091  __udivmoddi4                         
00003179  __unorddf2                           
00002237  __unordsf2                           
00003379  _c_int00_noargs                      
UNDEFED   _system_post_cinit                   
00003adf  _system_pre_init                     
00003acd  abort                                
00002e11  atoi                                 
ffffffff  binit                                
000027c1  frexp                                
000027c1  frexpl                               
20200000  gPWM_0Backup                         
202000bc  gTIMER_0Backup                       
00000000  interruptVectors                     
00001d85  ldexp                                
00001d85  ldexpl                               
00001f39  main                                 
000034c9  memccpy                              
202001fc  motor_left                           
20200214  motor_right                          
00003413  pid_calculate_angle_positional       
00002f19  pid_constrain                        
00002b79  pid_init                             
00001d85  scalbn                               
00001d85  scalbnl                              
00003045  sprintf                              
20200230  sys_tick                             
00003a29  wcslen                               
202001dc  wit_data                             
202001b8  wit_dmaBuffer                        
20200178  yaw_pid                              


GLOBAL SYMBOLS: SORTED BY Symbol Address 

address   name                                 
-------   ----                                 
00000000  __TI_ATRegion0_region_sz             
00000000  __TI_ATRegion0_src_addr              
00000000  __TI_ATRegion0_trg_addr              
00000000  __TI_ATRegion1_region_sz             
00000000  __TI_ATRegion1_src_addr              
00000000  __TI_ATRegion1_trg_addr              
00000000  __TI_ATRegion2_region_sz             
00000000  __TI_ATRegion2_src_addr              
00000000  __TI_ATRegion2_trg_addr              
00000000  __TI_static_base__                   
00000000  interruptVectors                     
000000c1  __TI_printfi                         
00000200  __STACK_SIZE                         
00000b3d  UART2_IRQHandler                     
00001291  __aeabi_dsub                         
00001291  __subdf3                             
0000129b  __adddf3                             
0000129b  __aeabi_dadd                         
00001423  Timer_Init                           
00001425  SYSCFG_DL_GPIO_init                  
000016c1  __divdf3                             
000017db  __aeabi_idiv0                        
000017dd  DL_Timer_initFourCCPWMMode           
000018e1  DL_Timer_initTimerMode               
00001ad9  SYSCFG_DL_SYSCTL_SYSPLL_init         
00001bc5  __muldf3                             
00001ca9  DL_SYSCTL_configSYSPLL               
00001d85  ldexp                                
00001d85  ldexpl                               
00001d85  scalbn                               
00001d85  scalbnl                              
00001e61  __aeabi_fsub                         
00001e61  __subsf3                             
00001e6b  __addsf3                             
00001e6b  __aeabi_fadd                         
00001f39  main                                 
0000208f  __aeabi_ldiv0                        
00002091  __udivmoddi4                         
00002135  SYSCFG_DL_PWM_0_init                 
000021c1  __cmpsf2                             
000021c1  __eqsf2                              
000021c1  __lesf2                              
000021c1  __ltsf2                              
000021c1  __nesf2                              
000021fb  __gesf2                              
000021fb  __gtsf2                              
00002237  __aeabi_fcmpun                       
00002237  __unordsf2                           
0000224d  __aeabi_fmul                         
0000224d  __mulsf3                             
000022d9  Control_Angle_Loop                   
00002355  SYSCFG_DL_initPower                  
000023d1  __TI_decompress_lzss                 
0000244d  Motor_Run                            
000024c5  SYSCFG_DL_SYSCTL_init                
0000253d  __gedf2                              
0000253d  __gtdf2                              
000025b1  __aeabi_d2f                          
000025b1  __truncdfsf2                         
00002625  SYSCFG_DL_UART_WIT_init              
0000268d  __cmpdf2                             
0000268d  __eqdf2                              
0000268d  __ledf2                              
0000268d  __ltdf2                              
0000268d  __nedf2                              
0000275d  DL_SYSCTL_setHFCLKSourceHFXTParams   
000027c1  frexp                                
000027c1  frexpl                               
0000281d  __aeabi_dcmpeq                       
0000282f  __aeabi_dcmplt                       
00002841  __aeabi_dcmple                       
00002853  __aeabi_dcmpge                       
00002865  __aeabi_dcmpgt                       
00002879  __aeabi_fcmpeq                       
0000288b  __aeabi_fcmplt                       
0000289d  __aeabi_fcmple                       
000028af  __aeabi_fcmpge                       
000028c1  __aeabi_fcmpgt                       
000028d3  __TI_ltoa                            
00002985  __aeabi_idiv                         
00002985  __aeabi_idivmod                      
000029dd  DL_UART_drainRXFIFO                  
00002a85  Motor_Init                           
00002b29  SYSCFG_DL_DEBUG_init                 
00002b79  pid_init                             
00002bc9  DL_DMA_initChannel                   
00002cad  __aeabi_d2iz                         
00002cad  __fixdfsi                            
00002cf9  DL_UART_init                         
00002d89  DL_SYSCTL_switchMCLKfromSYSOSCtoHSCLK
00002dcd  WIT_Init                             
00002e11  atoi                                 
00002e99  __aeabi_uidiv                        
00002e99  __aeabi_uidivmod                     
00002ed9  __aeabi_f2d                          
00002ed9  __extendsfdf2                        
00002f19  pid_constrain                        
00002f95  __TI_auto_init_nobinit_nopinit       
00002fd1  __muldsi3                            
0000300d  SYSCFG_DL_init                       
00003045  sprintf                              
0000307d  __aeabi_f2iz                         
0000307d  __fixsfsi                            
000030b5  SYSCFG_DL_TIMER_0_init               
00003149  DL_UART_transmitDataBlocking         
00003179  __aeabi_dcmpun                       
00003179  __unorddf2                           
000031d9  Send_String                          
0000325d  __aeabi_i2d                          
0000325d  __floatsidf                          
00003289  Control_Angle_Init                   
00003379  _c_int00_noargs                      
00003413  pid_calculate_angle_positional       
00003481  __aeabi_ui2d                         
00003481  __floatunsidf                        
000034a5  __aeabi_lmul                         
000034a5  __muldi3                             
000034c9  memccpy                              
0000354b  Motor_Coast                          
00003569  __aeabi_llsl                         
00003569  __ashldi3                            
000035f9  DL_SYSCTL_configFCC                  
00003685  DL_Timer_setCaptCompUpdateMethod     
000036a1  DL_Timer_setClockConfig              
000036d9  TIMA1_IRQHandler                     
000036f5  __aeabi_memset                       
000036f5  __aeabi_memset4                      
000036f5  __aeabi_memset8                      
00003703  __aeabi_memclr                       
00003703  __aeabi_memclr4                      
00003703  __aeabi_memclr8                      
00003801  DL_Timer_setCaptureCompareOutCtl     
00003891  SYSCFG_DL_DMA_WIT_init               
000038d7  __TI_zero_init_nomemset              
0000398d  __aeabi_uldivmod                     
000039a1  DL_UART_setClockConfig               
000039c5  TI_memcpy_small                      
000039d7  __TI_decompress_none                 
00003a19  DL_Timer_setCaptureCompareValue      
00003a29  wcslen                               
00003a47  TI_memset_small                      
00003a6d  DL_Common_delayCycles                
00003aa5  SYSCFG_DL_DMA_init                   
00003aad  __aeabi_ddiv                         
00003ab5  __aeabi_dmul                         
00003abd  __aeabi_errno_addr                   
00003ac5  __aeabi_memcpy                       
00003ac5  __aeabi_memcpy4                      
00003ac5  __aeabi_memcpy8                      
00003acd  abort                                
00003ad3  ADC0_IRQHandler                      
00003ad3  ADC1_IRQHandler                      
00003ad3  AES_IRQHandler                       
00003ad3  CANFD0_IRQHandler                    
00003ad3  DAC0_IRQHandler                      
00003ad3  DMA_IRQHandler                       
00003ad3  Default_Handler                      
00003ad3  GROUP0_IRQHandler                    
00003ad3  GROUP1_IRQHandler                    
00003ad3  HardFault_Handler                    
00003ad3  I2C0_IRQHandler                      
00003ad3  I2C1_IRQHandler                      
00003ad3  NMI_Handler                          
00003ad3  PendSV_Handler                       
00003ad3  RTC_IRQHandler                       
00003ad3  SPI0_IRQHandler                      
00003ad3  SPI1_IRQHandler                      
00003ad3  SVC_Handler                          
00003ad3  SysTick_Handler                      
00003ad3  TIMA0_IRQHandler                     
00003ad3  TIMG0_IRQHandler                     
00003ad3  TIMG12_IRQHandler                    
00003ad3  TIMG6_IRQHandler                     
00003ad3  TIMG7_IRQHandler                     
00003ad3  TIMG8_IRQHandler                     
00003ad3  UART0_IRQHandler                     
00003ad3  UART1_IRQHandler                     
00003ad3  UART3_IRQHandler                     
00003ad6  C$$EXIT                              
00003ad7  HOSTexit                             
00003adb  Reset_Handler                        
00003adf  _system_pre_init                     
00003af0  __aeabi_ctype_table_                 
00003af0  __aeabi_ctype_table_C                
00003ca0  __TI_Handler_Table_Base              
00003cac  __TI_Handler_Table_Limit             
00003cbc  __TI_CINIT_Base                      
00003ccc  __TI_CINIT_Limit                     
00003ccc  __TI_CINIT_Warm                      
20200000  __start___llvm_prf_bits              
20200000  __start___llvm_prf_cnts              
20200000  __stop___llvm_prf_bits               
20200000  __stop___llvm_prf_cnts               
20200000  gPWM_0Backup                         
202000bc  gTIMER_0Backup                       
20200178  yaw_pid                              
202001b8  wit_dmaBuffer                        
202001dc  wit_data                             
202001fc  motor_left                           
20200214  motor_right                          
2020022c  __aeabi_errno                        
20200230  sys_tick                             
20207e00  __stack                              
20208000  __STACK_END                          
ffffffff  __TI_pprof_out_hndl                  
ffffffff  __TI_prof_data_size                  
ffffffff  __TI_prof_data_start                 
ffffffff  __binit__                            
ffffffff  binit                                
UNDEFED   __mpu_init                           
UNDEFED   _system_post_cinit                   

[211 symbols]
