<?xml version="1.0" encoding="ISO-8859-1" ?>
<link_info>
   <banner>TI ARM Clang Linker Unix v5.1.1.LTS</banner>
   <copyright>Copyright (c) 1996-2018 Texas Instruments Incorporated</copyright>
   <command_line>/home/hua/ti/ccs2100/ccs/tools/compiler/ti-cgt-armllvm_5.1.1.LTS/bin/tiarmlnk -I/home/hua/ti/ccs2100/ccs/tools/compiler/ti-cgt-armllvm_5.1.1.LTS/lib -o hwt101+IDLE+Ringbuf.out --cg_opt_level=0 -mhwt101+IDLE+Ringbuf.map -i/home/hua/ti/mspm0_sdk_2_11_00_07/source -i/home/hua/workspace_ccstheia/hwt101+IDLE+Ringbuf -i/home/hua/workspace_ccstheia/hwt101+IDLE+Ringbuf/Debug/syscfg -i/home/hua/ti/ccs2100/ccs/tools/compiler/ti-cgt-armllvm_5.1.1.LTS/lib --diag_wrap=off --display_error_number --warn_sections --xml_link_info=hwt101+IDLE+Ringbuf_linkInfo.xml --rom_model ./empty.o ./ti_msp_dl_config.o ./startup_mspm0g350x_ticlang.o ./APP/MOTOR/motor.o ./APP/TIMER/timer.o ./APP/WIT/wit.o -l./device_linker.cmd -ldevice.cmd.genlibs -llibc.a --start-group -llibc++.a -llibc++abi.a -llibc.a -llibsys.a -llibsysbm.a -llibclang_rt.builtins.a -llibclang_rt.profile.a --end-group</command_line>
   <link_time>0x6a6314d6</link_time>
   <link_errors>0x0</link_errors>
   <output_file>/home/hua/workspace_ccstheia/hwt101+IDLE+Ringbuf/Debug/hwt101+IDLE+Ringbuf.out</output_file>
   <entry_point>
      <name>_c_int00_noargs</name>
      <address>0x2dbd</address>
   </entry_point>
   <input_file_list>
      <input_file id="fl-1">
         <path>/home/hua/workspace_ccstheia/hwt101+IDLE+Ringbuf/Debug/./</path>
         <kind>object</kind>
         <file>empty.o</file>
         <name>empty.o</name>
      </input_file>
      <input_file id="fl-2">
         <path>/home/hua/workspace_ccstheia/hwt101+IDLE+Ringbuf/Debug/./</path>
         <kind>object</kind>
         <file>ti_msp_dl_config.o</file>
         <name>ti_msp_dl_config.o</name>
      </input_file>
      <input_file id="fl-3">
         <path>/home/hua/workspace_ccstheia/hwt101+IDLE+Ringbuf/Debug/./</path>
         <kind>object</kind>
         <file>startup_mspm0g350x_ticlang.o</file>
         <name>startup_mspm0g350x_ticlang.o</name>
      </input_file>
      <input_file id="fl-4">
         <path>/home/hua/workspace_ccstheia/hwt101+IDLE+Ringbuf/Debug/./APP/MOTOR/</path>
         <kind>object</kind>
         <file>motor.o</file>
         <name>motor.o</name>
      </input_file>
      <input_file id="fl-5">
         <path>/home/hua/workspace_ccstheia/hwt101+IDLE+Ringbuf/Debug/./APP/TIMER/</path>
         <kind>object</kind>
         <file>timer.o</file>
         <name>timer.o</name>
      </input_file>
      <input_file id="fl-6">
         <path>/home/hua/workspace_ccstheia/hwt101+IDLE+Ringbuf/Debug/./APP/WIT/</path>
         <kind>object</kind>
         <file>wit.o</file>
         <name>wit.o</name>
      </input_file>
      <input_file id="fl-13">
         <path>/home/hua/workspace_ccstheia/hwt101+IDLE+Ringbuf/Debug/</path>
         <kind>object</kind>
         <file>&lt;internal&gt;</file>
         <name>&lt;internal&gt;</name>
      </input_file>
      <input_file id="fl-14">
         <path>/home/hua/ti/mspm0_sdk_2_11_00_07/source/ti/driverlib/lib/ticlang/m0p/mspm0g1x0x_g3x0x/</path>
         <kind>archive</kind>
         <file>driverlib.a</file>
         <name>dl_common.o</name>
      </input_file>
      <input_file id="fl-15">
         <path>/home/hua/ti/mspm0_sdk_2_11_00_07/source/ti/driverlib/lib/ticlang/m0p/mspm0g1x0x_g3x0x/</path>
         <kind>archive</kind>
         <file>driverlib.a</file>
         <name>dl_dma.o</name>
      </input_file>
      <input_file id="fl-16">
         <path>/home/hua/ti/mspm0_sdk_2_11_00_07/source/ti/driverlib/lib/ticlang/m0p/mspm0g1x0x_g3x0x/</path>
         <kind>archive</kind>
         <file>driverlib.a</file>
         <name>dl_timer.o</name>
      </input_file>
      <input_file id="fl-17">
         <path>/home/hua/ti/mspm0_sdk_2_11_00_07/source/ti/driverlib/lib/ticlang/m0p/mspm0g1x0x_g3x0x/</path>
         <kind>archive</kind>
         <file>driverlib.a</file>
         <name>dl_uart.o</name>
      </input_file>
      <input_file id="fl-18">
         <path>/home/hua/ti/mspm0_sdk_2_11_00_07/source/ti/driverlib/lib/ticlang/m0p/mspm0g1x0x_g3x0x/</path>
         <kind>archive</kind>
         <file>driverlib.a</file>
         <name>dl_sysctl_mspm0g1x0x_g3x0x.o</name>
      </input_file>
      <input_file id="fl-35">
         <path>/home/hua/ti/ccs2100/ccs/tools/compiler/ti-cgt-armllvm_5.1.1.LTS/lib/armv6m-ti-none-eabi/c/</path>
         <kind>archive</kind>
         <file>libc.a</file>
         <name>sprintf.c.obj</name>
      </input_file>
      <input_file id="fl-36">
         <path>/home/hua/ti/ccs2100/ccs/tools/compiler/ti-cgt-armllvm_5.1.1.LTS/lib/armv6m-ti-none-eabi/c/</path>
         <kind>archive</kind>
         <file>libc.a</file>
         <name>copy_zero_init.c.obj</name>
      </input_file>
      <input_file id="fl-37">
         <path>/home/hua/ti/ccs2100/ccs/tools/compiler/ti-cgt-armllvm_5.1.1.LTS/lib/armv6m-ti-none-eabi/c/</path>
         <kind>archive</kind>
         <file>libc.a</file>
         <name>copy_decompress_none.c.obj</name>
      </input_file>
      <input_file id="fl-38">
         <path>/home/hua/ti/ccs2100/ccs/tools/compiler/ti-cgt-armllvm_5.1.1.LTS/lib/armv6m-ti-none-eabi/c/</path>
         <kind>archive</kind>
         <file>libc.a</file>
         <name>copy_decompress_lzss.c.obj</name>
      </input_file>
      <input_file id="fl-39">
         <path>/home/hua/ti/ccs2100/ccs/tools/compiler/ti-cgt-armllvm_5.1.1.LTS/lib/armv6m-ti-none-eabi/c/</path>
         <kind>archive</kind>
         <file>libc.a</file>
         <name>boot_cortex_m.c.obj</name>
      </input_file>
      <input_file id="fl-3a">
         <path>/home/hua/ti/ccs2100/ccs/tools/compiler/ti-cgt-armllvm_5.1.1.LTS/lib/armv6m-ti-none-eabi/c/</path>
         <kind>archive</kind>
         <file>libc.a</file>
         <name>mathacl_init.c.obj</name>
      </input_file>
      <input_file id="fl-3b">
         <path>/home/hua/ti/ccs2100/ccs/tools/compiler/ti-cgt-armllvm_5.1.1.LTS/lib/armv6m-ti-none-eabi/c/</path>
         <kind>archive</kind>
         <file>libc.a</file>
         <name>_printfi.c.obj</name>
      </input_file>
      <input_file id="fl-3c">
         <path>/home/hua/ti/ccs2100/ccs/tools/compiler/ti-cgt-armllvm_5.1.1.LTS/lib/armv6m-ti-none-eabi/c/</path>
         <kind>archive</kind>
         <file>libc.a</file>
         <name>aeabi_portable.c.obj</name>
      </input_file>
      <input_file id="fl-3d">
         <path>/home/hua/ti/ccs2100/ccs/tools/compiler/ti-cgt-armllvm_5.1.1.LTS/lib/armv6m-ti-none-eabi/c/</path>
         <kind>archive</kind>
         <file>libc.a</file>
         <name>exit.c.obj</name>
      </input_file>
      <input_file id="fl-3e">
         <path>/home/hua/ti/ccs2100/ccs/tools/compiler/ti-cgt-armllvm_5.1.1.LTS/lib/armv6m-ti-none-eabi/c/</path>
         <kind>archive</kind>
         <file>libc.a</file>
         <name>_lock.c.obj</name>
      </input_file>
      <input_file id="fl-3f">
         <path>/home/hua/ti/ccs2100/ccs/tools/compiler/ti-cgt-armllvm_5.1.1.LTS/lib/armv6m-ti-none-eabi/c/</path>
         <kind>archive</kind>
         <file>libc.a</file>
         <name>_ltoa.c.obj</name>
      </input_file>
      <input_file id="fl-40">
         <path>/home/hua/ti/ccs2100/ccs/tools/compiler/ti-cgt-armllvm_5.1.1.LTS/lib/armv6m-ti-none-eabi/c/</path>
         <kind>archive</kind>
         <file>libc.a</file>
         <name>args_main.c.obj</name>
      </input_file>
      <input_file id="fl-41">
         <path>/home/hua/ti/ccs2100/ccs/tools/compiler/ti-cgt-armllvm_5.1.1.LTS/lib/armv6m-ti-none-eabi/c/</path>
         <kind>archive</kind>
         <file>libc.a</file>
         <name>assert.c.obj</name>
      </input_file>
      <input_file id="fl-42">
         <path>/home/hua/ti/ccs2100/ccs/tools/compiler/ti-cgt-armllvm_5.1.1.LTS/lib/armv6m-ti-none-eabi/c/</path>
         <kind>archive</kind>
         <file>libc.a</file>
         <name>atoi.c.obj</name>
      </input_file>
      <input_file id="fl-43">
         <path>/home/hua/ti/ccs2100/ccs/tools/compiler/ti-cgt-armllvm_5.1.1.LTS/lib/armv6m-ti-none-eabi/c/</path>
         <kind>archive</kind>
         <file>libc.a</file>
         <name>defs.c.obj</name>
      </input_file>
      <input_file id="fl-44">
         <path>/home/hua/ti/ccs2100/ccs/tools/compiler/ti-cgt-armllvm_5.1.1.LTS/lib/armv6m-ti-none-eabi/c/</path>
         <kind>archive</kind>
         <file>libc.a</file>
         <name>memccpy.c.obj</name>
      </input_file>
      <input_file id="fl-45">
         <path>/home/hua/ti/ccs2100/ccs/tools/compiler/ti-cgt-armllvm_5.1.1.LTS/lib/armv6m-ti-none-eabi/c/</path>
         <kind>archive</kind>
         <file>libc.a</file>
         <name>memory.c.obj</name>
      </input_file>
      <input_file id="fl-46">
         <path>/home/hua/ti/ccs2100/ccs/tools/compiler/ti-cgt-armllvm_5.1.1.LTS/lib/armv6m-ti-none-eabi/c/</path>
         <kind>archive</kind>
         <file>libc.a</file>
         <name>autoinit.c.obj</name>
      </input_file>
      <input_file id="fl-47">
         <path>/home/hua/ti/ccs2100/ccs/tools/compiler/ti-cgt-armllvm_5.1.1.LTS/lib/armv6m-ti-none-eabi/c/</path>
         <kind>archive</kind>
         <file>libc.a</file>
         <name>pre_init.c.obj</name>
      </input_file>
      <input_file id="fl-48">
         <path>/home/hua/ti/ccs2100/ccs/tools/compiler/ti-cgt-armllvm_5.1.1.LTS/lib/armv6m-ti-none-eabi/c/</path>
         <kind>archive</kind>
         <file>libc.a</file>
         <name>cpy_tbl.c.obj</name>
      </input_file>
      <input_file id="fl-49">
         <path>/home/hua/ti/ccs2100/ccs/tools/compiler/ti-cgt-armllvm_5.1.1.LTS/lib/armv6m-ti-none-eabi/c/</path>
         <kind>archive</kind>
         <file>libc.a</file>
         <name>s_frexp.c.obj</name>
      </input_file>
      <input_file id="fl-4a">
         <path>/home/hua/ti/ccs2100/ccs/tools/compiler/ti-cgt-armllvm_5.1.1.LTS/lib/armv6m-ti-none-eabi/c/</path>
         <kind>archive</kind>
         <file>libc.a</file>
         <name>s_scalbn.c.obj</name>
      </input_file>
      <input_file id="fl-4b">
         <path>/home/hua/ti/ccs2100/ccs/tools/compiler/ti-cgt-armllvm_5.1.1.LTS/lib/armv6m-ti-none-eabi/c/</path>
         <kind>archive</kind>
         <file>libc.a</file>
         <name>wcslen.c.obj</name>
      </input_file>
      <input_file id="fl-4c">
         <path>/home/hua/ti/ccs2100/ccs/tools/compiler/ti-cgt-armllvm_5.1.1.LTS/lib/armv6m-ti-none-eabi/c/</path>
         <kind>archive</kind>
         <file>libc.a</file>
         <name>fflush.c.obj</name>
      </input_file>
      <input_file id="fl-4d">
         <path>/home/hua/ti/ccs2100/ccs/tools/compiler/ti-cgt-armllvm_5.1.1.LTS/lib/armv6m-ti-none-eabi/c/</path>
         <kind>archive</kind>
         <file>libc.a</file>
         <name>fputs.c.obj</name>
      </input_file>
      <input_file id="fl-4e">
         <path>/home/hua/ti/ccs2100/ccs/tools/compiler/ti-cgt-armllvm_5.1.1.LTS/lib/armv6m-ti-none-eabi/c/</path>
         <kind>archive</kind>
         <file>libc.a</file>
         <name>_io_perm.c.obj</name>
      </input_file>
      <input_file id="fl-4f">
         <path>/home/hua/ti/ccs2100/ccs/tools/compiler/ti-cgt-armllvm_5.1.1.LTS/lib/armv6m-ti-none-eabi/c/</path>
         <kind>archive</kind>
         <file>libc.a</file>
         <name>setvbuf.c.obj</name>
      </input_file>
      <input_file id="fl-50">
         <path>/home/hua/ti/ccs2100/ccs/tools/compiler/ti-cgt-armllvm_5.1.1.LTS/lib/armv6m-ti-none-eabi/c/</path>
         <kind>archive</kind>
         <file>libc.a</file>
         <name>aeabi_ctype.S.obj</name>
      </input_file>
      <input_file id="fl-51">
         <path>/home/hua/ti/ccs2100/ccs/tools/compiler/ti-cgt-armllvm_5.1.1.LTS/lib/armv6m-ti-none-eabi/c/</path>
         <kind>archive</kind>
         <file>libc.a</file>
         <name>fopen.c.obj</name>
      </input_file>
      <input_file id="fl-52">
         <path>/home/hua/ti/ccs2100/ccs/tools/compiler/ti-cgt-armllvm_5.1.1.LTS/lib/armv6m-ti-none-eabi/c/</path>
         <kind>archive</kind>
         <file>libc.a</file>
         <name>fseek.c.obj</name>
      </input_file>
      <input_file id="fl-53">
         <path>/home/hua/ti/ccs2100/ccs/tools/compiler/ti-cgt-armllvm_5.1.1.LTS/lib/armv6m-ti-none-eabi/c/</path>
         <kind>archive</kind>
         <file>libc.a</file>
         <name>fclose.c.obj</name>
      </input_file>
      <input_file id="fl-147">
         <path>/home/hua/ti/ccs2100/ccs/tools/compiler/ti-cgt-armllvm_5.1.1.LTS/lib/armv6m-ti-none-eabi/c/</path>
         <kind>archive</kind>
         <file>libsysbm.a</file>
         <name>hostexit.c.obj</name>
      </input_file>
      <input_file id="fl-148">
         <path>/home/hua/ti/ccs2100/ccs/tools/compiler/ti-cgt-armllvm_5.1.1.LTS/lib/armv6m-ti-none-eabi/c/</path>
         <kind>archive</kind>
         <file>libsysbm.a</file>
         <name>write.c.obj</name>
      </input_file>
      <input_file id="fl-149">
         <path>/home/hua/ti/ccs2100/ccs/tools/compiler/ti-cgt-armllvm_5.1.1.LTS/lib/armv6m-ti-none-eabi/c/</path>
         <kind>archive</kind>
         <file>libsysbm.a</file>
         <name>host_device.c.obj</name>
      </input_file>
      <input_file id="fl-14a">
         <path>/home/hua/ti/ccs2100/ccs/tools/compiler/ti-cgt-armllvm_5.1.1.LTS/lib/armv6m-ti-none-eabi/c/</path>
         <kind>archive</kind>
         <file>libsysbm.a</file>
         <name>remove.c.obj</name>
      </input_file>
      <input_file id="fl-14b">
         <path>/home/hua/ti/ccs2100/ccs/tools/compiler/ti-cgt-armllvm_5.1.1.LTS/lib/armv6m-ti-none-eabi/c/</path>
         <kind>archive</kind>
         <file>libsysbm.a</file>
         <name>open.c.obj</name>
      </input_file>
      <input_file id="fl-14c">
         <path>/home/hua/ti/ccs2100/ccs/tools/compiler/ti-cgt-armllvm_5.1.1.LTS/lib/armv6m-ti-none-eabi/c/</path>
         <kind>archive</kind>
         <file>libsysbm.a</file>
         <name>lseek.c.obj</name>
      </input_file>
      <input_file id="fl-14d">
         <path>/home/hua/ti/ccs2100/ccs/tools/compiler/ti-cgt-armllvm_5.1.1.LTS/lib/armv6m-ti-none-eabi/c/</path>
         <kind>archive</kind>
         <file>libsysbm.a</file>
         <name>close.c.obj</name>
      </input_file>
      <input_file id="fl-14e">
         <path>/home/hua/ti/ccs2100/ccs/tools/compiler/ti-cgt-armllvm_5.1.1.LTS/lib/armv6m-ti-none-eabi/c/</path>
         <kind>archive</kind>
         <file>libsysbm.a</file>
         <name>unlink.c.obj</name>
      </input_file>
      <input_file id="fl-14f">
         <path>/home/hua/ti/ccs2100/ccs/tools/compiler/ti-cgt-armllvm_5.1.1.LTS/lib/armv6m-ti-none-eabi/c/</path>
         <kind>archive</kind>
         <file>libsysbm.a</file>
         <name>hostclose.c.obj</name>
      </input_file>
      <input_file id="fl-150">
         <path>/home/hua/ti/ccs2100/ccs/tools/compiler/ti-cgt-armllvm_5.1.1.LTS/lib/armv6m-ti-none-eabi/c/</path>
         <kind>archive</kind>
         <file>libsysbm.a</file>
         <name>hostlseek.c.obj</name>
      </input_file>
      <input_file id="fl-151">
         <path>/home/hua/ti/ccs2100/ccs/tools/compiler/ti-cgt-armllvm_5.1.1.LTS/lib/armv6m-ti-none-eabi/c/</path>
         <kind>archive</kind>
         <file>libsysbm.a</file>
         <name>hostopen.c.obj</name>
      </input_file>
      <input_file id="fl-152">
         <path>/home/hua/ti/ccs2100/ccs/tools/compiler/ti-cgt-armllvm_5.1.1.LTS/lib/armv6m-ti-none-eabi/c/</path>
         <kind>archive</kind>
         <file>libsysbm.a</file>
         <name>hostread.c.obj</name>
      </input_file>
      <input_file id="fl-153">
         <path>/home/hua/ti/ccs2100/ccs/tools/compiler/ti-cgt-armllvm_5.1.1.LTS/lib/armv6m-ti-none-eabi/c/</path>
         <kind>archive</kind>
         <file>libsysbm.a</file>
         <name>hostrename.c.obj</name>
      </input_file>
      <input_file id="fl-154">
         <path>/home/hua/ti/ccs2100/ccs/tools/compiler/ti-cgt-armllvm_5.1.1.LTS/lib/armv6m-ti-none-eabi/c/</path>
         <kind>archive</kind>
         <file>libsysbm.a</file>
         <name>hostunlink.c.obj</name>
      </input_file>
      <input_file id="fl-155">
         <path>/home/hua/ti/ccs2100/ccs/tools/compiler/ti-cgt-armllvm_5.1.1.LTS/lib/armv6m-ti-none-eabi/c/</path>
         <kind>archive</kind>
         <file>libsysbm.a</file>
         <name>hostwrite.c.obj</name>
      </input_file>
      <input_file id="fl-156">
         <path>/home/hua/ti/ccs2100/ccs/tools/compiler/ti-cgt-armllvm_5.1.1.LTS/lib/armv6m-ti-none-eabi/c/</path>
         <kind>archive</kind>
         <file>libsysbm.a</file>
         <name>trgmsg.c.obj</name>
      </input_file>
      <input_file id="fl-157">
         <path>/home/hua/ti/ccs2100/ccs/tools/compiler/ti-cgt-armllvm_5.1.1.LTS/lib/armv6m-ti-none-eabi/</path>
         <kind>archive</kind>
         <file>libclang_rt.builtins.a</file>
         <name>adddf3.S.obj</name>
      </input_file>
      <input_file id="fl-158">
         <path>/home/hua/ti/ccs2100/ccs/tools/compiler/ti-cgt-armllvm_5.1.1.LTS/lib/armv6m-ti-none-eabi/</path>
         <kind>archive</kind>
         <file>libclang_rt.builtins.a</file>
         <name>extendsfdf2.S.obj</name>
      </input_file>
      <input_file id="fl-159">
         <path>/home/hua/ti/ccs2100/ccs/tools/compiler/ti-cgt-armllvm_5.1.1.LTS/lib/armv6m-ti-none-eabi/</path>
         <kind>archive</kind>
         <file>libclang_rt.builtins.a</file>
         <name>fixdfsi.S.obj</name>
      </input_file>
      <input_file id="fl-15a">
         <path>/home/hua/ti/ccs2100/ccs/tools/compiler/ti-cgt-armllvm_5.1.1.LTS/lib/armv6m-ti-none-eabi/</path>
         <kind>archive</kind>
         <file>libclang_rt.builtins.a</file>
         <name>floatsidf.S.obj</name>
      </input_file>
      <input_file id="fl-15b">
         <path>/home/hua/ti/ccs2100/ccs/tools/compiler/ti-cgt-armllvm_5.1.1.LTS/lib/armv6m-ti-none-eabi/</path>
         <kind>archive</kind>
         <file>libclang_rt.builtins.a</file>
         <name>floatunsidf.S.obj</name>
      </input_file>
      <input_file id="fl-15c">
         <path>/home/hua/ti/ccs2100/ccs/tools/compiler/ti-cgt-armllvm_5.1.1.LTS/lib/armv6m-ti-none-eabi/</path>
         <kind>archive</kind>
         <file>libclang_rt.builtins.a</file>
         <name>muldi3.S.obj</name>
      </input_file>
      <input_file id="fl-15d">
         <path>/home/hua/ti/ccs2100/ccs/tools/compiler/ti-cgt-armllvm_5.1.1.LTS/lib/armv6m-ti-none-eabi/</path>
         <kind>archive</kind>
         <file>libclang_rt.builtins.a</file>
         <name>truncdfsf2.S.obj</name>
      </input_file>
      <input_file id="fl-15e">
         <path>/home/hua/ti/ccs2100/ccs/tools/compiler/ti-cgt-armllvm_5.1.1.LTS/lib/armv6m-ti-none-eabi/</path>
         <kind>archive</kind>
         <file>libclang_rt.builtins.a</file>
         <name>comparedf2.c.obj</name>
      </input_file>
      <input_file id="fl-15f">
         <path>/home/hua/ti/ccs2100/ccs/tools/compiler/ti-cgt-armllvm_5.1.1.LTS/lib/armv6m-ti-none-eabi/</path>
         <kind>archive</kind>
         <file>libclang_rt.builtins.a</file>
         <name>aeabi_dcmp.S.obj</name>
      </input_file>
      <input_file id="fl-160">
         <path>/home/hua/ti/ccs2100/ccs/tools/compiler/ti-cgt-armllvm_5.1.1.LTS/lib/armv6m-ti-none-eabi/</path>
         <kind>archive</kind>
         <file>libclang_rt.builtins.a</file>
         <name>aeabi_ddiv.c.obj</name>
      </input_file>
      <input_file id="fl-161">
         <path>/home/hua/ti/ccs2100/ccs/tools/compiler/ti-cgt-armllvm_5.1.1.LTS/lib/armv6m-ti-none-eabi/</path>
         <kind>archive</kind>
         <file>libclang_rt.builtins.a</file>
         <name>aeabi_dmul.c.obj</name>
      </input_file>
      <input_file id="fl-162">
         <path>/home/hua/ti/ccs2100/ccs/tools/compiler/ti-cgt-armllvm_5.1.1.LTS/lib/armv6m-ti-none-eabi/</path>
         <kind>archive</kind>
         <file>libclang_rt.builtins.a</file>
         <name>aeabi_idivmod.S.obj</name>
      </input_file>
      <input_file id="fl-163">
         <path>/home/hua/ti/ccs2100/ccs/tools/compiler/ti-cgt-armllvm_5.1.1.LTS/lib/armv6m-ti-none-eabi/</path>
         <kind>archive</kind>
         <file>libclang_rt.builtins.a</file>
         <name>aeabi_uidivmod.S.obj</name>
      </input_file>
      <input_file id="fl-164">
         <path>/home/hua/ti/ccs2100/ccs/tools/compiler/ti-cgt-armllvm_5.1.1.LTS/lib/armv6m-ti-none-eabi/</path>
         <kind>archive</kind>
         <file>libclang_rt.builtins.a</file>
         <name>aeabi_uldivmod.S.obj</name>
      </input_file>
      <input_file id="fl-165">
         <path>/home/hua/ti/ccs2100/ccs/tools/compiler/ti-cgt-armllvm_5.1.1.LTS/lib/armv6m-ti-none-eabi/</path>
         <kind>archive</kind>
         <file>libclang_rt.builtins.a</file>
         <name>aeabi_memcpy.S.obj</name>
      </input_file>
      <input_file id="fl-166">
         <path>/home/hua/ti/ccs2100/ccs/tools/compiler/ti-cgt-armllvm_5.1.1.LTS/lib/armv6m-ti-none-eabi/</path>
         <kind>archive</kind>
         <file>libclang_rt.builtins.a</file>
         <name>aeabi_memset.S.obj</name>
      </input_file>
      <input_file id="fl-167">
         <path>/home/hua/ti/ccs2100/ccs/tools/compiler/ti-cgt-armllvm_5.1.1.LTS/lib/armv6m-ti-none-eabi/</path>
         <kind>archive</kind>
         <file>libclang_rt.builtins.a</file>
         <name>udivmoddi4.S.obj</name>
      </input_file>
      <input_file id="fl-168">
         <path>/home/hua/ti/ccs2100/ccs/tools/compiler/ti-cgt-armllvm_5.1.1.LTS/lib/armv6m-ti-none-eabi/</path>
         <kind>archive</kind>
         <file>libclang_rt.builtins.a</file>
         <name>muldf3.S.obj</name>
      </input_file>
      <input_file id="fl-169">
         <path>/home/hua/ti/ccs2100/ccs/tools/compiler/ti-cgt-armllvm_5.1.1.LTS/lib/armv6m-ti-none-eabi/</path>
         <kind>archive</kind>
         <file>libclang_rt.builtins.a</file>
         <name>muldsi3.S.obj</name>
      </input_file>
      <input_file id="fl-16a">
         <path>/home/hua/ti/ccs2100/ccs/tools/compiler/ti-cgt-armllvm_5.1.1.LTS/lib/armv6m-ti-none-eabi/</path>
         <kind>archive</kind>
         <file>libclang_rt.builtins.a</file>
         <name>ashldi3.S.obj</name>
      </input_file>
      <input_file id="fl-16b">
         <path>/home/hua/ti/ccs2100/ccs/tools/compiler/ti-cgt-armllvm_5.1.1.LTS/lib/armv6m-ti-none-eabi/</path>
         <kind>archive</kind>
         <file>libclang_rt.builtins.a</file>
         <name>divdf3.S.obj</name>
      </input_file>
      <input_file id="fl-16c">
         <path>/home/hua/ti/ccs2100/ccs/tools/compiler/ti-cgt-armllvm_5.1.1.LTS/lib/armv6m-ti-none-eabi/</path>
         <kind>archive</kind>
         <file>libclang_rt.builtins.a</file>
         <name>aeabi_div0.c.obj</name>
      </input_file>
      <input_file id="fl-16d">
         <path>/home/hua/ti/ccs2100/ccs/tools/compiler/ti-cgt-armllvm_5.1.1.LTS/lib/armv6m-ti-none-eabi/c/</path>
         <kind>archive</kind>
         <file>libc.a</file>
         <name>divdf3_fast.c.obj</name>
      </input_file>
      <input_file id="fl-16e">
         <path>/home/hua/ti/ccs2100/ccs/tools/compiler/ti-cgt-armllvm_5.1.1.LTS/lib/armv6m-ti-none-eabi/c/</path>
         <kind>archive</kind>
         <file>libc.a</file>
         <name>muldf3_fast.c.obj</name>
      </input_file>
      <input_file id="fl-16f">
         <path>/home/hua/ti/ccs2100/ccs/tools/compiler/ti-cgt-armllvm_5.1.1.LTS/lib/armv6m-ti-none-eabi/c/</path>
         <kind>archive</kind>
         <file>libc.a</file>
         <name>getdevice.c.obj</name>
      </input_file>
      <input_file id="fl-170">
         <path>/home/hua/ti/ccs2100/ccs/tools/compiler/ti-cgt-armllvm_5.1.1.LTS/lib/armv6m-ti-none-eabi/c/</path>
         <kind>archive</kind>
         <file>libc.a</file>
         <name>memcpy16.S.obj</name>
      </input_file>
      <input_file id="fl-171">
         <path>/home/hua/ti/ccs2100/ccs/tools/compiler/ti-cgt-armllvm_5.1.1.LTS/lib/armv6m-ti-none-eabi/c/</path>
         <kind>archive</kind>
         <file>libc.a</file>
         <name>memset16.S.obj</name>
      </input_file>
      <input_file id="fl-172">
         <path>/home/hua/ti/ccs2100/ccs/tools/compiler/ti-cgt-armllvm_5.1.1.LTS/lib/armv6m-ti-none-eabi/c/</path>
         <kind>archive</kind>
         <file>libc.a</file>
         <name>strcmp-armv6m.S.obj</name>
      </input_file>
   </input_file_list>
   <object_component_list>
      <object_component id="oc-18">
         <name>.intvecs</name>
         <load_address>0x0</load_address>
         <readonly>true</readonly>
         <run_address>0x0</run_address>
         <size>0xc0</size>
         <alignment>0x4</alignment>
         <input_file_ref idref="fl-3"/>
      </object_component>
      <object_component id="oc-19a">
         <name>.text:__TI_printfi</name>
         <load_address>0xc0</load_address>
         <readonly>true</readonly>
         <executable>true</executable>
         <run_address>0xc0</run_address>
         <size>0xa7c</size>
         <alignment>0x4</alignment>
         <input_file_ref idref="fl-3b"/>
      </object_component>
      <object_component id="oc-34">
         <name>.text.UART2_IRQHandler</name>
         <load_address>0xb3c</load_address>
         <readonly>true</readonly>
         <executable>true</executable>
         <run_address>0xb3c</run_address>
         <size>0x368</size>
         <alignment>0x4</alignment>
         <input_file_ref idref="fl-1"/>
      </object_component>
      <object_component id="oc-1e4">
         <name>.text._pconv_a</name>
         <load_address>0xea4</load_address>
         <readonly>true</readonly>
         <executable>true</executable>
         <run_address>0xea4</run_address>
         <size>0x20c</size>
         <alignment>0x4</alignment>
         <input_file_ref idref="fl-3b"/>
      </object_component>
      <object_component id="oc-1e5">
         <name>.text._pconv_g</name>
         <load_address>0x10b0</load_address>
         <readonly>true</readonly>
         <executable>true</executable>
         <run_address>0x10b0</run_address>
         <size>0x1e0</size>
         <alignment>0x4</alignment>
         <input_file_ref idref="fl-3b"/>
      </object_component>
      <object_component id="oc-216">
         <name>.text</name>
         <load_address>0x1290</load_address>
         <readonly>true</readonly>
         <executable>true</executable>
         <run_address>0x1290</run_address>
         <size>0x192</size>
         <alignment>0x4</alignment>
         <input_file_ref idref="fl-157"/>
      </object_component>
      <object_component id="oc-c4">
         <name>.text.Timer_Init</name>
         <load_address>0x1422</load_address>
         <readonly>true</readonly>
         <executable>true</executable>
         <run_address>0x1422</run_address>
         <size>0x2</size>
         <alignment>0x2</alignment>
         <input_file_ref idref="fl-5"/>
      </object_component>
      <object_component id="oc-10c">
         <name>.text.SYSCFG_DL_GPIO_init</name>
         <load_address>0x1424</load_address>
         <readonly>true</readonly>
         <executable>true</executable>
         <run_address>0x1424</run_address>
         <size>0x164</size>
         <alignment>0x4</alignment>
         <input_file_ref idref="fl-2"/>
      </object_component>
      <object_component id="oc-21f">
         <name>.text.fcvt</name>
         <load_address>0x1588</load_address>
         <readonly>true</readonly>
         <executable>true</executable>
         <run_address>0x1588</run_address>
         <size>0x138</size>
         <alignment>0x4</alignment>
         <input_file_ref idref="fl-3b"/>
      </object_component>
      <object_component id="oc-f6">
         <name>.text</name>
         <load_address>0x16c0</load_address>
         <readonly>true</readonly>
         <executable>true</executable>
         <run_address>0x16c0</run_address>
         <size>0x11a</size>
         <alignment>0x4</alignment>
         <input_file_ref idref="fl-16b"/>
      </object_component>
      <object_component id="oc-1e8">
         <name>.text.__aeabi_idiv0</name>
         <load_address>0x17da</load_address>
         <readonly>true</readonly>
         <executable>true</executable>
         <run_address>0x17da</run_address>
         <size>0x2</size>
         <alignment>0x2</alignment>
         <input_file_ref idref="fl-16c"/>
      </object_component>
      <object_component id="oc-175">
         <name>.text.DL_Timer_initFourCCPWMMode</name>
         <load_address>0x17dc</load_address>
         <readonly>true</readonly>
         <executable>true</executable>
         <run_address>0x17dc</run_address>
         <size>0x104</size>
         <alignment>0x4</alignment>
         <input_file_ref idref="fl-16"/>
      </object_component>
      <object_component id="oc-17d">
         <name>.text.DL_Timer_initTimerMode</name>
         <load_address>0x18e0</load_address>
         <readonly>true</readonly>
         <executable>true</executable>
         <run_address>0x18e0</run_address>
         <size>0xfc</size>
         <alignment>0x4</alignment>
         <input_file_ref idref="fl-16"/>
      </object_component>
      <object_component id="oc-1e7">
         <name>.text._pconv_e</name>
         <load_address>0x19dc</load_address>
         <readonly>true</readonly>
         <executable>true</executable>
         <run_address>0x19dc</run_address>
         <size>0xfc</size>
         <alignment>0x4</alignment>
         <input_file_ref idref="fl-3b"/>
      </object_component>
      <object_component id="oc-16d">
         <name>.text.SYSCFG_DL_SYSCTL_SYSPLL_init</name>
         <load_address>0x1ad8</load_address>
         <readonly>true</readonly>
         <executable>true</executable>
         <run_address>0x1ad8</run_address>
         <size>0xec</size>
         <alignment>0x4</alignment>
         <input_file_ref idref="fl-2"/>
      </object_component>
      <object_component id="oc-100">
         <name>.text</name>
         <load_address>0x1bc4</load_address>
         <readonly>true</readonly>
         <executable>true</executable>
         <run_address>0x1bc4</run_address>
         <size>0xe4</size>
         <alignment>0x4</alignment>
         <input_file_ref idref="fl-168"/>
      </object_component>
      <object_component id="oc-16c">
         <name>.text.DL_SYSCTL_configSYSPLL</name>
         <load_address>0x1ca8</load_address>
         <readonly>true</readonly>
         <executable>true</executable>
         <run_address>0x1ca8</run_address>
         <size>0xdc</size>
         <alignment>0x4</alignment>
         <input_file_ref idref="fl-18"/>
      </object_component>
      <object_component id="oc-20e">
         <name>.text.scalbn</name>
         <load_address>0x1d84</load_address>
         <readonly>true</readonly>
         <executable>true</executable>
         <run_address>0x1d84</run_address>
         <size>0xdc</size>
         <alignment>0x4</alignment>
         <input_file_ref idref="fl-4a"/>
      </object_component>
      <object_component id="oc-8b">
         <name>.text.main</name>
         <load_address>0x1e60</load_address>
         <readonly>true</readonly>
         <executable>true</executable>
         <run_address>0x1e60</run_address>
         <size>0xa8</size>
         <alignment>0x4</alignment>
         <input_file_ref idref="fl-1"/>
      </object_component>
      <object_component id="oc-203">
         <name>.text</name>
         <load_address>0x1f08</load_address>
         <readonly>true</readonly>
         <executable>true</executable>
         <run_address>0x1f08</run_address>
         <size>0xa2</size>
         <alignment>0x4</alignment>
         <input_file_ref idref="fl-167"/>
      </object_component>
      <object_component id="oc-224">
         <name>.text.__aeabi_ldiv0</name>
         <load_address>0x1faa</load_address>
         <readonly>true</readonly>
         <executable>true</executable>
         <run_address>0x1faa</run_address>
         <size>0x2</size>
         <alignment>0x2</alignment>
         <input_file_ref idref="fl-16c"/>
      </object_component>
      <object_component id="oc-10e">
         <name>.text.SYSCFG_DL_PWM_0_init</name>
         <load_address>0x1fac</load_address>
         <readonly>true</readonly>
         <executable>true</executable>
         <run_address>0x1fac</run_address>
         <size>0x8c</size>
         <alignment>0x4</alignment>
         <input_file_ref idref="fl-2"/>
      </object_component>
      <object_component id="oc-10b">
         <name>.text.SYSCFG_DL_initPower</name>
         <load_address>0x2038</load_address>
         <readonly>true</readonly>
         <executable>true</executable>
         <run_address>0x2038</run_address>
         <size>0x7c</size>
         <alignment>0x4</alignment>
         <input_file_ref idref="fl-2"/>
      </object_component>
      <object_component id="oc-1c">
         <name>.text:decompress:lzss</name>
         <load_address>0x20b4</load_address>
         <readonly>true</readonly>
         <executable>true</executable>
         <run_address>0x20b4</run_address>
         <size>0x7c</size>
         <alignment>0x4</alignment>
         <input_file_ref idref="fl-38"/>
      </object_component>
      <object_component id="oc-10d">
         <name>.text.SYSCFG_DL_SYSCTL_init</name>
         <load_address>0x2130</load_address>
         <readonly>true</readonly>
         <executable>true</executable>
         <run_address>0x2130</run_address>
         <size>0x78</size>
         <alignment>0x4</alignment>
         <input_file_ref idref="fl-2"/>
      </object_component>
      <object_component id="oc-1f0">
         <name>.text.__gedf2</name>
         <load_address>0x21a8</load_address>
         <readonly>true</readonly>
         <executable>true</executable>
         <run_address>0x21a8</run_address>
         <size>0x74</size>
         <alignment>0x4</alignment>
         <input_file_ref idref="fl-15e"/>
      </object_component>
      <object_component id="oc-33">
         <name>.text.Default_Handler</name>
         <load_address>0x221c</load_address>
         <readonly>true</readonly>
         <executable>true</executable>
         <run_address>0x221c</run_address>
         <size>0x4</size>
         <alignment>0x2</alignment>
         <input_file_ref idref="fl-3"/>
      </object_component>
      <object_component id="oc-69">
         <name>.text</name>
         <load_address>0x2220</load_address>
         <readonly>true</readonly>
         <executable>true</executable>
         <run_address>0x2220</run_address>
         <size>0x74</size>
         <alignment>0x10</alignment>
         <input_file_ref idref="fl-15d"/>
      </object_component>
      <object_component id="oc-111">
         <name>.text.SYSCFG_DL_UART_WIT_init</name>
         <load_address>0x2294</load_address>
         <readonly>true</readonly>
         <executable>true</executable>
         <run_address>0x2294</run_address>
         <size>0x68</size>
         <alignment>0x4</alignment>
         <input_file_ref idref="fl-2"/>
      </object_component>
      <object_component id="oc-1ef">
         <name>.text.__ledf2</name>
         <load_address>0x22fc</load_address>
         <readonly>true</readonly>
         <executable>true</executable>
         <run_address>0x22fc</run_address>
         <size>0x68</size>
         <alignment>0x4</alignment>
         <input_file_ref idref="fl-15e"/>
      </object_component>
      <object_component id="oc-21e">
         <name>.text._mcpy</name>
         <load_address>0x2364</load_address>
         <readonly>true</readonly>
         <executable>true</executable>
         <run_address>0x2364</run_address>
         <size>0x66</size>
         <alignment>0x2</alignment>
         <input_file_ref idref="fl-3b"/>
      </object_component>
      <object_component id="oc-166">
         <name>.text.DL_SYSCTL_setHFCLKSourceHFXTParams</name>
         <load_address>0x23cc</load_address>
         <readonly>true</readonly>
         <executable>true</executable>
         <run_address>0x23cc</run_address>
         <size>0x64</size>
         <alignment>0x4</alignment>
         <input_file_ref idref="fl-18"/>
      </object_component>
      <object_component id="oc-20a">
         <name>.text.frexp</name>
         <load_address>0x2430</load_address>
         <readonly>true</readonly>
         <executable>true</executable>
         <run_address>0x2430</run_address>
         <size>0x5c</size>
         <alignment>0x4</alignment>
         <input_file_ref idref="fl-49"/>
      </object_component>
      <object_component id="oc-1bb">
         <name>.text</name>
         <load_address>0x248c</load_address>
         <readonly>true</readonly>
         <executable>true</executable>
         <run_address>0x248c</run_address>
         <size>0x5a</size>
         <alignment>0x4</alignment>
         <input_file_ref idref="fl-15f"/>
      </object_component>
      <object_component id="oc-212">
         <name>.text.__TI_ltoa</name>
         <load_address>0x24e6</load_address>
         <readonly>true</readonly>
         <executable>true</executable>
         <run_address>0x24e6</run_address>
         <size>0x58</size>
         <alignment>0x2</alignment>
         <input_file_ref idref="fl-3f"/>
      </object_component>
      <object_component id="oc-1e6">
         <name>.text._pconv_f</name>
         <load_address>0x253e</load_address>
         <readonly>true</readonly>
         <executable>true</executable>
         <run_address>0x253e</run_address>
         <size>0x58</size>
         <alignment>0x2</alignment>
         <input_file_ref idref="fl-3b"/>
      </object_component>
      <object_component id="oc-230">
         <name>.text</name>
         <load_address>0x2598</load_address>
         <readonly>true</readonly>
         <executable>true</executable>
         <run_address>0x2598</run_address>
         <size>0x56</size>
         <alignment>0x4</alignment>
         <input_file_ref idref="fl-162"/>
      </object_component>
      <object_component id="oc-6e">
         <name>.text.DL_UART_drainRXFIFO</name>
         <load_address>0x25f0</load_address>
         <readonly>true</readonly>
         <executable>true</executable>
         <run_address>0x25f0</run_address>
         <size>0x54</size>
         <alignment>0x4</alignment>
         <input_file_ref idref="fl-17"/>
      </object_component>
      <object_component id="oc-bf">
         <name>.text.Motor_Init</name>
         <load_address>0x2644</load_address>
         <readonly>true</readonly>
         <executable>true</executable>
         <run_address>0x2644</run_address>
         <size>0x52</size>
         <alignment>0x2</alignment>
         <input_file_ref idref="fl-4"/>
      </object_component>
      <object_component id="oc-21c">
         <name>.text._ecpy</name>
         <load_address>0x2696</load_address>
         <readonly>true</readonly>
         <executable>true</executable>
         <run_address>0x2696</run_address>
         <size>0x52</size>
         <alignment>0x2</alignment>
         <input_file_ref idref="fl-3b"/>
      </object_component>
      <object_component id="oc-110">
         <name>.text.SYSCFG_DL_DEBUG_init</name>
         <load_address>0x26e8</load_address>
         <readonly>true</readonly>
         <executable>true</executable>
         <run_address>0x26e8</run_address>
         <size>0x50</size>
         <alignment>0x4</alignment>
         <input_file_ref idref="fl-2"/>
      </object_component>
      <object_component id="oc-1bf">
         <name>.text.DL_DMA_initChannel</name>
         <load_address>0x2738</load_address>
         <readonly>true</readonly>
         <executable>true</executable>
         <run_address>0x2738</run_address>
         <size>0x4c</size>
         <alignment>0x4</alignment>
         <input_file_ref idref="fl-15"/>
      </object_component>
      <object_component id="oc-15c">
         <name>.text.DL_GPIO_initDigitalInputFeatures</name>
         <load_address>0x2784</load_address>
         <readonly>true</readonly>
         <executable>true</executable>
         <run_address>0x2784</run_address>
         <size>0x4c</size>
         <alignment>0x4</alignment>
         <input_file_ref idref="fl-2"/>
      </object_component>
      <object_component id="oc-184">
         <name>.text.DL_UART_setBaudRateDivisor</name>
         <load_address>0x27d0</load_address>
         <readonly>true</readonly>
         <executable>true</executable>
         <run_address>0x27d0</run_address>
         <size>0x4c</size>
         <alignment>0x4</alignment>
         <input_file_ref idref="fl-2"/>
      </object_component>
      <object_component id="oc-65">
         <name>.text</name>
         <load_address>0x281c</load_address>
         <readonly>true</readonly>
         <executable>true</executable>
         <run_address>0x281c</run_address>
         <size>0x4a</size>
         <alignment>0x4</alignment>
         <input_file_ref idref="fl-159"/>
      </object_component>
      <object_component id="oc-182">
         <name>.text.DL_UART_init</name>
         <load_address>0x2868</load_address>
         <readonly>true</readonly>
         <executable>true</executable>
         <run_address>0x2868</run_address>
         <size>0x48</size>
         <alignment>0x4</alignment>
         <input_file_ref idref="fl-17"/>
      </object_component>
      <object_component id="oc-172">
         <name>.text.DL_SYSCTL_switchMCLKfromSYSOSCtoHSCLK</name>
         <load_address>0x28b0</load_address>
         <readonly>true</readonly>
         <executable>true</executable>
         <run_address>0x28b0</run_address>
         <size>0x44</size>
         <alignment>0x4</alignment>
         <input_file_ref idref="fl-18"/>
      </object_component>
      <object_component id="oc-c7">
         <name>.text.WIT_Init</name>
         <load_address>0x28f4</load_address>
         <readonly>true</readonly>
         <executable>true</executable>
         <run_address>0x28f4</run_address>
         <size>0x44</size>
         <alignment>0x4</alignment>
         <input_file_ref idref="fl-6"/>
      </object_component>
      <object_component id="oc-1cc">
         <name>.text.atoi</name>
         <load_address>0x2938</load_address>
         <readonly>true</readonly>
         <executable>true</executable>
         <run_address>0x2938</run_address>
         <size>0x44</size>
         <alignment>0x4</alignment>
         <input_file_ref idref="fl-42"/>
      </object_component>
      <object_component id="oc-1b3">
         <name>.text</name>
         <load_address>0x297c</load_address>
         <readonly>true</readonly>
         <executable>true</executable>
         <run_address>0x297c</run_address>
         <size>0x40</size>
         <alignment>0x4</alignment>
         <input_file_ref idref="fl-163"/>
      </object_component>
      <object_component id="oc-c9">
         <name>.text</name>
         <load_address>0x29bc</load_address>
         <readonly>true</readonly>
         <executable>true</executable>
         <run_address>0x29bc</run_address>
         <size>0x40</size>
         <alignment>0x4</alignment>
         <input_file_ref idref="fl-158"/>
      </object_component>
      <object_component id="oc-176">
         <name>.text.DL_Timer_setCounterControl</name>
         <load_address>0x29fc</load_address>
         <readonly>true</readonly>
         <executable>true</executable>
         <run_address>0x29fc</run_address>
         <size>0x3c</size>
         <alignment>0x4</alignment>
         <input_file_ref idref="fl-2"/>
      </object_component>
      <object_component id="oc-de">
         <name>.text:__TI_auto_init_nobinit_nopinit</name>
         <load_address>0x2a38</load_address>
         <readonly>true</readonly>
         <executable>true</executable>
         <run_address>0x2a38</run_address>
         <size>0x3c</size>
         <alignment>0x4</alignment>
         <input_file_ref idref="fl-46"/>
      </object_component>
      <object_component id="oc-147">
         <name>.text</name>
         <load_address>0x2a74</load_address>
         <readonly>true</readonly>
         <executable>true</executable>
         <run_address>0x2a74</run_address>
         <size>0x3a</size>
         <alignment>0x4</alignment>
         <input_file_ref idref="fl-169"/>
      </object_component>
      <object_component id="oc-ba">
         <name>.text.SYSCFG_DL_init</name>
         <load_address>0x2ab0</load_address>
         <readonly>true</readonly>
         <executable>true</executable>
         <run_address>0x2ab0</run_address>
         <size>0x38</size>
         <alignment>0x4</alignment>
         <input_file_ref idref="fl-2"/>
      </object_component>
      <object_component id="oc-cd">
         <name>.text.sprintf</name>
         <load_address>0x2ae8</load_address>
         <readonly>true</readonly>
         <executable>true</executable>
         <run_address>0x2ae8</run_address>
         <size>0x38</size>
         <alignment>0x4</alignment>
         <input_file_ref idref="fl-35"/>
      </object_component>
      <object_component id="oc-10f">
         <name>.text.SYSCFG_DL_TIMER_0_init</name>
         <load_address>0x2b20</load_address>
         <readonly>true</readonly>
         <executable>true</executable>
         <run_address>0x2b20</run_address>
         <size>0x34</size>
         <alignment>0x4</alignment>
         <input_file_ref idref="fl-2"/>
      </object_component>
      <object_component id="oc-75">
         <name>.text.DL_DMA_setTransferSize</name>
         <load_address>0x2b54</load_address>
         <readonly>true</readonly>
         <executable>true</executable>
         <run_address>0x2b54</run_address>
         <size>0x30</size>
         <alignment>0x4</alignment>
         <input_file_ref idref="fl-1"/>
      </object_component>
      <object_component id="oc-122">
         <name>.text.DL_DMA_setTransferSize</name>
         <load_address>0x2b84</load_address>
         <readonly>true</readonly>
         <executable>true</executable>
         <run_address>0x2b84</run_address>
         <size>0x30</size>
         <alignment>0x4</alignment>
         <input_file_ref idref="fl-6"/>
      </object_component>
      <object_component id="oc-12b">
         <name>.text.DL_UART_transmitDataBlocking</name>
         <load_address>0x2bb4</load_address>
         <readonly>true</readonly>
         <executable>true</executable>
         <run_address>0x2bb4</run_address>
         <size>0x30</size>
         <alignment>0x4</alignment>
         <input_file_ref idref="fl-17"/>
      </object_component>
      <object_component id="oc-1de">
         <name>.text.__unorddf2</name>
         <load_address>0x2be4</load_address>
         <readonly>true</readonly>
         <executable>true</executable>
         <run_address>0x2be4</run_address>
         <size>0x30</size>
         <alignment>0x4</alignment>
         <input_file_ref idref="fl-15e"/>
      </object_component>
      <object_component id="oc-21d">
         <name>.text._fcpy</name>
         <load_address>0x2c14</load_address>
         <readonly>true</readonly>
         <executable>true</executable>
         <run_address>0x2c14</run_address>
         <size>0x30</size>
         <alignment>0x2</alignment>
         <input_file_ref idref="fl-3b"/>
      </object_component>
      <object_component id="oc-d3">
         <name>.text.Send_String</name>
         <load_address>0x2c44</load_address>
         <readonly>true</readonly>
         <executable>true</executable>
         <run_address>0x2c44</run_address>
         <size>0x2c</size>
         <alignment>0x4</alignment>
         <input_file_ref idref="fl-1"/>
      </object_component>
      <object_component id="oc-c6">
         <name>.text.__NVIC_EnableIRQ</name>
         <load_address>0x2c70</load_address>
         <readonly>true</readonly>
         <executable>true</executable>
         <run_address>0x2c70</run_address>
         <size>0x2c</size>
         <alignment>0x4</alignment>
         <input_file_ref idref="fl-1"/>
      </object_component>
      <object_component id="oc-124">
         <name>.text.__NVIC_EnableIRQ</name>
         <load_address>0x2c9c</load_address>
         <readonly>true</readonly>
         <executable>true</executable>
         <run_address>0x2c9c</run_address>
         <size>0x2c</size>
         <alignment>0x4</alignment>
         <input_file_ref idref="fl-6"/>
      </object_component>
      <object_component id="oc-60">
         <name>.text</name>
         <load_address>0x2cc8</load_address>
         <readonly>true</readonly>
         <executable>true</executable>
         <run_address>0x2cc8</run_address>
         <size>0x2c</size>
         <alignment>0x4</alignment>
         <input_file_ref idref="fl-15a"/>
      </object_component>
      <object_component id="oc-1ab">
         <name>.text.DL_Common_updateReg</name>
         <load_address>0x2cf4</load_address>
         <readonly>true</readonly>
         <executable>true</executable>
         <run_address>0x2cf4</run_address>
         <size>0x28</size>
         <alignment>0x2</alignment>
         <input_file_ref idref="fl-2"/>
      </object_component>
      <object_component id="oc-74">
         <name>.text.DL_DMA_setDestAddr</name>
         <load_address>0x2d1c</load_address>
         <readonly>true</readonly>
         <executable>true</executable>
         <run_address>0x2d1c</run_address>
         <size>0x28</size>
         <alignment>0x4</alignment>
         <input_file_ref idref="fl-1"/>
      </object_component>
      <object_component id="oc-121">
         <name>.text.DL_DMA_setDestAddr</name>
         <load_address>0x2d44</load_address>
         <readonly>true</readonly>
         <executable>true</executable>
         <run_address>0x2d44</run_address>
         <size>0x28</size>
         <alignment>0x4</alignment>
         <input_file_ref idref="fl-6"/>
      </object_component>
      <object_component id="oc-120">
         <name>.text.DL_DMA_setSrcAddr</name>
         <load_address>0x2d6c</load_address>
         <readonly>true</readonly>
         <executable>true</executable>
         <run_address>0x2d6c</run_address>
         <size>0x28</size>
         <alignment>0x4</alignment>
         <input_file_ref idref="fl-6"/>
      </object_component>
      <object_component id="oc-18c">
         <name>.text.DL_UART_setRXFIFOThreshold</name>
         <load_address>0x2d94</load_address>
         <readonly>true</readonly>
         <executable>true</executable>
         <run_address>0x2d94</run_address>
         <size>0x28</size>
         <alignment>0x4</alignment>
         <input_file_ref idref="fl-2"/>
      </object_component>
      <object_component id="oc-55">
         <name>.text:_c_int00_noargs</name>
         <load_address>0x2dbc</load_address>
         <readonly>true</readonly>
         <executable>true</executable>
         <run_address>0x2dbc</run_address>
         <size>0x28</size>
         <alignment>0x4</alignment>
         <input_file_ref idref="fl-39"/>
      </object_component>
      <object_component id="oc-5c">
         <name>.text.DL_DMA_disableChannel</name>
         <load_address>0x2de4</load_address>
         <readonly>true</readonly>
         <executable>true</executable>
         <run_address>0x2de4</run_address>
         <size>0x26</size>
         <alignment>0x2</alignment>
         <input_file_ref idref="fl-1"/>
      </object_component>
      <object_component id="oc-76">
         <name>.text.DL_DMA_enableChannel</name>
         <load_address>0x2e0a</load_address>
         <readonly>true</readonly>
         <executable>true</executable>
         <run_address>0x2e0a</run_address>
         <size>0x26</size>
         <alignment>0x2</alignment>
         <input_file_ref idref="fl-1"/>
      </object_component>
      <object_component id="oc-123">
         <name>.text.DL_DMA_enableChannel</name>
         <load_address>0x2e30</load_address>
         <readonly>true</readonly>
         <executable>true</executable>
         <run_address>0x2e30</run_address>
         <size>0x26</size>
         <alignment>0x2</alignment>
         <input_file_ref idref="fl-6"/>
      </object_component>
      <object_component id="oc-5d">
         <name>.text.DL_DMA_getTransferSize</name>
         <load_address>0x2e58</load_address>
         <readonly>true</readonly>
         <executable>true</executable>
         <run_address>0x2e58</run_address>
         <size>0x24</size>
         <alignment>0x4</alignment>
         <input_file_ref idref="fl-1"/>
      </object_component>
      <object_component id="oc-186">
         <name>.text.DL_UART_setRXInterruptTimeout</name>
         <load_address>0x2e7c</load_address>
         <readonly>true</readonly>
         <executable>true</executable>
         <run_address>0x2e7c</run_address>
         <size>0x24</size>
         <alignment>0x4</alignment>
         <input_file_ref idref="fl-2"/>
      </object_component>
      <object_component id="oc-1b7">
         <name>.text</name>
         <load_address>0x2ea0</load_address>
         <readonly>true</readonly>
         <executable>true</executable>
         <run_address>0x2ea0</run_address>
         <size>0x24</size>
         <alignment>0x4</alignment>
         <input_file_ref idref="fl-15b"/>
      </object_component>
      <object_component id="oc-13c">
         <name>.text</name>
         <load_address>0x2ec4</load_address>
         <readonly>true</readonly>
         <executable>true</executable>
         <run_address>0x2ec4</run_address>
         <size>0x24</size>
         <alignment>0x4</alignment>
         <input_file_ref idref="fl-15c"/>
      </object_component>
      <object_component id="oc-1c5">
         <name>.text.memccpy</name>
         <load_address>0x2ee8</load_address>
         <readonly>true</readonly>
         <executable>true</executable>
         <run_address>0x2ee8</run_address>
         <size>0x22</size>
         <alignment>0x2</alignment>
         <input_file_ref idref="fl-44"/>
      </object_component>
      <object_component id="oc-15a">
         <name>.text.DL_GPIO_initPeripheralInputFunction</name>
         <load_address>0x2f0c</load_address>
         <readonly>true</readonly>
         <executable>true</executable>
         <run_address>0x2f0c</run_address>
         <size>0x20</size>
         <alignment>0x4</alignment>
         <input_file_ref idref="fl-2"/>
      </object_component>
      <object_component id="oc-162">
         <name>.text.DL_SYSCTL_setFlashWaitState</name>
         <load_address>0x2f2c</load_address>
         <readonly>true</readonly>
         <executable>true</executable>
         <run_address>0x2f2c</run_address>
         <size>0x20</size>
         <alignment>0x4</alignment>
         <input_file_ref idref="fl-2"/>
      </object_component>
      <object_component id="oc-183">
         <name>.text.DL_UART_setOversampling</name>
         <load_address>0x2f4c</load_address>
         <readonly>true</readonly>
         <executable>true</executable>
         <run_address>0x2f4c</run_address>
         <size>0x1e</size>
         <alignment>0x2</alignment>
         <input_file_ref idref="fl-2"/>
      </object_component>
      <object_component id="oc-117">
         <name>.text.Motor_Coast</name>
         <load_address>0x2f6a</load_address>
         <readonly>true</readonly>
         <executable>true</executable>
         <run_address>0x2f6a</run_address>
         <size>0x1e</size>
         <alignment>0x2</alignment>
         <input_file_ref idref="fl-4"/>
      </object_component>
      <object_component id="oc-225">
         <name>.text</name>
         <load_address>0x2f88</load_address>
         <readonly>true</readonly>
         <executable>true</executable>
         <run_address>0x2f88</run_address>
         <size>0x1e</size>
         <alignment>0x4</alignment>
         <input_file_ref idref="fl-16a"/>
      </object_component>
      <object_component id="oc-15f">
         <name>.text.DL_GPIO_clearInterruptStatus</name>
         <load_address>0x2fa8</load_address>
         <readonly>true</readonly>
         <executable>true</executable>
         <run_address>0x2fa8</run_address>
         <size>0x1c</size>
         <alignment>0x4</alignment>
         <input_file_ref idref="fl-2"/>
      </object_component>
      <object_component id="oc-160">
         <name>.text.DL_GPIO_enableInterrupt</name>
         <load_address>0x2fc4</load_address>
         <readonly>true</readonly>
         <executable>true</executable>
         <run_address>0x2fc4</run_address>
         <size>0x1c</size>
         <alignment>0x4</alignment>
         <input_file_ref idref="fl-2"/>
      </object_component>
      <object_component id="oc-158">
         <name>.text.DL_GPIO_initPeripheralOutputFunction</name>
         <load_address>0x2fe0</load_address>
         <readonly>true</readonly>
         <executable>true</executable>
         <run_address>0x2fe0</run_address>
         <size>0x1c</size>
         <alignment>0x4</alignment>
         <input_file_ref idref="fl-2"/>
      </object_component>
      <object_component id="oc-15e">
         <name>.text.DL_GPIO_setLowerPinsPolarity</name>
         <load_address>0x2ffc</load_address>
         <readonly>true</readonly>
         <executable>true</executable>
         <run_address>0x2ffc</run_address>
         <size>0x1c</size>
         <alignment>0x4</alignment>
         <input_file_ref idref="fl-2"/>
      </object_component>
      <object_component id="oc-1af">
         <name>.text.DL_SYSCTL_configFCC</name>
         <load_address>0x3018</load_address>
         <readonly>true</readonly>
         <executable>true</executable>
         <run_address>0x3018</run_address>
         <size>0x1c</size>
         <alignment>0x4</alignment>
         <input_file_ref idref="fl-18"/>
      </object_component>
      <object_component id="oc-1ae">
         <name>.text.DL_SYSCTL_setFCCPeriods</name>
         <load_address>0x3034</load_address>
         <readonly>true</readonly>
         <executable>true</executable>
         <run_address>0x3034</run_address>
         <size>0x1c</size>
         <alignment>0x4</alignment>
         <input_file_ref idref="fl-2"/>
      </object_component>
      <object_component id="oc-163">
         <name>.text.DL_SYSCTL_setSYSOSCFreq</name>
         <load_address>0x3050</load_address>
         <readonly>true</readonly>
         <executable>true</executable>
         <run_address>0x3050</run_address>
         <size>0x1c</size>
         <alignment>0x4</alignment>
         <input_file_ref idref="fl-2"/>
      </object_component>
      <object_component id="oc-170">
         <name>.text.DL_SYSCTL_setULPCLKDivider</name>
         <load_address>0x306c</load_address>
         <readonly>true</readonly>
         <executable>true</executable>
         <run_address>0x306c</run_address>
         <size>0x1c</size>
         <alignment>0x4</alignment>
         <input_file_ref idref="fl-2"/>
      </object_component>
      <object_component id="oc-17e">
         <name>.text.DL_Timer_enableInterrupt</name>
         <load_address>0x3088</load_address>
         <readonly>true</readonly>
         <executable>true</executable>
         <run_address>0x3088</run_address>
         <size>0x1c</size>
         <alignment>0x4</alignment>
         <input_file_ref idref="fl-2"/>
      </object_component>
      <object_component id="oc-178">
         <name>.text.DL_Timer_setCaptCompUpdateMethod</name>
         <load_address>0x30a4</load_address>
         <readonly>true</readonly>
         <executable>true</executable>
         <run_address>0x30a4</run_address>
         <size>0x1c</size>
         <alignment>0x4</alignment>
         <input_file_ref idref="fl-16"/>
      </object_component>
      <object_component id="oc-174">
         <name>.text.DL_Timer_setClockConfig</name>
         <load_address>0x30c0</load_address>
         <readonly>true</readonly>
         <executable>true</executable>
         <run_address>0x30c0</run_address>
         <size>0x1c</size>
         <alignment>0x4</alignment>
         <input_file_ref idref="fl-16"/>
      </object_component>
      <object_component id="oc-185">
         <name>.text.DL_UART_enableInterrupt</name>
         <load_address>0x30dc</load_address>
         <readonly>true</readonly>
         <executable>true</executable>
         <run_address>0x30dc</run_address>
         <size>0x1c</size>
         <alignment>0x4</alignment>
         <input_file_ref idref="fl-2"/>
      </object_component>
      <object_component id="oc-39">
         <name>.text.TIMA1_IRQHandler</name>
         <load_address>0x30f8</load_address>
         <readonly>true</readonly>
         <executable>true</executable>
         <run_address>0x30f8</run_address>
         <size>0x1c</size>
         <alignment>0x4</alignment>
         <input_file_ref idref="fl-1"/>
      </object_component>
      <object_component id="oc-83">
         <name>.text</name>
         <load_address>0x3114</load_address>
         <readonly>true</readonly>
         <executable>true</executable>
         <run_address>0x3114</run_address>
         <size>0x1a</size>
         <alignment>0x4</alignment>
         <input_file_ref idref="fl-166"/>
      </object_component>
      <object_component id="oc-159">
         <name>.text.DL_GPIO_enableOutput</name>
         <load_address>0x3130</load_address>
         <readonly>true</readonly>
         <executable>true</executable>
         <run_address>0x3130</run_address>
         <size>0x18</size>
         <alignment>0x4</alignment>
         <input_file_ref idref="fl-2"/>
      </object_component>
      <object_component id="oc-150">
         <name>.text.DL_GPIO_enablePower</name>
         <load_address>0x3148</load_address>
         <readonly>true</readonly>
         <executable>true</executable>
         <run_address>0x3148</run_address>
         <size>0x18</size>
         <alignment>0x4</alignment>
         <input_file_ref idref="fl-2"/>
      </object_component>
      <object_component id="oc-15b">
         <name>.text.DL_GPIO_initDigitalOutput</name>
         <load_address>0x3160</load_address>
         <readonly>true</readonly>
         <executable>true</executable>
         <run_address>0x3160</run_address>
         <size>0x18</size>
         <alignment>0x4</alignment>
         <input_file_ref idref="fl-2"/>
      </object_component>
      <object_component id="oc-157">
         <name>.text.DL_GPIO_initPeripheralAnalogFunction</name>
         <load_address>0x3178</load_address>
         <readonly>true</readonly>
         <executable>true</executable>
         <run_address>0x3178</run_address>
         <size>0x18</size>
         <alignment>0x4</alignment>
         <input_file_ref idref="fl-2"/>
      </object_component>
      <object_component id="oc-14d">
         <name>.text.DL_GPIO_reset</name>
         <load_address>0x3190</load_address>
         <readonly>true</readonly>
         <executable>true</executable>
         <run_address>0x3190</run_address>
         <size>0x18</size>
         <alignment>0x4</alignment>
         <input_file_ref idref="fl-2"/>
      </object_component>
      <object_component id="oc-161">
         <name>.text.DL_SYSCTL_setBORThreshold</name>
         <load_address>0x31a8</load_address>
         <readonly>true</readonly>
         <executable>true</executable>
         <run_address>0x31a8</run_address>
         <size>0x18</size>
         <alignment>0x4</alignment>
         <input_file_ref idref="fl-2"/>
      </object_component>
      <object_component id="oc-7c">
         <name>.text.DL_Timer_clearInterruptStatus</name>
         <load_address>0x31c0</load_address>
         <readonly>true</readonly>
         <executable>true</executable>
         <run_address>0x31c0</run_address>
         <size>0x18</size>
         <alignment>0x4</alignment>
         <input_file_ref idref="fl-1"/>
      </object_component>
      <object_component id="oc-151">
         <name>.text.DL_Timer_enablePower</name>
         <load_address>0x31d8</load_address>
         <readonly>true</readonly>
         <executable>true</executable>
         <run_address>0x31d8</run_address>
         <size>0x18</size>
         <alignment>0x4</alignment>
         <input_file_ref idref="fl-2"/>
      </object_component>
      <object_component id="oc-14e">
         <name>.text.DL_Timer_reset</name>
         <load_address>0x31f0</load_address>
         <readonly>true</readonly>
         <executable>true</executable>
         <run_address>0x31f0</run_address>
         <size>0x18</size>
         <alignment>0x4</alignment>
         <input_file_ref idref="fl-2"/>
      </object_component>
      <object_component id="oc-177">
         <name>.text.DL_Timer_setCaptureCompareOutCtl</name>
         <load_address>0x3208</load_address>
         <readonly>true</readonly>
         <executable>true</executable>
         <run_address>0x3208</run_address>
         <size>0x18</size>
         <alignment>0x4</alignment>
         <input_file_ref idref="fl-16"/>
      </object_component>
      <object_component id="oc-18a">
         <name>.text.DL_UART_enableDMAReceiveEvent</name>
         <load_address>0x3220</load_address>
         <readonly>true</readonly>
         <executable>true</executable>
         <run_address>0x3220</run_address>
         <size>0x18</size>
         <alignment>0x4</alignment>
         <input_file_ref idref="fl-2"/>
      </object_component>
      <object_component id="oc-18b">
         <name>.text.DL_UART_enableFIFOs</name>
         <load_address>0x3238</load_address>
         <readonly>true</readonly>
         <executable>true</executable>
         <run_address>0x3238</run_address>
         <size>0x18</size>
         <alignment>0x2</alignment>
         <input_file_ref idref="fl-2"/>
      </object_component>
      <object_component id="oc-152">
         <name>.text.DL_UART_enablePower</name>
         <load_address>0x3250</load_address>
         <readonly>true</readonly>
         <executable>true</executable>
         <run_address>0x3250</run_address>
         <size>0x18</size>
         <alignment>0x4</alignment>
         <input_file_ref idref="fl-2"/>
      </object_component>
      <object_component id="oc-5e">
         <name>.text.DL_UART_isRXFIFOEmpty</name>
         <load_address>0x3268</load_address>
         <readonly>true</readonly>
         <executable>true</executable>
         <run_address>0x3268</run_address>
         <size>0x18</size>
         <alignment>0x4</alignment>
         <input_file_ref idref="fl-1"/>
      </object_component>
      <object_component id="oc-14f">
         <name>.text.DL_UART_reset</name>
         <load_address>0x3280</load_address>
         <readonly>true</readonly>
         <executable>true</executable>
         <run_address>0x3280</run_address>
         <size>0x18</size>
         <alignment>0x4</alignment>
         <input_file_ref idref="fl-2"/>
      </object_component>
      <object_component id="oc-18f">
         <name>.text.SYSCFG_DL_DMA_WIT_init</name>
         <load_address>0x3298</load_address>
         <readonly>true</readonly>
         <executable>true</executable>
         <run_address>0x3298</run_address>
         <size>0x18</size>
         <alignment>0x4</alignment>
         <input_file_ref idref="fl-2"/>
      </object_component>
      <object_component id="oc-127">
         <name>.text._outs</name>
         <load_address>0x32b0</load_address>
         <readonly>true</readonly>
         <executable>true</executable>
         <run_address>0x32b0</run_address>
         <size>0x18</size>
         <alignment>0x2</alignment>
         <input_file_ref idref="fl-35"/>
      </object_component>
      <object_component id="oc-187">
         <name>.text.DL_UART_enable</name>
         <load_address>0x32c8</load_address>
         <readonly>true</readonly>
         <executable>true</executable>
         <run_address>0x32c8</run_address>
         <size>0x16</size>
         <alignment>0x2</alignment>
         <input_file_ref idref="fl-2"/>
      </object_component>
      <object_component id="oc-4c">
         <name>.text:decompress:ZI:__TI_zero_init_nomemset</name>
         <load_address>0x32de</load_address>
         <readonly>true</readonly>
         <executable>true</executable>
         <run_address>0x32de</run_address>
         <size>0x16</size>
         <alignment>0x2</alignment>
         <input_file_ref idref="fl-36"/>
      </object_component>
      <object_component id="oc-190">
         <name>.text.DL_GPIO_clearPins</name>
         <load_address>0x32f4</load_address>
         <readonly>true</readonly>
         <executable>true</executable>
         <run_address>0x32f4</run_address>
         <size>0x14</size>
         <alignment>0x2</alignment>
         <input_file_ref idref="fl-4"/>
      </object_component>
      <object_component id="oc-15d">
         <name>.text.DL_GPIO_clearPins</name>
         <load_address>0x3308</load_address>
         <readonly>true</readonly>
         <executable>true</executable>
         <run_address>0x3308</run_address>
         <size>0x14</size>
         <alignment>0x2</alignment>
         <input_file_ref idref="fl-2"/>
      </object_component>
      <object_component id="oc-165">
         <name>.text.DL_SYSCTL_disableSYSPLL</name>
         <load_address>0x331c</load_address>
         <readonly>true</readonly>
         <executable>true</executable>
         <run_address>0x331c</run_address>
         <size>0x14</size>
         <alignment>0x4</alignment>
         <input_file_ref idref="fl-2"/>
      </object_component>
      <object_component id="oc-171">
         <name>.text.DL_SYSCTL_enableMFCLK</name>
         <load_address>0x3330</load_address>
         <readonly>true</readonly>
         <executable>true</executable>
         <run_address>0x3330</run_address>
         <size>0x14</size>
         <alignment>0x4</alignment>
         <input_file_ref idref="fl-2"/>
      </object_component>
      <object_component id="oc-16e">
         <name>.text.DL_SYSCTL_enableSYSPLL</name>
         <load_address>0x3344</load_address>
         <readonly>true</readonly>
         <executable>true</executable>
         <run_address>0x3344</run_address>
         <size>0x14</size>
         <alignment>0x4</alignment>
         <input_file_ref idref="fl-2"/>
      </object_component>
      <object_component id="oc-179">
         <name>.text.DL_Timer_enableClock</name>
         <load_address>0x3358</load_address>
         <readonly>true</readonly>
         <executable>true</executable>
         <run_address>0x3358</run_address>
         <size>0x14</size>
         <alignment>0x4</alignment>
         <input_file_ref idref="fl-2"/>
      </object_component>
      <object_component id="oc-17a">
         <name>.text.DL_Timer_setCCPDirection</name>
         <load_address>0x336c</load_address>
         <readonly>true</readonly>
         <executable>true</executable>
         <run_address>0x336c</run_address>
         <size>0x14</size>
         <alignment>0x2</alignment>
         <input_file_ref idref="fl-2"/>
      </object_component>
      <object_component id="oc-5f">
         <name>.text.DL_UART_receiveData</name>
         <load_address>0x3380</load_address>
         <readonly>true</readonly>
         <executable>true</executable>
         <run_address>0x3380</run_address>
         <size>0x14</size>
         <alignment>0x4</alignment>
         <input_file_ref idref="fl-1"/>
      </object_component>
      <object_component id="oc-1da">
         <name>.text</name>
         <load_address>0x3394</load_address>
         <readonly>true</readonly>
         <executable>true</executable>
         <run_address>0x3394</run_address>
         <size>0x14</size>
         <alignment>0x4</alignment>
         <input_file_ref idref="fl-164"/>
      </object_component>
      <object_component id="oc-181">
         <name>.text.DL_UART_setClockConfig</name>
         <load_address>0x33a8</load_address>
         <readonly>true</readonly>
         <executable>true</executable>
         <run_address>0x33a8</run_address>
         <size>0x12</size>
         <alignment>0x2</alignment>
         <input_file_ref idref="fl-17"/>
      </object_component>
      <object_component id="oc-21b">
         <name>.text.strchr</name>
         <load_address>0x33ba</load_address>
         <readonly>true</readonly>
         <executable>true</executable>
         <run_address>0x33ba</run_address>
         <size>0x12</size>
         <alignment>0x2</alignment>
         <input_file_ref idref="fl-3b"/>
      </object_component>
      <object_component id="oc-b0">
         <name>.text:TI_memcpy_small</name>
         <load_address>0x33cc</load_address>
         <readonly>true</readonly>
         <executable>true</executable>
         <run_address>0x33cc</run_address>
         <size>0x12</size>
         <alignment>0x1</alignment>
         <input_file_ref idref="fl-170"/>
      </object_component>
      <object_component id="oc-20">
         <name>.text:decompress:none</name>
         <load_address>0x33de</load_address>
         <readonly>true</readonly>
         <executable>true</executable>
         <run_address>0x33de</run_address>
         <size>0x12</size>
         <alignment>0x2</alignment>
         <input_file_ref idref="fl-37"/>
      </object_component>
      <object_component id="oc-164">
         <name>.text.DL_SYSCTL_disableHFXT</name>
         <load_address>0x33f0</load_address>
         <readonly>true</readonly>
         <executable>true</executable>
         <run_address>0x33f0</run_address>
         <size>0x10</size>
         <alignment>0x4</alignment>
         <input_file_ref idref="fl-2"/>
      </object_component>
      <object_component id="oc-1b1">
         <name>.text.DL_SYSCTL_isFCCDone</name>
         <load_address>0x3400</load_address>
         <readonly>true</readonly>
         <executable>true</executable>
         <run_address>0x3400</run_address>
         <size>0x10</size>
         <alignment>0x2</alignment>
         <input_file_ref idref="fl-2"/>
      </object_component>
      <object_component id="oc-1b0">
         <name>.text.DL_SYSCTL_startFCC</name>
         <load_address>0x3410</load_address>
         <readonly>true</readonly>
         <executable>true</executable>
         <run_address>0x3410</run_address>
         <size>0x10</size>
         <alignment>0x4</alignment>
         <input_file_ref idref="fl-2"/>
      </object_component>
      <object_component id="oc-118">
         <name>.text.DL_Timer_setCaptureCompareValue</name>
         <load_address>0x3420</load_address>
         <readonly>true</readonly>
         <executable>true</executable>
         <run_address>0x3420</run_address>
         <size>0x10</size>
         <alignment>0x4</alignment>
         <input_file_ref idref="fl-16"/>
      </object_component>
      <object_component id="oc-1d0">
         <name>.text.wcslen</name>
         <load_address>0x3430</load_address>
         <readonly>true</readonly>
         <executable>true</executable>
         <run_address>0x3430</run_address>
         <size>0x10</size>
         <alignment>0x2</alignment>
         <input_file_ref idref="fl-4b"/>
      </object_component>
      <object_component id="oc-1c4">
         <name>.text.strlen</name>
         <load_address>0x3440</load_address>
         <readonly>true</readonly>
         <executable>true</executable>
         <run_address>0x3440</run_address>
         <size>0xe</size>
         <alignment>0x2</alignment>
         <input_file_ref idref="fl-3b"/>
      </object_component>
      <object_component id="oc-105">
         <name>.text:TI_memset_small</name>
         <load_address>0x344e</load_address>
         <readonly>true</readonly>
         <executable>true</executable>
         <run_address>0x344e</run_address>
         <size>0xe</size>
         <alignment>0x1</alignment>
         <input_file_ref idref="fl-171"/>
      </object_component>
      <object_component id="oc-16f">
         <name>.text.DL_SYSCTL_getClockStatus</name>
         <load_address>0x345c</load_address>
         <readonly>true</readonly>
         <executable>true</executable>
         <run_address>0x345c</run_address>
         <size>0xc</size>
         <alignment>0x4</alignment>
         <input_file_ref idref="fl-2"/>
      </object_component>
      <object_component id="oc-1b2">
         <name>.text.DL_SYSCTL_readFCC</name>
         <load_address>0x3468</load_address>
         <readonly>true</readonly>
         <executable>true</executable>
         <run_address>0x3468</run_address>
         <size>0xc</size>
         <alignment>0x4</alignment>
         <input_file_ref idref="fl-2"/>
      </object_component>
      <object_component id="oc-153">
         <name>.text.DL_Common_delayCycles</name>
         <load_address>0x3474</load_address>
         <readonly>true</readonly>
         <executable>true</executable>
         <run_address>0x3474</run_address>
         <size>0xa</size>
         <alignment>0x2</alignment>
         <input_file_ref idref="fl-14"/>
      </object_component>
      <object_component id="oc-21a">
         <name>.text.OUTLINED_FUNCTION_0</name>
         <load_address>0x347e</load_address>
         <readonly>true</readonly>
         <executable>true</executable>
         <run_address>0x347e</run_address>
         <size>0xa</size>
         <alignment>0x2</alignment>
         <input_file_ref idref="fl-3b"/>
      </object_component>
      <object_component id="oc-285">
         <name>.tramp.__aeabi_dsub.1</name>
         <load_address>0x3488</load_address>
         <readonly>true</readonly>
         <executable>true</executable>
         <run_address>0x3488</run_address>
         <size>0x10</size>
         <alignment>0x4</alignment>
         <input_file_ref idref="fl-157"/>
      </object_component>
      <object_component id="oc-220">
         <name>.text.OUTLINED_FUNCTION_1</name>
         <load_address>0x3498</load_address>
         <readonly>true</readonly>
         <executable>true</executable>
         <run_address>0x3498</run_address>
         <size>0xa</size>
         <alignment>0x2</alignment>
         <input_file_ref idref="fl-3b"/>
      </object_component>
      <object_component id="oc-128">
         <name>.text._outc</name>
         <load_address>0x34a2</load_address>
         <readonly>true</readonly>
         <executable>true</executable>
         <run_address>0x34a2</run_address>
         <size>0xa</size>
         <alignment>0x2</alignment>
         <input_file_ref idref="fl-35"/>
      </object_component>
      <object_component id="oc-112">
         <name>.text.SYSCFG_DL_DMA_init</name>
         <load_address>0x34ac</load_address>
         <readonly>true</readonly>
         <executable>true</executable>
         <run_address>0x34ac</run_address>
         <size>0x8</size>
         <alignment>0x2</alignment>
         <input_file_ref idref="fl-2"/>
      </object_component>
      <object_component id="oc-9d">
         <name>.text.__aeabi_ddiv</name>
         <load_address>0x34b4</load_address>
         <readonly>true</readonly>
         <executable>true</executable>
         <run_address>0x34b4</run_address>
         <size>0x8</size>
         <alignment>0x2</alignment>
         <input_file_ref idref="fl-160"/>
      </object_component>
      <object_component id="oc-a6">
         <name>.text.__aeabi_dmul</name>
         <load_address>0x34bc</load_address>
         <readonly>true</readonly>
         <executable>true</executable>
         <run_address>0x34bc</run_address>
         <size>0x8</size>
         <alignment>0x2</alignment>
         <input_file_ref idref="fl-161"/>
      </object_component>
      <object_component id="oc-1d4">
         <name>.text.__aeabi_errno_addr</name>
         <load_address>0x34c4</load_address>
         <readonly>true</readonly>
         <executable>true</executable>
         <run_address>0x34c4</run_address>
         <size>0x8</size>
         <alignment>0x4</alignment>
         <input_file_ref idref="fl-3c"/>
      </object_component>
      <object_component id="oc-45">
         <name>.text</name>
[...]
      </symbol>
      <symbol id="sm-171">
         <name>UART0_IRQHandler</name>
         <value>0x221d</value>
         <object_component_ref idref="oc-33"/>
      </symbol>
      <symbol id="sm-172">
         <name>TIMG0_IRQHandler</name>
         <value>0x221d</value>
         <object_component_ref idref="oc-33"/>
      </symbol>
      <symbol id="sm-173">
         <name>TIMG6_IRQHandler</name>
         <value>0x221d</value>
         <object_component_ref idref="oc-33"/>
      </symbol>
      <symbol id="sm-174">
         <name>TIMA0_IRQHandler</name>
         <value>0x221d</value>
         <object_component_ref idref="oc-33"/>
      </symbol>
      <symbol id="sm-175">
         <name>TIMG7_IRQHandler</name>
         <value>0x221d</value>
         <object_component_ref idref="oc-33"/>
      </symbol>
      <symbol id="sm-176">
         <name>TIMG12_IRQHandler</name>
         <value>0x221d</value>
         <object_component_ref idref="oc-33"/>
      </symbol>
      <symbol id="sm-177">
         <name>I2C0_IRQHandler</name>
         <value>0x221d</value>
         <object_component_ref idref="oc-33"/>
      </symbol>
      <symbol id="sm-178">
         <name>I2C1_IRQHandler</name>
         <value>0x221d</value>
         <object_component_ref idref="oc-33"/>
      </symbol>
      <symbol id="sm-179">
         <name>AES_IRQHandler</name>
         <value>0x221d</value>
         <object_component_ref idref="oc-33"/>
      </symbol>
      <symbol id="sm-17a">
         <name>RTC_IRQHandler</name>
         <value>0x221d</value>
         <object_component_ref idref="oc-33"/>
      </symbol>
      <symbol id="sm-17b">
         <name>DMA_IRQHandler</name>
         <value>0x221d</value>
         <object_component_ref idref="oc-33"/>
      </symbol>
      <symbol id="sm-189">
         <name>Motor_Init</name>
         <value>0x2645</value>
         <object_component_ref idref="oc-bf"/>
      </symbol>
      <symbol id="sm-18a">
         <name>Motor_Coast</name>
         <value>0x2f6b</value>
         <object_component_ref idref="oc-117"/>
      </symbol>
      <symbol id="sm-18b">
         <name>motor_left</name>
         <value>0x202001bc</value>
      </symbol>
      <symbol id="sm-18c">
         <name>motor_right</name>
         <value>0x202001d4</value>
      </symbol>
      <symbol id="sm-194">
         <name>Timer_Init</name>
         <value>0x1423</value>
         <object_component_ref idref="oc-c4"/>
      </symbol>
      <symbol id="sm-195">
         <name>sys_tick</name>
         <value>0x202001f0</value>
         <object_component_ref idref="oc-7d"/>
      </symbol>
      <symbol id="sm-1b2">
         <name>WIT_Init</name>
         <value>0x28f5</value>
         <object_component_ref idref="oc-c7"/>
      </symbol>
      <symbol id="sm-1b3">
         <name>wit_dmaBuffer</name>
         <value>0x20200178</value>
      </symbol>
      <symbol id="sm-1b4">
         <name>wit_data</name>
         <value>0x2020019c</value>
      </symbol>
      <symbol id="sm-1b5">
         <name>__TI_ATRegion0_src_addr</name>
         <value>0x0</value>
      </symbol>
      <symbol id="sm-1b6">
         <name>__TI_ATRegion0_trg_addr</name>
         <value>0x0</value>
      </symbol>
      <symbol id="sm-1b7">
         <name>__TI_ATRegion0_region_sz</name>
         <value>0x0</value>
      </symbol>
      <symbol id="sm-1b8">
         <name>__TI_ATRegion1_src_addr</name>
         <value>0x0</value>
      </symbol>
      <symbol id="sm-1b9">
         <name>__TI_ATRegion1_trg_addr</name>
         <value>0x0</value>
      </symbol>
      <symbol id="sm-1ba">
         <name>__TI_ATRegion1_region_sz</name>
         <value>0x0</value>
      </symbol>
      <symbol id="sm-1bb">
         <name>__TI_ATRegion2_src_addr</name>
         <value>0x0</value>
      </symbol>
      <symbol id="sm-1bc">
         <name>__TI_ATRegion2_trg_addr</name>
         <value>0x0</value>
      </symbol>
      <symbol id="sm-1bd">
         <name>__TI_ATRegion2_region_sz</name>
         <value>0x0</value>
      </symbol>
      <symbol id="sm-1c6">
         <name>DL_Common_delayCycles</name>
         <value>0x3475</value>
         <object_component_ref idref="oc-153"/>
      </symbol>
      <symbol id="sm-1d0">
         <name>DL_DMA_initChannel</name>
         <value>0x2739</value>
         <object_component_ref idref="oc-1bf"/>
      </symbol>
      <symbol id="sm-1ec">
         <name>DL_Timer_setClockConfig</name>
         <value>0x30c1</value>
         <object_component_ref idref="oc-174"/>
      </symbol>
      <symbol id="sm-1ed">
         <name>DL_Timer_initTimerMode</name>
         <value>0x18e1</value>
         <object_component_ref idref="oc-17d"/>
      </symbol>
      <symbol id="sm-1ee">
         <name>DL_Timer_setCaptureCompareValue</name>
         <value>0x3421</value>
         <object_component_ref idref="oc-118"/>
      </symbol>
      <symbol id="sm-1ef">
         <name>DL_Timer_setCaptCompUpdateMethod</name>
         <value>0x30a5</value>
         <object_component_ref idref="oc-178"/>
      </symbol>
      <symbol id="sm-1f0">
         <name>DL_Timer_setCaptureCompareOutCtl</name>
         <value>0x3209</value>
         <object_component_ref idref="oc-177"/>
      </symbol>
      <symbol id="sm-1f1">
         <name>DL_Timer_initFourCCPWMMode</name>
         <value>0x17dd</value>
         <object_component_ref idref="oc-175"/>
      </symbol>
      <symbol id="sm-204">
         <name>DL_UART_init</name>
         <value>0x2869</value>
         <object_component_ref idref="oc-182"/>
      </symbol>
      <symbol id="sm-205">
         <name>DL_UART_setClockConfig</name>
         <value>0x33a9</value>
         <object_component_ref idref="oc-181"/>
      </symbol>
      <symbol id="sm-206">
         <name>DL_UART_transmitDataBlocking</name>
         <value>0x2bb5</value>
         <object_component_ref idref="oc-12b"/>
      </symbol>
      <symbol id="sm-207">
         <name>DL_UART_drainRXFIFO</name>
         <value>0x25f1</value>
         <object_component_ref idref="oc-6e"/>
      </symbol>
      <symbol id="sm-21b">
         <name>DL_SYSCTL_configSYSPLL</name>
         <value>0x1ca9</value>
         <object_component_ref idref="oc-16c"/>
      </symbol>
      <symbol id="sm-21c">
         <name>DL_SYSCTL_switchMCLKfromSYSOSCtoHSCLK</name>
         <value>0x28b1</value>
         <object_component_ref idref="oc-172"/>
      </symbol>
      <symbol id="sm-21d">
         <name>DL_SYSCTL_setHFCLKSourceHFXTParams</name>
         <value>0x23cd</value>
         <object_component_ref idref="oc-166"/>
      </symbol>
      <symbol id="sm-21e">
         <name>DL_SYSCTL_configFCC</name>
         <value>0x3019</value>
         <object_component_ref idref="oc-1af"/>
      </symbol>
      <symbol id="sm-22f">
         <name>sprintf</name>
         <value>0x2ae9</value>
         <object_component_ref idref="oc-cd"/>
      </symbol>
      <symbol id="sm-239">
         <name>__TI_zero_init_nomemset</name>
         <value>0x32df</value>
         <object_component_ref idref="oc-4c"/>
      </symbol>
      <symbol id="sm-242">
         <name>__TI_decompress_none</name>
         <value>0x33df</value>
         <object_component_ref idref="oc-20"/>
      </symbol>
      <symbol id="sm-24d">
         <name>__TI_decompress_lzss</name>
         <value>0x20b5</value>
         <object_component_ref idref="oc-1c"/>
      </symbol>
      <symbol id="sm-258">
         <name>_c_int00_noargs</name>
         <value>0x2dbd</value>
         <object_component_ref idref="oc-55"/>
      </symbol>
      <symbol id="sm-259">
         <name>__stack</name>
         <value>0x20207e00</value>
         <object_component_ref idref="oc-1a"/>
      </symbol>
      <symbol id="sm-2a7">
         <name>__TI_printfi</name>
         <value>0xc1</value>
         <object_component_ref idref="oc-19a"/>
      </symbol>
      <symbol id="sm-2b2">
         <name>__aeabi_errno_addr</name>
         <value>0x34c5</value>
         <object_component_ref idref="oc-1d4"/>
      </symbol>
      <symbol id="sm-2b3">
         <name>__aeabi_errno</name>
         <value>0x202001ec</value>
         <object_component_ref idref="oc-1ff"/>
      </symbol>
      <symbol id="sm-2bd">
         <name>abort</name>
         <value>0x34d5</value>
         <object_component_ref idref="oc-d7"/>
      </symbol>
      <symbol id="sm-2c7">
         <name>__TI_ltoa</name>
         <value>0x24e7</value>
         <object_component_ref idref="oc-212"/>
      </symbol>
      <symbol id="sm-2d3">
         <name>atoi</name>
         <value>0x2939</value>
         <object_component_ref idref="oc-1cc"/>
      </symbol>
      <symbol id="sm-2dd">
         <name>memccpy</name>
         <value>0x2ee9</value>
         <object_component_ref idref="oc-1c5"/>
      </symbol>
      <symbol id="sm-2e9">
         <name>__TI_auto_init_nobinit_nopinit</name>
         <value>0x2a39</value>
         <object_component_ref idref="oc-de"/>
      </symbol>
      <symbol id="sm-2f1">
         <name>_system_pre_init</name>
         <value>0x34e3</value>
         <object_component_ref idref="oc-87"/>
      </symbol>
      <symbol id="sm-2fc">
         <name>frexp</name>
         <value>0x2431</value>
         <object_component_ref idref="oc-20a"/>
      </symbol>
      <symbol id="sm-2fd">
         <name>frexpl</name>
         <value>0x2431</value>
         <object_component_ref idref="oc-20a"/>
      </symbol>
      <symbol id="sm-307">
         <name>scalbn</name>
         <value>0x1d85</value>
         <object_component_ref idref="oc-20e"/>
      </symbol>
      <symbol id="sm-308">
         <name>ldexp</name>
         <value>0x1d85</value>
         <object_component_ref idref="oc-20e"/>
      </symbol>
      <symbol id="sm-309">
         <name>scalbnl</name>
         <value>0x1d85</value>
         <object_component_ref idref="oc-20e"/>
      </symbol>
      <symbol id="sm-30a">
         <name>ldexpl</name>
         <value>0x1d85</value>
         <object_component_ref idref="oc-20e"/>
      </symbol>
      <symbol id="sm-313">
         <name>wcslen</name>
         <value>0x3431</value>
         <object_component_ref idref="oc-1d0"/>
      </symbol>
      <symbol id="sm-318">
         <name>__aeabi_ctype_table_</name>
         <value>0x34f0</value>
         <object_component_ref idref="oc-1f8"/>
      </symbol>
      <symbol id="sm-319">
         <name>__aeabi_ctype_table_C</name>
         <value>0x34f0</value>
         <object_component_ref idref="oc-1f8"/>
      </symbol>
      <symbol id="sm-324">
         <name>HOSTexit</name>
         <value>0x34db</value>
         <object_component_ref idref="oc-12c"/>
      </symbol>
      <symbol id="sm-325">
         <name>C$$EXIT</name>
         <value>0x34da</value>
         <object_component_ref idref="oc-12c"/>
      </symbol>
      <symbol id="sm-33a">
         <name>__aeabi_dadd</name>
         <value>0x129b</value>
         <object_component_ref idref="oc-216"/>
      </symbol>
      <symbol id="sm-33b">
         <name>__adddf3</name>
         <value>0x129b</value>
         <object_component_ref idref="oc-216"/>
      </symbol>
      <symbol id="sm-33c">
         <name>__aeabi_dsub</name>
         <value>0x1291</value>
         <object_component_ref idref="oc-216"/>
      </symbol>
      <symbol id="sm-33d">
         <name>__subdf3</name>
         <value>0x1291</value>
         <object_component_ref idref="oc-216"/>
      </symbol>
      <symbol id="sm-346">
         <name>__aeabi_f2d</name>
         <value>0x29bd</value>
         <object_component_ref idref="oc-c9"/>
      </symbol>
      <symbol id="sm-347">
         <name>__extendsfdf2</name>
         <value>0x29bd</value>
         <object_component_ref idref="oc-c9"/>
      </symbol>
      <symbol id="sm-34d">
         <name>__aeabi_d2iz</name>
         <value>0x281d</value>
         <object_component_ref idref="oc-65"/>
      </symbol>
      <symbol id="sm-34e">
         <name>__fixdfsi</name>
         <value>0x281d</value>
         <object_component_ref idref="oc-65"/>
      </symbol>
      <symbol id="sm-354">
         <name>__aeabi_i2d</name>
         <value>0x2cc9</value>
         <object_component_ref idref="oc-60"/>
      </symbol>
      <symbol id="sm-355">
         <name>__floatsidf</name>
         <value>0x2cc9</value>
         <object_component_ref idref="oc-60"/>
      </symbol>
      <symbol id="sm-35b">
         <name>__aeabi_ui2d</name>
         <value>0x2ea1</value>
         <object_component_ref idref="oc-1b7"/>
      </symbol>
      <symbol id="sm-35c">
         <name>__floatunsidf</name>
         <value>0x2ea1</value>
         <object_component_ref idref="oc-1b7"/>
      </symbol>
      <symbol id="sm-362">
         <name>__aeabi_lmul</name>
         <value>0x2ec5</value>
         <object_component_ref idref="oc-13c"/>
      </symbol>
      <symbol id="sm-363">
         <name>__muldi3</name>
         <value>0x2ec5</value>
         <object_component_ref idref="oc-13c"/>
      </symbol>
      <symbol id="sm-36a">
         <name>__aeabi_d2f</name>
         <value>0x2221</value>
         <object_component_ref idref="oc-69"/>
      </symbol>
      <symbol id="sm-36b">
         <name>__truncdfsf2</name>
         <value>0x2221</value>
         <object_component_ref idref="oc-69"/>
      </symbol>
      <symbol id="sm-37c">
         <name>__ledf2</name>
         <value>0x22fd</value>
         <object_component_ref idref="oc-1ef"/>
      </symbol>
      <symbol id="sm-37d">
         <name>__gedf2</name>
         <value>0x21a9</value>
         <object_component_ref idref="oc-1f0"/>
      </symbol>
      <symbol id="sm-37e">
         <name>__unorddf2</name>
         <value>0x2be5</value>
         <object_component_ref idref="oc-1de"/>
      </symbol>
      <symbol id="sm-37f">
         <name>__cmpdf2</name>
         <value>0x22fd</value>
         <object_component_ref idref="oc-1ef"/>
      </symbol>
      <symbol id="sm-380">
         <name>__eqdf2</name>
         <value>0x22fd</value>
         <object_component_ref idref="oc-1ef"/>
      </symbol>
      <symbol id="sm-381">
         <name>__ltdf2</name>
         <value>0x22fd</value>
         <object_component_ref idref="oc-1ef"/>
      </symbol>
      <symbol id="sm-382">
         <name>__nedf2</name>
         <value>0x22fd</value>
         <object_component_ref idref="oc-1ef"/>
      </symbol>
      <symbol id="sm-383">
         <name>__gtdf2</name>
         <value>0x21a9</value>
         <object_component_ref idref="oc-1f0"/>
      </symbol>
      <symbol id="sm-384">
         <name>__aeabi_dcmpun</name>
         <value>0x2be5</value>
         <object_component_ref idref="oc-1de"/>
      </symbol>
      <symbol id="sm-38a">
         <name>__aeabi_dcmpeq</name>
         <value>0x248d</value>
         <object_component_ref idref="oc-1bb"/>
      </symbol>
      <symbol id="sm-38b">
         <name>__aeabi_dcmplt</name>
         <value>0x249f</value>
         <object_component_ref idref="oc-1bb"/>
      </symbol>
      <symbol id="sm-38c">
         <name>__aeabi_dcmple</name>
         <value>0x24b1</value>
         <object_component_ref idref="oc-1bb"/>
      </symbol>
      <symbol id="sm-38d">
         <name>__aeabi_dcmpge</name>
         <value>0x24c3</value>
         <object_component_ref idref="oc-1bb"/>
      </symbol>
      <symbol id="sm-38e">
         <name>__aeabi_dcmpgt</name>
         <value>0x24d5</value>
         <object_component_ref idref="oc-1bb"/>
      </symbol>
      <symbol id="sm-398">
         <name>__aeabi_ddiv</name>
         <value>0x34b5</value>
         <object_component_ref idref="oc-9d"/>
      </symbol>
      <symbol id="sm-3a2">
         <name>__aeabi_dmul</name>
         <value>0x34bd</value>
         <object_component_ref idref="oc-a6"/>
      </symbol>
      <symbol id="sm-3a8">
         <name>__aeabi_idiv</name>
         <value>0x2599</value>
         <object_component_ref idref="oc-230"/>
      </symbol>
      <symbol id="sm-3a9">
         <name>__aeabi_idivmod</name>
         <value>0x2599</value>
         <object_component_ref idref="oc-230"/>
      </symbol>
      <symbol id="sm-3af">
         <name>__aeabi_uidiv</name>
         <value>0x297d</value>
         <object_component_ref idref="oc-1b3"/>
      </symbol>
      <symbol id="sm-3b0">
         <name>__aeabi_uidivmod</name>
         <value>0x297d</value>
         <object_component_ref idref="oc-1b3"/>
      </symbol>
      <symbol id="sm-3b6">
         <name>__aeabi_uldivmod</name>
         <value>0x3395</value>
         <object_component_ref idref="oc-1da"/>
      </symbol>
      <symbol id="sm-3bc">
         <name>__aeabi_memcpy</name>
         <value>0x34cd</value>
         <object_component_ref idref="oc-45"/>
      </symbol>
      <symbol id="sm-3bd">
         <name>__aeabi_memcpy4</name>
         <value>0x34cd</value>
         <object_component_ref idref="oc-45"/>
      </symbol>
      <symbol id="sm-3be">
         <name>__aeabi_memcpy8</name>
         <value>0x34cd</value>
         <object_component_ref idref="oc-45"/>
      </symbol>
      <symbol id="sm-3c4">
         <name>__aeabi_memset</name>
         <value>0x3115</value>
         <object_component_ref idref="oc-83"/>
      </symbol>
      <symbol id="sm-3c5">
         <name>__aeabi_memset4</name>
         <value>0x3115</value>
         <object_component_ref idref="oc-83"/>
      </symbol>
      <symbol id="sm-3c6">
         <name>__aeabi_memset8</name>
         <value>0x3115</value>
         <object_component_ref idref="oc-83"/>
      </symbol>
      <symbol id="sm-3c7">
         <name>__aeabi_memclr</name>
         <value>0x3123</value>
         <object_component_ref idref="oc-83"/>
      </symbol>
      <symbol id="sm-3c8">
         <name>__aeabi_memclr4</name>
         <value>0x3123</value>
         <object_component_ref idref="oc-83"/>
      </symbol>
      <symbol id="sm-3c9">
         <name>__aeabi_memclr8</name>
         <value>0x3123</value>
         <object_component_ref idref="oc-83"/>
      </symbol>
      <symbol id="sm-3cf">
         <name>__udivmoddi4</name>
         <value>0x1f09</value>
         <object_component_ref idref="oc-203"/>
      </symbol>
      <symbol id="sm-3d5">
         <name>__muldf3</name>
         <value>0x1bc5</value>
         <object_component_ref idref="oc-100"/>
      </symbol>
      <symbol id="sm-3db">
         <name>__muldsi3</name>
         <value>0x2a75</value>
         <object_component_ref idref="oc-147"/>
      </symbol>
      <symbol id="sm-3e1">
         <name>__aeabi_llsl</name>
         <value>0x2f89</value>
         <object_component_ref idref="oc-225"/>
      </symbol>
      <symbol id="sm-3e2">
         <name>__ashldi3</name>
         <value>0x2f89</value>
         <object_component_ref idref="oc-225"/>
      </symbol>
      <symbol id="sm-3e8">
         <name>__divdf3</name>
         <value>0x16c1</value>
         <object_component_ref idref="oc-f6"/>
      </symbol>
      <symbol id="sm-3f4">
         <name>__aeabi_idiv0</name>
         <value>0x17db</value>
         <object_component_ref idref="oc-1e8"/>
      </symbol>
      <symbol id="sm-3f5">
         <name>__aeabi_ldiv0</name>
         <value>0x1fab</value>
         <object_component_ref idref="oc-224"/>
      </symbol>
      <symbol id="sm-401">
         <name>TI_memcpy_small</name>
         <value>0x33cd</value>
         <object_component_ref idref="oc-b0"/>
      </symbol>
      <symbol id="sm-40a">
         <name>TI_memset_small</name>
         <value>0x344f</value>
         <object_component_ref idref="oc-105"/>
      </symbol>
      <symbol id="sm-40b">
         <name>__TI_static_base__</name>
         <value>0x0</value>
      </symbol>
      <symbol id="sm-40f">
         <name>__mpu_init</name>
         <value>0x0</value>
      </symbol>
      <symbol id="sm-410">
         <name>_system_post_cinit</name>
         <value>0x0</value>
      </symbol>
   </symbol_table>
   <title>Link successful</title>
</link_info>
