******************************************************************************
            TI ARM Clang Linker Unix v5.1.1                    
******************************************************************************
>> Linked Tue Jul 21 22:25:46 2026

OUTPUT FILE NAME:   <Motor.out>
ENTRY POINT SYMBOL: "_c_int00_noargs"  address: 00002ca9


MEMORY CONFIGURATION

         name            origin    length      used     unused   attr    fill
----------------------  --------  ---------  --------  --------  ----  --------
  FLASH                 00000000   00020000  000030e0  0001cf20  R  X
  SRAM                  20200000   00008000  00000415  00007beb  RW X
  BCR_CONFIG            41c00000   000000ff  00000000  000000ff  R   
  BSL_CONFIG            41c00100   00000080  00000000  00000080  R   


SEGMENT ALLOCATION MAP

run origin  load origin   length   init length attrs members
----------  ----------- ---------- ----------- ----- -------
00000000    00000000    000030e0   000030e0    r-x
  00000000    00000000    000000c0   000000c0    r-- .intvecs
  000000c0    000000c0    00002e30   00002e30    r-x .text
  00002ef0    00002ef0    000001c0   000001c0    r-- .rodata
  000030b0    000030b0    00000030   00000030    r-- .cinit
20200000    20200000    00000215   00000000    rw-
  20200000    20200000    00000200   00000000    rw- .bss
  20200200    20200200    00000015   00000000    rw- .data
20207e00    20207e00    00000200   00000000    rw-
  20207e00    20207e00    00000200   00000000    rw- .stack


SECTION ALLOCATION MAP

 output                                  attributes/
section   page    origin      length       input sections
--------  ----  ----------  ----------   ----------------
.intvecs   0    00000000    000000c0     
                  00000000    000000c0     startup_mspm0g350x_ticlang.o (.intvecs)

.text      0    000000c0    00002e30     
                  000000c0    00000678     libc.a : k_rem_pio2.c.obj (.text.__kernel_rem_pio2)
                  00000738    0000065c     empty.o (.text.main)
                  00000d94    000002a8     ti_msp_dl_config.o (.text.SYSCFG_DL_SYSCTL_SYSPLL_init)
                  0000103c    000001d8     libc.a : muldf3_fast.c.obj (.text.__muldf3_fast)
                  00001214    000001d8            : s_cosf.c.obj (.text.cosf)
                  000013ec    000001cc            : s_sinf.c.obj (.text.sinf)
                  000015b8    000001c0     line.o (.text.Line_Run)
                  00001778    00000192     libclang_rt.builtins.a : adddf3.S.obj (.text)
                  0000190a    00000002     startup_mspm0g350x_ticlang.o (.text.Default_Handler)
                  0000190c    00000148     libc.a : s_floor.c.obj (.text.floor)
                  00001a54    00000104     driverlib.a : dl_timer.o (.text.DL_Timer_initFourCCPWMMode)
                  00001b58    000000fc                 : dl_timer.o (.text.DL_Timer_initTimerMode)
                  00001c54    000000e4     ti_msp_dl_config.o (.text.SYSCFG_DL_GPIO_init)
                  00001d38    000000dc     driverlib.a : dl_sysctl_mspm0g1x0x_g3x0x.o (.text.DL_SYSCTL_configSYSPLL)
                  00001e14    000000dc     libc.a : s_scalbn.c.obj (.text.scalbn)
                  00001ef0    000000d8     libclang_rt.builtins.a : addsf3.S.obj (.text)
                  00001fc8    000000b8     ti_msp_dl_config.o (.text.SYSCFG_DL_SYSCTL_init)
                  00002080    000000ac     libc.a : s_cosf.c.obj (.text.__kernel_sindf)
                  0000212c    000000ac            : s_sinf.c.obj (.text.__kernel_sindf)
                  000021d8    0000009c            : s_cosf.c.obj (.text.__kernel_cosdf)
                  00002274    0000009c            : s_sinf.c.obj (.text.__kernel_cosdf)
                  00002310    0000009a            : memcpy16.S.obj (.text:memcpy)
                  000023aa    00000002     timer.o (.text.Timer_Init)
                  000023ac    0000008c     ti_msp_dl_config.o (.text.SYSCFG_DL_PWM_0_init)
                  00002438    0000008c     libclang_rt.builtins.a : mulsf3.S.obj (.text)
                  000024c4    00000082                            : divsf3.S.obj (.text)
                  00002546    00000002                            : aeabi_div0.c.obj (.text.__aeabi_idiv0)
                  00002548    0000007c     libc.a : copy_decompress_lzss.c.obj (.text:decompress:lzss)
                  000025c4    00000074     libclang_rt.builtins.a : comparedf2.c.obj (.text.__gedf2)
                  00002638    00000008                            : aeabi_dmul.c.obj (.text.__aeabi_dmul_fast)
                  00002640    00000074                            : truncdfsf2.S.obj (.text)
                  000026b4    00000068                            : comparedf2.c.obj (.text.__ledf2)
                  0000271c    00000064     driverlib.a : dl_sysctl_mspm0g1x0x_g3x0x.o (.text.DL_SYSCTL_setHFCLKSourceHFXTParams)
                  00002780    00000060     ti_msp_dl_config.o (.text.SYSCFG_DL_DEBUG_init)
                  000027e0    0000005a     libclang_rt.builtins.a : aeabi_dcmp.S.obj (.text)
                  0000283a    00000002     --HOLE-- [fill = 0]
                  0000283c    00000056                            : aeabi_idivmod.S.obj (.text)
                  00002892    00000002     --HOLE-- [fill = 0]
                  00002894    0000004c     motor.o (.text.Motor_Run)
                  000028e0    0000004a     libclang_rt.builtins.a : fixdfsi.S.obj (.text)
                  0000292a    00000002     --HOLE-- [fill = 0]
                  0000292c    00000048     driverlib.a : dl_uart.o (.text.DL_UART_init)
                  00002974    00000048     ti_msp_dl_config.o (.text.SYSCFG_DL_initPower)
                  000029bc    00000044     driverlib.a : dl_sysctl_mspm0g1x0x_g3x0x.o (.text.DL_SYSCTL_switchMCLKfromSYSOSCtoHSCLK)
                  00002a00    00000040     empty.o (.text.GROUP1_IRQHandler)
                  00002a40    00000040     libclang_rt.builtins.a : aeabi_uidivmod.S.obj (.text)
                  00002a80    00000040                            : extendsfdf2.S.obj (.text)
                  00002ac0    0000003c     libc.a : autoinit.c.obj (.text:__TI_auto_init_nobinit_nopinit)
                  00002afc    0000003c     libclang_rt.builtins.a : floatsisf.S.obj (.text)
                  00002b38    0000003a                            : muldsi3.S.obj (.text)
                  00002b72    00000002     --HOLE-- [fill = 0]
                  00002b74    00000038     encoder.o (.text.Encoder_OnEdge)
                  00002bac    00000038     ti_msp_dl_config.o (.text.SYSCFG_DL_TIMER_0_init)
                  00002be4    00000038     libclang_rt.builtins.a : fixsfsi.S.obj (.text)
                  00002c1c    00000030     driverlib.a : dl_uart.o (.text.DL_UART_transmitDataBlocking)
                  00002c4c    00000030     ti_msp_dl_config.o (.text.SYSCFG_DL_init)
                  00002c7c    0000002c     libclang_rt.builtins.a : floatsidf.S.obj (.text)
                  00002ca8    00000028     libc.a : boot_cortex_m.c.obj (.text:_c_int00_noargs)
                  00002cd0    00000024     encoder.o (.text.Encoder_UpdateSpeed)
                  00002cf4    00000024     libclang_rt.builtins.a : muldi3.S.obj (.text)
                  00002d18    00000022     motor.o (.text.Motor_Init)
                  00002d3a    00000002     --HOLE-- [fill = 0]
                  00002d3c    0000001c     driverlib.a : dl_sysctl_mspm0g1x0x_g3x0x.o (.text.DL_SYSCTL_configFCC)
                  00002d58    0000001c                 : dl_timer.o (.text.DL_Timer_setCaptCompUpdateMethod)
                  00002d74    0000001c                 : dl_timer.o (.text.DL_Timer_setClockConfig)
                  00002d90    00000018                 : dl_timer.o (.text.DL_Timer_setCaptureCompareOutCtl)
                  00002da8    00000018     empty.o (.text.TIMA1_IRQHandler)
                  00002dc0    00000016     libc.a : copy_zero_init.c.obj (.text:decompress:ZI:__TI_zero_init_nomemset)
                  00002dd6    00000002     --HOLE-- [fill = 0]
                  00002dd8    00000014     encoder.o (.text.Encoder_GetDist_mm)
                  00002dec    00000014     libc.a : k_rem_pio2.c.obj (.text.OUTLINED_FUNCTION_0)
                  00002e00    00000010     libclang_rt.builtins.a : adddf3.S.obj (.tramp.__aeabi_dadd.1)
                  00002e10    00000012     driverlib.a : dl_uart.o (.text.DL_UART_setClockConfig)
                  00002e22    00000012     encoder.o (.text.Encoder_Init)
                  00002e34    00000012     libc.a : copy_decompress_none.c.obj (.text:decompress:none)
                  00002e46    00000002     --HOLE-- [fill = 0]
                  00002e48    00000010     driverlib.a : dl_timer.o (.text.DL_Timer_setCaptureCompareValue)
                  00002e58    0000000c     encoder.o (.text.Encoder_Start)
                  00002e64    0000000c     line.o (.text.Line_Init)
                  00002e70    0000000a     driverlib.a : dl_common.o (.text.DL_Common_delayCycles)
                  00002e7a    0000000a     libc.a : k_rem_pio2.c.obj (.text.OUTLINED_FUNCTION_1)
                  00002e84    0000000a            : s_cosf.c.obj (.text.OUTLINED_FUNCTION_3)
                  00002e8e    0000000a            : s_sinf.c.obj (.text.OUTLINED_FUNCTION_3)
                  00002e98    00000008            : aeabi_portable.c.obj (.text.__aeabi_errno_addr)
                  00002ea0    00000008     libclang_rt.builtins.a : aeabi_memcpy.S.obj (.text)
                  00002ea8    00000006     libc.a : s_cosf.c.obj (.text.OUTLINED_FUNCTION_0)
                  00002eae    00000002     --HOLE-- [fill = 0]
                  00002eb0    00000010     libclang_rt.builtins.a : aeabi_dmul.c.obj (.tramp.__aeabi_dmul_fast.1)
                  00002ec0    00000006     libc.a : s_sinf.c.obj (.text.OUTLINED_FUNCTION_0)
                  00002ec6    00000006            : s_cosf.c.obj (.text.OUTLINED_FUNCTION_1)
                  00002ecc    00000006            : s_sinf.c.obj (.text.OUTLINED_FUNCTION_1)
                  00002ed2    00000006            : exit.c.obj (.text:abort)
                  00002ed8    00000004     libsysbm.a : hostexit.c.obj (.text.HOSTexit)
                  00002edc    00000004     libc.a : s_cosf.c.obj (.text.OUTLINED_FUNCTION_2)
                  00002ee0    00000004            : s_sinf.c.obj (.text.OUTLINED_FUNCTION_2)
                  00002ee4    00000004     startup_mspm0g350x_ticlang.o (.text.Reset_Handler)
                  00002ee8    00000004     libc.a : pre_init.c.obj (.text._system_pre_init)
                  00002eec    00000004     --HOLE-- [fill = 0]

.cinit     0    000030b0    00000030     
                  000030b0    0000000c     (__TI_handler_table)
                  000030bc    00000008     (.cinit..bss.load) [load image, compression = zero_init]
                  000030c4    00000008     (.cinit..data.load) [load image, compression = lzss]
                  000030cc    00000010     (__TI_cinit_table)
                  000030dc    00000004     --HOLE-- [fill = 0]

.rodata    0    00002ef0    000001c0     
                  00002ef0    00000108     libc.a : k_rem_pio2.c.obj (.rodata.ipio2)
                  00002ff8    00000040            : k_rem_pio2.c.obj (.rodata.PIo2)
                  00003038    00000028     ti_msp_dl_config.o (.rodata.gSYSPLLConfig)
                  00003060    00000014     ti_msp_dl_config.o (.rodata.gTIMER_0TimerConfig)
                  00003074    00000010     encoder.o (.rodata.cst16)
                  00003084    00000010     libc.a : k_rem_pio2.c.obj (.rodata.cst16)
                  00003094    0000000a     ti_msp_dl_config.o (.rodata.gDEBUGConfig)
                  0000309e    00000002     ti_msp_dl_config.o (.rodata.gDEBUGClockConfig)
                  000030a0    00000008     ti_msp_dl_config.o (.rodata.gPWM_0Config)
                  000030a8    00000003     ti_msp_dl_config.o (.rodata.gPWM_0ClockConfig)
                  000030ab    00000003     ti_msp_dl_config.o (.rodata.gTIMER_0ClockConfig)
                  000030ae    00000002     --HOLE-- [fill = 0]

.init_array 
*          0    00000000    00000000     UNINITIALIZED

.binit     0    00000000    00000000     

.bss       0    20200000    00000200     UNINITIALIZED
                  20200000    000000bc     (.common:gPWM_0Backup)
                  202000bc    000000bc     (.common:gTIMER_0Backup)
                  20200178    00000024     (.common:encoder_left)
                  2020019c    00000024     (.common:encoder_right)
                  202001c0    00000018     (.common:motor_left)
                  202001d8    00000018     (.common:motor_right)
                  202001f0    00000010     (.common:line)

.data      0    20200200    00000015     UNINITIALIZED
                  20200200    00000004     libc.a : aeabi_portable.c.obj (.data.__aeabi_errno)
                  20200204    00000004     empty.o (.data.main.odom_h)
                  20200208    00000004     empty.o (.data.main.odom_x_cm)
                  2020020c    00000004     empty.o (.data.main.odom_y_cm)
                  20200210    00000004     timer.o (.data.sys_tick)
                  20200214    00000001     empty.o (.data.main.odom_tick)

.stack     0    20207e00    00000200     UNINITIALIZED
                  20207e00    00000004     libc.a : boot_cortex_m.c.obj (.stack)
                  20207e04    000001fc     --HOLE--

__llvm_prf_cnts 
*          0    20200000    00000000     UNINITIALIZED

__llvm_prf_bits 
*          0    20200000    00000000     UNINITIALIZED

MODULE SUMMARY

       Module                         code    ro data   rw data
       ------                         ----    -------   -------
    ./
       ti_msp_dl_config.o             1504    86        376    
       empty.o                        1716    0         13     
       startup_mspm0g350x_ticlang.o   6       192       0      
    +--+------------------------------+-------+---------+---------+
       Total:                         3226    278       389    
                                                               
    ./APP/ENCODER/
       encoder.o                      142     16        72     
    +--+------------------------------+-------+---------+---------+
       Total:                         142     16        72     
                                                               
    ./APP/LINE/
       line.o                         460     0         16     
    +--+------------------------------+-------+---------+---------+
       Total:                         460     0         16     
                                                               
    ./APP/MOTOR/
       motor.o                        110     0         48     
    +--+------------------------------+-------+---------+---------+
       Total:                         110     0         48     
                                                               
    ./APP/TIMER/
       timer.o                        2       0         4      
    +--+------------------------------+-------+---------+---------+
       Total:                         2       0         4      
                                                               
    /home/hua/ti/ccs2100/ccs/tools/compiler/ti-cgt-armllvm_5.1.1.LTS/lib/armv6m-ti-none-eabi/c/libc.a
       k_rem_pio2.c.obj               1686    344       0      
       s_cosf.c.obj                   826     0         0      
       s_sinf.c.obj                   814     0         0      
       muldf3_fast.c.obj              472     0         0      
       s_floor.c.obj                  328     0         0      
       s_scalbn.c.obj                 220     0         0      
       memcpy16.S.obj                 154     0         0      
       copy_decompress_lzss.c.obj     124     0         0      
       autoinit.c.obj                 60      0         0      
       boot_cortex_m.c.obj            40      0         0      
       copy_zero_init.c.obj           22      0         0      
       copy_decompress_none.c.obj     18      0         0      
       aeabi_portable.c.obj           8       0         4      
       exit.c.obj                     6       0         0      
       pre_init.c.obj                 4       0         0      
    +--+------------------------------+-------+---------+---------+
       Total:                         4782    344       4      
                                                               
    /home/hua/ti/ccs2100/ccs/tools/compiler/ti-cgt-armllvm_5.1.1.LTS/lib/armv6m-ti-none-eabi/c/libsysbm.a
       hostexit.c.obj                 4       0         0      
    +--+------------------------------+-------+---------+---------+
       Total:                         4       0         0      
                                                               
    /home/hua/ti/ccs2100/ccs/tools/compiler/ti-cgt-armllvm_5.1.1.LTS/lib/armv6m-ti-none-eabi/libclang_rt.builtins.a
       adddf3.S.obj                   418     0         0      
       comparedf2.c.obj               220     0         0      
       addsf3.S.obj                   216     0         0      
       mulsf3.S.obj                   140     0         0      
       divsf3.S.obj                   130     0         0      
       truncdfsf2.S.obj               116     0         0      
       aeabi_dcmp.S.obj               90      0         0      
       aeabi_idivmod.S.obj            86      0         0      
       fixdfsi.S.obj                  74      0         0      
       aeabi_uidivmod.S.obj           64      0         0      
       extendsfdf2.S.obj              64      0         0      
       floatsisf.S.obj                60      0         0      
       muldsi3.S.obj                  58      0         0      
       fixsfsi.S.obj                  56      0         0      
       floatsidf.S.obj                44      0         0      
       muldi3.S.obj                   36      0         0      
       aeabi_dmul.c.obj               24      0         0      
       aeabi_memcpy.S.obj             8       0         0      
       aeabi_div0.c.obj               2       0         0      
    +--+------------------------------+-------+---------+---------+
       Total:                         1906    0         0      
                                                               
    /home/hua/ti/mspm0_sdk_2_10_00_04/source/ti/driverlib/lib/ticlang/m0p/mspm0g1x0x_g3x0x/driverlib.a
       dl_timer.o                     608     0         0      
       dl_sysctl_mspm0g1x0x_g3x0x.o   416     0         0      
       dl_uart.o                      138     0         0      
       dl_common.o                    10      0         0      
    +--+------------------------------+-------+---------+---------+
       Total:                         1172    0         0      
                                                               
       Stack:                         0       0         512    
       Linker Generated:              0       44        0      
    +--+------------------------------+-------+---------+---------+
       Grand Total:                   11804   682       1045   


LINKER GENERATED COPY TABLES

__TI_cinit_table @ 000030cc records: 2, size/record: 8, table size: 16
	.bss: load addr=000030bc, load size=00000008 bytes, run addr=20200000, run size=00000200 bytes, compression=zero_init
	.data: load addr=000030c4, load size=00000008 bytes, run addr=20200200, run size=00000015 bytes, compression=lzss


LINKER GENERATED HANDLER TABLE

__TI_handler_table @ 000030b0 records: 3, size/record: 4, table size: 12
	index: 0, handler: __TI_decompress_lzss
	index: 1, handler: __TI_decompress_none
	index: 2, handler: __TI_zero_init


FAR CALL TRAMPOLINES

callee name               trampoline name
   callee addr  tramp addr   call addr  call info
--------------  -----------  ---------  ----------------
__aeabi_dadd              $Tramp$TT$L$PI$$__aeabi_dadd
   00001783     00002e00     00002dfe   libc.a : k_rem_pio2.c.obj (.text.OUTLINED_FUNCTION_0)
                             00002e82          : k_rem_pio2.c.obj (.text.OUTLINED_FUNCTION_1)
                             00002e8c          : s_cosf.c.obj (.text.OUTLINED_FUNCTION_3)
                             00002e96          : s_sinf.c.obj (.text.OUTLINED_FUNCTION_3)
__aeabi_dmul_fast         $Tramp$TT$L$PI$$__aeabi_dmul_fast
   00002639     00002eb0     00002eac   libc.a : s_cosf.c.obj (.text.OUTLINED_FUNCTION_0)
                             00002ec4          : s_sinf.c.obj (.text.OUTLINED_FUNCTION_0)
                             00002eca          : s_cosf.c.obj (.text.OUTLINED_FUNCTION_1)
                             00002ed0          : s_sinf.c.obj (.text.OUTLINED_FUNCTION_1)

[2 trampolines]
[8 trampoline calls]


GLOBAL SYMBOLS: SORTED ALPHABETICALLY BY Name 

address   name                                 
-------   ----                                 
0000190b  ADC0_IRQHandler                      
0000190b  ADC1_IRQHandler                      
0000190b  AES_IRQHandler                       
00002ed8  C$$EXIT                              
0000190b  CANFD0_IRQHandler                    
0000190b  DAC0_IRQHandler                      
00002e71  DL_Common_delayCycles                
00002d3d  DL_SYSCTL_configFCC                  
00001d39  DL_SYSCTL_configSYSPLL               
0000271d  DL_SYSCTL_setHFCLKSourceHFXTParams   
000029bd  DL_SYSCTL_switchMCLKfromSYSOSCtoHSCLK
00001a55  DL_Timer_initFourCCPWMMode           
00001b59  DL_Timer_initTimerMode               
00002d59  DL_Timer_setCaptCompUpdateMethod     
00002d91  DL_Timer_setCaptureCompareOutCtl     
00002e49  DL_Timer_setCaptureCompareValue      
00002d75  DL_Timer_setClockConfig              
0000292d  DL_UART_init                         
00002e11  DL_UART_setClockConfig               
00002c1d  DL_UART_transmitDataBlocking         
0000190b  DMA_IRQHandler                       
0000190b  Default_Handler                      
00002dd9  Encoder_GetDist_mm                   
00002e23  Encoder_Init                         
00002b75  Encoder_OnEdge                       
00002e59  Encoder_Start                        
00002cd1  Encoder_UpdateSpeed                  
0000190b  GROUP0_IRQHandler                    
00002a01  GROUP1_IRQHandler                    
00002ed9  HOSTexit                             
0000190b  HardFault_Handler                    
0000190b  I2C0_IRQHandler                      
0000190b  I2C1_IRQHandler                      
00002e65  Line_Init                            
000015b9  Line_Run                             
00002d19  Motor_Init                           
00002895  Motor_Run                            
0000190b  NMI_Handler                          
0000190b  PendSV_Handler                       
0000190b  RTC_IRQHandler                       
00002ee5  Reset_Handler                        
0000190b  SPI0_IRQHandler                      
0000190b  SPI1_IRQHandler                      
0000190b  SVC_Handler                          
00002781  SYSCFG_DL_DEBUG_init                 
00001c55  SYSCFG_DL_GPIO_init                  
000023ad  SYSCFG_DL_PWM_0_init                 
00000d95  SYSCFG_DL_SYSCTL_SYSPLL_init         
00001fc9  SYSCFG_DL_SYSCTL_init                
00002bad  SYSCFG_DL_TIMER_0_init               
00002c4d  SYSCFG_DL_init                       
00002975  SYSCFG_DL_initPower                  
0000190b  SysTick_Handler                      
0000190b  TIMA0_IRQHandler                     
00002da9  TIMA1_IRQHandler                     
0000190b  TIMG0_IRQHandler                     
0000190b  TIMG12_IRQHandler                    
0000190b  TIMG6_IRQHandler                     
0000190b  TIMG7_IRQHandler                     
0000190b  TIMG8_IRQHandler                     
000023ab  Timer_Init                           
0000190b  UART0_IRQHandler                     
0000190b  UART1_IRQHandler                     
0000190b  UART2_IRQHandler                     
0000190b  UART3_IRQHandler                     
20208000  __STACK_END                          
00000200  __STACK_SIZE                         
00000000  __TI_ATRegion0_region_sz             
00000000  __TI_ATRegion0_src_addr              
00000000  __TI_ATRegion0_trg_addr              
00000000  __TI_ATRegion1_region_sz             
00000000  __TI_ATRegion1_src_addr              
00000000  __TI_ATRegion1_trg_addr              
00000000  __TI_ATRegion2_region_sz             
00000000  __TI_ATRegion2_src_addr              
00000000  __TI_ATRegion2_trg_addr              
000030cc  __TI_CINIT_Base                      
000030dc  __TI_CINIT_Limit                     
000030dc  __TI_CINIT_Warm                      
000030b0  __TI_Handler_Table_Base              
000030bc  __TI_Handler_Table_Limit             
00002ac1  __TI_auto_init_nobinit_nopinit       
00002549  __TI_decompress_lzss                 
00002e35  __TI_decompress_none                 
ffffffff  __TI_pprof_out_hndl                  
ffffffff  __TI_prof_data_size                  
ffffffff  __TI_prof_data_start                 
00000000  __TI_static_base__                   
00002dc1  __TI_zero_init_nomemset              
00001783  __adddf3                             
00001efb  __addsf3                             
00002641  __aeabi_d2f                          
000028e1  __aeabi_d2iz                         
00001783  __aeabi_dadd                         
000027e1  __aeabi_dcmpeq                       
00002817  __aeabi_dcmpge                       
00002829  __aeabi_dcmpgt                       
00002805  __aeabi_dcmple                       
000027f3  __aeabi_dcmplt                       
00002639  __aeabi_dmul_fast                    
00001779  __aeabi_dsub                         
20200200  __aeabi_errno                        
00002e99  __aeabi_errno_addr                   
00002a81  __aeabi_f2d                          
00002be5  __aeabi_f2iz                         
00001efb  __aeabi_fadd                         
000024c5  __aeabi_fdiv                         
00002439  __aeabi_fmul                         
00001ef1  __aeabi_fsub                         
00002c7d  __aeabi_i2d                          
00002afd  __aeabi_i2f                          
0000283d  __aeabi_idiv                         
00002547  __aeabi_idiv0                        
0000283d  __aeabi_idivmod                      
00002cf5  __aeabi_lmul                         
00002ea1  __aeabi_memcpy                       
00002ea1  __aeabi_memcpy4                      
00002ea1  __aeabi_memcpy8                      
00002a41  __aeabi_uidiv                        
00002a41  __aeabi_uidivmod                     
ffffffff  __binit__                            
000026b5  __cmpdf2                             
000024c5  __divsf3                             
000026b5  __eqdf2                              
00002a81  __extendsfdf2                        
000028e1  __fixdfsi                            
00002be5  __fixsfsi                            
00002c7d  __floatsidf                          
00002afd  __floatsisf                          
000025c5  __gedf2                              
000025c5  __gtdf2                              
000000c1  __kernel_rem_pio2                    
000026b5  __ledf2                              
000026b5  __ltdf2                              
UNDEFED   __mpu_init                           
0000103d  __muldf3_fast                        
00002cf5  __muldi3                             
00002b39  __muldsi3                            
00002439  __mulsf3                             
000026b5  __nedf2                              
20207e00  __stack                              
20200000  __start___llvm_prf_bits              
20200000  __start___llvm_prf_cnts              
20200000  __stop___llvm_prf_bits               
20200000  __stop___llvm_prf_cnts               
00001779  __subdf3                             
00001ef1  __subsf3                             
00002641  __truncdfsf2                         
00002ca9  _c_int00_noargs                      
UNDEFED   _system_post_cinit                   
00002ee9  _system_pre_init                     
00002ed3  abort                                
ffffffff  binit                                
00001215  cosf                                 
20200178  encoder_left                         
2020019c  encoder_right                        
0000190d  floor                                
0000190d  floorl                               
20200000  gPWM_0Backup                         
202000bc  gTIMER_0Backup                       
00000000  interruptVectors                     
00001e15  ldexp                                
00001e15  ldexpl                               
202001f0  line                                 
00000739  main                                 
00002311  memcpy                               
202001c0  motor_left                           
202001d8  motor_right                          
00001e15  scalbn                               
00001e15  scalbnl                              
000013ed  sinf                                 
20200210  sys_tick                             


GLOBAL SYMBOLS: SORTED BY Symbol Address 

address   name                                 
-------   ----                                 
00000000  __TI_ATRegion0_region_sz             
00000000  __TI_ATRegion0_src_addr              
00000000  __TI_ATRegion0_trg_addr              
00000000  __TI_ATRegion1_region_sz             
00000000  __TI_ATRegion1_src_addr              
00000000  __TI_ATRegion1_trg_addr              
00000000  __TI_ATRegion2_region_sz             
00000000  __TI_ATRegion2_src_addr              
00000000  __TI_ATRegion2_trg_addr              
00000000  __TI_static_base__                   
00000000  interruptVectors                     
000000c1  __kernel_rem_pio2                    
00000200  __STACK_SIZE                         
00000739  main                                 
00000d95  SYSCFG_DL_SYSCTL_SYSPLL_init         
0000103d  __muldf3_fast                        
00001215  cosf                                 
000013ed  sinf                                 
000015b9  Line_Run                             
00001779  __aeabi_dsub                         
00001779  __subdf3                             
00001783  __adddf3                             
00001783  __aeabi_dadd                         
0000190b  ADC0_IRQHandler                      
0000190b  ADC1_IRQHandler                      
0000190b  AES_IRQHandler                       
0000190b  CANFD0_IRQHandler                    
0000190b  DAC0_IRQHandler                      
0000190b  DMA_IRQHandler                       
0000190b  Default_Handler                      
0000190b  GROUP0_IRQHandler                    
0000190b  HardFault_Handler                    
0000190b  I2C0_IRQHandler                      
0000190b  I2C1_IRQHandler                      
0000190b  NMI_Handler                          
0000190b  PendSV_Handler                       
0000190b  RTC_IRQHandler                       
0000190b  SPI0_IRQHandler                      
0000190b  SPI1_IRQHandler                      
0000190b  SVC_Handler                          
0000190b  SysTick_Handler                      
0000190b  TIMA0_IRQHandler                     
0000190b  TIMG0_IRQHandler                     
0000190b  TIMG12_IRQHandler                    
0000190b  TIMG6_IRQHandler                     
0000190b  TIMG7_IRQHandler                     
0000190b  TIMG8_IRQHandler                     
0000190b  UART0_IRQHandler                     
0000190b  UART1_IRQHandler                     
0000190b  UART2_IRQHandler                     
0000190b  UART3_IRQHandler                     
0000190d  floor                                
0000190d  floorl                               
00001a55  DL_Timer_initFourCCPWMMode           
00001b59  DL_Timer_initTimerMode               
00001c55  SYSCFG_DL_GPIO_init                  
00001d39  DL_SYSCTL_configSYSPLL               
00001e15  ldexp                                
00001e15  ldexpl                               
00001e15  scalbn                               
00001e15  scalbnl                              
00001ef1  __aeabi_fsub                         
00001ef1  __subsf3                             
00001efb  __addsf3                             
00001efb  __aeabi_fadd                         
00001fc9  SYSCFG_DL_SYSCTL_init                
00002311  memcpy                               
000023ab  Timer_Init                           
000023ad  SYSCFG_DL_PWM_0_init                 
00002439  __aeabi_fmul                         
00002439  __mulsf3                             
000024c5  __aeabi_fdiv                         
000024c5  __divsf3                             
00002547  __aeabi_idiv0                        
00002549  __TI_decompress_lzss                 
000025c5  __gedf2                              
000025c5  __gtdf2                              
00002639  __aeabi_dmul_fast                    
00002641  __aeabi_d2f                          
00002641  __truncdfsf2                         
000026b5  __cmpdf2                             
000026b5  __eqdf2                              
000026b5  __ledf2                              
000026b5  __ltdf2                              
000026b5  __nedf2                              
0000271d  DL_SYSCTL_setHFCLKSourceHFXTParams   
00002781  SYSCFG_DL_DEBUG_init                 
000027e1  __aeabi_dcmpeq                       
000027f3  __aeabi_dcmplt                       
00002805  __aeabi_dcmple                       
00002817  __aeabi_dcmpge                       
00002829  __aeabi_dcmpgt                       
0000283d  __aeabi_idiv                         
0000283d  __aeabi_idivmod                      
00002895  Motor_Run                            
000028e1  __aeabi_d2iz                         
000028e1  __fixdfsi                            
0000292d  DL_UART_init                         
00002975  SYSCFG_DL_initPower                  
000029bd  DL_SYSCTL_switchMCLKfromSYSOSCtoHSCLK
00002a01  GROUP1_IRQHandler                    
00002a41  __aeabi_uidiv                        
00002a41  __aeabi_uidivmod                     
00002a81  __aeabi_f2d                          
00002a81  __extendsfdf2                        
00002ac1  __TI_auto_init_nobinit_nopinit       
00002afd  __aeabi_i2f                          
00002afd  __floatsisf                          
00002b39  __muldsi3                            
00002b75  Encoder_OnEdge                       
00002bad  SYSCFG_DL_TIMER_0_init               
00002be5  __aeabi_f2iz                         
00002be5  __fixsfsi                            
00002c1d  DL_UART_transmitDataBlocking         
00002c4d  SYSCFG_DL_init                       
00002c7d  __aeabi_i2d                          
00002c7d  __floatsidf                          
00002ca9  _c_int00_noargs                      
00002cd1  Encoder_UpdateSpeed                  
00002cf5  __aeabi_lmul                         
00002cf5  __muldi3                             
00002d19  Motor_Init                           
00002d3d  DL_SYSCTL_configFCC                  
00002d59  DL_Timer_setCaptCompUpdateMethod     
00002d75  DL_Timer_setClockConfig              
00002d91  DL_Timer_setCaptureCompareOutCtl     
00002da9  TIMA1_IRQHandler                     
00002dc1  __TI_zero_init_nomemset              
00002dd9  Encoder_GetDist_mm                   
00002e11  DL_UART_setClockConfig               
00002e23  Encoder_Init                         
00002e35  __TI_decompress_none                 
00002e49  DL_Timer_setCaptureCompareValue      
00002e59  Encoder_Start                        
00002e65  Line_Init                            
00002e71  DL_Common_delayCycles                
00002e99  __aeabi_errno_addr                   
00002ea1  __aeabi_memcpy                       
00002ea1  __aeabi_memcpy4                      
00002ea1  __aeabi_memcpy8                      
00002ed3  abort                                
00002ed8  C$$EXIT                              
00002ed9  HOSTexit                             
00002ee5  Reset_Handler                        
00002ee9  _system_pre_init                     
000030b0  __TI_Handler_Table_Base              
000030bc  __TI_Handler_Table_Limit             
000030cc  __TI_CINIT_Base                      
000030dc  __TI_CINIT_Limit                     
000030dc  __TI_CINIT_Warm                      
20200000  __start___llvm_prf_bits              
20200000  __start___llvm_prf_cnts              
20200000  __stop___llvm_prf_bits               
20200000  __stop___llvm_prf_cnts               
20200000  gPWM_0Backup                         
202000bc  gTIMER_0Backup                       
20200178  encoder_left                         
2020019c  encoder_right                        
202001c0  motor_left                           
202001d8  motor_right                          
202001f0  line                                 
20200200  __aeabi_errno                        
20200210  sys_tick                             
20207e00  __stack                              
20208000  __STACK_END                          
ffffffff  __TI_pprof_out_hndl                  
ffffffff  __TI_prof_data_size                  
ffffffff  __TI_prof_data_start                 
ffffffff  __binit__                            
ffffffff  binit                                
UNDEFED   __mpu_init                           
UNDEFED   _system_post_cinit                   

[172 symbols]
