******************************************************************************
            TI ARM Clang Linker Unix v5.1.1                    
******************************************************************************
>> Linked Tue Jul 28 16:30:11 2026

OUTPUT FILE NAME:   <car.out>
ENTRY POINT SYMBOL: "_c_int00_noargs"  address: 00004cf5


MEMORY CONFIGURATION

         name            origin    length      used     unused   attr    fill
----------------------  --------  ---------  --------  --------  ----  --------
  FLASH                 00000000   00020000  00005838  0001a7c8  R  X
  SRAM                  20200000   00008000  00000483  00007b7d  RW X
  BCR_CONFIG            41c00000   000000ff  00000000  000000ff  R   
  BSL_CONFIG            41c00100   00000080  00000000  00000080  R   


SEGMENT ALLOCATION MAP

run origin  load origin   length   init length attrs members
----------  ----------- ---------- ----------- ----- -------
00000000    00000000    00005838   00005838    r-x
  00000000    00000000    000000c0   000000c0    r-- .intvecs
  000000c0    000000c0    00005470   00005470    r-x .text
  00005530    00005530    000002d0   000002d0    r-- .rodata
  00005800    00005800    00000038   00000038    r-- .cinit
20200000    20200000    00000285   00000000    rw-
  20200000    20200000    00000272   00000000    rw- .bss
  20200274    20200274    00000011   00000000    rw- .data
20207e00    20207e00    00000200   00000000    rw-
  20207e00    20207e00    00000200   00000000    rw- .stack


SECTION ALLOCATION MAP

 output                                  attributes/
section   page    origin      length       input sections
--------  ----  ----------  ----------   ----------------
.intvecs   0    00000000    000000c0     
                  00000000    000000c0     startup_mspm0g350x_ticlang.o (.intvecs)

.text      0    000000c0    00005470     
                  000000c0    00000c88     libc.a : _scanfi.c.obj (.text.__TI_scanfi)
                  00000d48    00000a7c            : _printfi.c.obj (.text:__TI_printfi)
                  000017c4    000003b0            : strtod.c.obj (.text.strtod)
                  00001b74    00000368     empty.o (.text.UART2_IRQHandler)
                  00001edc    0000020c     libc.a : _printfi.c.obj (.text._pconv_a)
                  000020e8    000001e0            : _printfi.c.obj (.text._pconv_g)
                  000022c8    000001dc            : strtoll.c.obj (.text.strtoll)
                  000024a4    00000192     libclang_rt.builtins.a : adddf3.S.obj (.text)
                  00002636    00000002     timer.o (.text.Timer_Init)
                  00002638    0000016c     ti_msp_dl_config.o (.text.SYSCFG_DL_GPIO_init)
                  000027a4    00000168     libc.a : strtoull.c.obj (.text.strtoull)
                  0000290c    00000144            : strtol.c.obj (.text.strtol)
                  00002a50    00000138            : _printfi.c.obj (.text.fcvt)
                  00002b88    0000012c            : strtoul.c.obj (.text.strtoul)
                  00002cb4    00000128     empty.o (.text.UART1_IRQHandler)
                  00002ddc    0000011a     libclang_rt.builtins.a : divdf3.S.obj (.text)
                  00002ef6    00000002                            : aeabi_div0.c.obj (.text.__aeabi_idiv0)
                  00002ef8    00000104     driverlib.a : dl_timer.o (.text.DL_Timer_initFourCCPWMMode)
                  00002ffc    000000fc                 : dl_timer.o (.text.DL_Timer_initTimerMode)
                  000030f8    000000fc     libc.a : _printfi.c.obj (.text._pconv_e)
                  000031f4    000000f4     empty.o (.text.main)
                  000032e8    000000ec     ti_msp_dl_config.o (.text.SYSCFG_DL_SYSCTL_SYSPLL_init)
                  000033d4    000000e4     libclang_rt.builtins.a : muldf3.S.obj (.text)
                  000034b8    000000dc     driverlib.a : dl_sysctl_mspm0g1x0x_g3x0x.o (.text.DL_SYSCTL_configSYSPLL)
                  00003594    000000dc     libc.a : s_scalbn.c.obj (.text.scalbn)
                  00003670    000000d8     libclang_rt.builtins.a : addsf3.S.obj (.text)
                  00003748    000000a6     pid.o (.text.pid_formula_angle_positional)
                  000037ee    00000002     libclang_rt.builtins.a : aeabi_div0.c.obj (.text.__aeabi_ldiv0)
                  000037f0    000000a2                            : udivmoddi4.S.obj (.text)
                  00003892    00000002     --HOLE-- [fill = 0]
                  00003894    0000008c     ti_msp_dl_config.o (.text.SYSCFG_DL_PWM_0_init)
                  00003920    0000008c     ti_msp_dl_config.o (.text.SYSCFG_DL_initPower)
                  000039ac    0000008c     libclang_rt.builtins.a : comparesf2.S.obj (.text)
                  00003a38    0000008c                            : mulsf3.S.obj (.text)
                  00003ac4    0000007c     control.o (.text.Control_Angle_Loop)
                  00003b40    0000007c     libc.a : copy_decompress_lzss.c.obj (.text:decompress:lzss)
                  00003bbc    00000078     motor.o (.text.Motor_Run)
                  00003c34    00000078     ti_msp_dl_config.o (.text.SYSCFG_DL_SYSCTL_init)
                  00003cac    00000074     libclang_rt.builtins.a : comparedf2.c.obj (.text.__gedf2)
                  00003d20    00000074     libc.a : sscanf.c.obj (.text._chkmbc)
                  00003d94    0000000c     ti_msp_dl_config.o (.text.DL_SYSCTL_getClockStatus)
                  00003da0    00000074     libclang_rt.builtins.a : truncdfsf2.S.obj (.text)
                  00003e14    00000068     ti_msp_dl_config.o (.text.SYSCFG_DL_UART_K230_init)
                  00003e7c    00000068     ti_msp_dl_config.o (.text.SYSCFG_DL_UART_WIT_init)
                  00003ee4    00000068     libclang_rt.builtins.a : comparedf2.c.obj (.text.__ledf2)
                  00003f4c    00000066     libc.a : _printfi.c.obj (.text._mcpy)
                  00003fb2    00000002     --HOLE-- [fill = 0]
                  00003fb4    00000064     driverlib.a : dl_sysctl_mspm0g1x0x_g3x0x.o (.text.DL_SYSCTL_setHFCLKSourceHFXTParams)
                  00004018    0000005c     libc.a : s_frexp.c.obj (.text.frexp)
                  00004074    0000005a     libclang_rt.builtins.a : aeabi_dcmp.S.obj (.text)
                  000040ce    00000002     --HOLE-- [fill = 0]
                  000040d0    0000005a                            : aeabi_fcmp.S.obj (.text)
                  0000412a    00000058     libc.a : _ltoa.c.obj (.text.__TI_ltoa)
                  00004182    00000058            : _printfi.c.obj (.text._pconv_f)
                  000041da    00000002     --HOLE-- [fill = 0]
                  000041dc    00000056     libclang_rt.builtins.a : aeabi_idivmod.S.obj (.text)
                  00004232    00000002     --HOLE-- [fill = 0]
                  00004234    00000054     driverlib.a : dl_uart.o (.text.DL_UART_drainRXFIFO)
                  00004288    00000054     pid.o (.text.pid_normalize_angle_error)
                  000042dc    00000052     motor.o (.text.Motor_Init)
                  0000432e    00000052     libc.a : _printfi.c.obj (.text._ecpy)
                  00004380    00000050     ti_msp_dl_config.o (.text.SYSCFG_DL_DEBUG_init)
                  000043d0    00000050     pid.o (.text.pid_init)
                  00004420    0000004c     driverlib.a : dl_dma.o (.text.DL_DMA_initChannel)
                  0000446c    0000004c     ti_msp_dl_config.o (.text.DL_GPIO_initDigitalInputFeatures)
                  000044b8    0000004c     ti_msp_dl_config.o (.text.DL_UART_setBaudRateDivisor)
                  00004504    0000004a     libclang_rt.builtins.a : fixdfsi.S.obj (.text)
                  0000454e    00000002     --HOLE-- [fill = 0]
                  00004550    00000048     driverlib.a : dl_uart.o (.text.DL_UART_init)
                  00004598    00000048     pid.o (.text.pid_out_limit)
                  000045e0    00000044     camera.o (.text.Camera_Init)
                  00004624    00000044     driverlib.a : dl_sysctl_mspm0g1x0x_g3x0x.o (.text.DL_SYSCTL_switchMCLKfromSYSOSCtoHSCLK)
                  00004668    00000044     wit.o (.text.WIT_Init)
                  000046ac    00000044     libc.a : atoi.c.obj (.text.atoi)
                  000046f0    00000042     motor.o (.text.motor_dir)
                  00004732    00000002     --HOLE-- [fill = 0]
                  00004734    00000040     libclang_rt.builtins.a : aeabi_uidivmod.S.obj (.text)
                  00004774    00000040                            : extendsfdf2.S.obj (.text)
                  000047b4    0000003e     pid.o (.text.pid_constrain)
                  000047f2    00000002     --HOLE-- [fill = 0]
                  000047f4    0000003c     ti_msp_dl_config.o (.text.DL_Timer_setCounterControl)
                  00004830    0000003c     ti_msp_dl_config.o (.text.SYSCFG_DL_init)
                  0000486c    0000003c     libc.a : autoinit.c.obj (.text:__TI_auto_init_nobinit_nopinit)
                  000048a8    0000003a     libclang_rt.builtins.a : muldsi3.S.obj (.text)
                  000048e2    00000002     --HOLE-- [fill = 0]
                  000048e4    00000038     libc.a : sprintf.c.obj (.text.sprintf)
                  0000491c    00000038     libclang_rt.builtins.a : fixsfsi.S.obj (.text)
                  00004954    00000034     ti_msp_dl_config.o (.text.SYSCFG_DL_TIMER_0_init)
                  00004988    00000030     camera.o (.text.DL_DMA_setTransferSize)
                  000049b8    00000030     empty.o (.text.DL_DMA_setTransferSize)
                  000049e8    00000030     wit.o (.text.DL_DMA_setTransferSize)
                  00004a18    00000030     driverlib.a : dl_uart.o (.text.DL_UART_transmitDataBlocking)
                  00004a48    00000030     libclang_rt.builtins.a : comparedf2.c.obj (.text.__unorddf2)
                  00004a78    00000030     libc.a : _printfi.c.obj (.text._fcpy)
                  00004aa8    00000030            : sscanf.c.obj (.text.sscanf)
                  00004ad8    0000002c     empty.o (.text.Send_String)
                  00004b04    0000002c     camera.o (.text.__NVIC_EnableIRQ)
                  00004b30    0000002c     empty.o (.text.__NVIC_EnableIRQ)
                  00004b5c    0000002c     wit.o (.text.__NVIC_EnableIRQ)
                  00004b88    0000002c     libclang_rt.builtins.a : floatsidf.S.obj (.text)
                  00004bb4    00000028     control.o (.text.Control_Angle_Init)
                  00004bdc    00000028     ti_msp_dl_config.o (.text.DL_Common_updateReg)
                  00004c04    00000028     camera.o (.text.DL_DMA_setDestAddr)
                  00004c2c    00000028     empty.o (.text.DL_DMA_setDestAddr)
                  00004c54    00000028     wit.o (.text.DL_DMA_setDestAddr)
                  00004c7c    00000028     camera.o (.text.DL_DMA_setSrcAddr)
                  00004ca4    00000028     wit.o (.text.DL_DMA_setSrcAddr)
                  00004ccc    00000028     ti_msp_dl_config.o (.text.DL_UART_setRXFIFOThreshold)
                  00004cf4    00000028     libc.a : boot_cortex_m.c.obj (.text:_c_int00_noargs)
                  00004d1c    00000026     empty.o (.text.DL_DMA_disableChannel)
                  00004d42    00000026     camera.o (.text.DL_DMA_enableChannel)
                  00004d68    00000026     empty.o (.text.DL_DMA_enableChannel)
                  00004d8e    00000026     wit.o (.text.DL_DMA_enableChannel)
                  00004db4    00000026     pid.o (.text.pid_calculate_angle_positional)
                  00004dda    00000002     --HOLE-- [fill = 0]
                  00004ddc    00000024     empty.o (.text.DL_DMA_getTransferSize)
                  00004e00    00000024     ti_msp_dl_config.o (.text.DL_UART_setRXInterruptTimeout)
                  00004e24    00000024     libclang_rt.builtins.a : floatunsidf.S.obj (.text)
                  00004e48    00000024                            : muldi3.S.obj (.text)
                  00004e6c    00000022     libc.a : memccpy.c.obj (.text.memccpy)
                  00004e8e    00000002     --HOLE-- [fill = 0]
                  00004e90    00000020     ti_msp_dl_config.o (.text.DL_GPIO_initPeripheralInputFunction)
                  00004eb0    00000020     ti_msp_dl_config.o (.text.DL_SYSCTL_setFlashWaitState)
                  00004ed0    0000001e     ti_msp_dl_config.o (.text.DL_UART_setOversampling)
                  00004eee    0000001e     motor.o (.text.Motor_Coast)
                  00004f0c    0000001e     libclang_rt.builtins.a : ashldi3.S.obj (.text)
                  00004f2a    00000002     --HOLE-- [fill = 0]
                  00004f2c    0000001c     ti_msp_dl_config.o (.text.DL_GPIO_clearInterruptStatus)
                  00004f48    0000001c     ti_msp_dl_config.o (.text.DL_GPIO_enableInterrupt)
                  00004f64    0000001c     ti_msp_dl_config.o (.text.DL_GPIO_initPeripheralOutputFunction)
                  00004f80    0000001c     ti_msp_dl_config.o (.text.DL_GPIO_setLowerPinsPolarity)
                  00004f9c    0000001c     driverlib.a : dl_sysctl_mspm0g1x0x_g3x0x.o (.text.DL_SYSCTL_configFCC)
                  00004fb8    0000001c     ti_msp_dl_config.o (.text.DL_SYSCTL_setFCCPeriods)
                  00004fd4    0000001c     ti_msp_dl_config.o (.text.DL_SYSCTL_setSYSOSCFreq)
                  00004ff0    0000001c     ti_msp_dl_config.o (.text.DL_SYSCTL_setULPCLKDivider)
                  0000500c    0000001c     ti_msp_dl_config.o (.text.DL_Timer_enableInterrupt)
                  00005028    0000001c     driverlib.a : dl_timer.o (.text.DL_Timer_setCaptCompUpdateMethod)
                  00005044    0000001c                 : dl_timer.o (.text.DL_Timer_setClockConfig)
                  00005060    0000001c     ti_msp_dl_config.o (.text.DL_UART_enableInterrupt)
                  0000507c    0000001c     empty.o (.text.TIMA1_IRQHandler)
                  00005098    0000001a     libclang_rt.builtins.a : aeabi_memset.S.obj (.text)
                  000050b2    00000002     --HOLE-- [fill = 0]
                  000050b4    00000018     ti_msp_dl_config.o (.text.DL_GPIO_enableOutput)
                  000050cc    00000018     ti_msp_dl_config.o (.text.DL_GPIO_enablePower)
                  000050e4    00000018     ti_msp_dl_config.o (.text.DL_GPIO_initDigitalOutput)
                  000050fc    00000018     ti_msp_dl_config.o (.text.DL_GPIO_initPeripheralAnalogFunction)
                  00005114    00000018     ti_msp_dl_config.o (.text.DL_GPIO_reset)
                  0000512c    00000018     motor.o (.text.DL_GPIO_setPins)
                  00005144    00000018     empty.o (.text.DL_GPIO_togglePins)
                  0000515c    00000018     ti_msp_dl_config.o (.text.DL_SYSCTL_setBORThreshold)
                  00005174    00000018     empty.o (.text.DL_Timer_clearInterruptStatus)
                  0000518c    00000018     ti_msp_dl_config.o (.text.DL_Timer_enablePower)
                  000051a4    00000018     ti_msp_dl_config.o (.text.DL_Timer_reset)
                  000051bc    00000018     driverlib.a : dl_timer.o (.text.DL_Timer_setCaptureCompareOutCtl)
                  000051d4    00000018     ti_msp_dl_config.o (.text.DL_UART_enableDMAReceiveEvent)
                  000051ec    00000018     ti_msp_dl_config.o (.text.DL_UART_enableFIFOs)
                  00005204    00000018     ti_msp_dl_config.o (.text.DL_UART_enablePower)
                  0000521c    00000018     empty.o (.text.DL_UART_isRXFIFOEmpty)
                  00005234    00000018     ti_msp_dl_config.o (.text.DL_UART_reset)
                  0000524c    00000018     ti_msp_dl_config.o (.text.SYSCFG_DL_DMA_CH0_init)
                  00005264    00000018     ti_msp_dl_config.o (.text.SYSCFG_DL_DMA_WIT_init)
                  0000527c    00000018     libc.a : sprintf.c.obj (.text._outs)
                  00005294    00000016     ti_msp_dl_config.o (.text.DL_UART_enable)
                  000052aa    00000016     libc.a : copy_zero_init.c.obj (.text:decompress:ZI:__TI_zero_init_nomemset)
                  000052c0    00000014     motor.o (.text.DL_GPIO_clearPins)
                  000052d4    00000014     ti_msp_dl_config.o (.text.DL_GPIO_clearPins)
                  000052e8    00000014     ti_msp_dl_config.o (.text.DL_SYSCTL_disableSYSPLL)
                  000052fc    00000014     ti_msp_dl_config.o (.text.DL_SYSCTL_enableMFCLK)
                  00005310    00000014     ti_msp_dl_config.o (.text.DL_SYSCTL_enableSYSPLL)
                  00005324    00000014     ti_msp_dl_config.o (.text.DL_Timer_enableClock)
                  00005338    00000014     ti_msp_dl_config.o (.text.DL_Timer_setCCPDirection)
                  0000534c    00000014     empty.o (.text.DL_UART_receiveData)
                  00005360    00000014     libc.a : sscanf.c.obj (.text._inpchar)
                  00005374    00000014     libclang_rt.builtins.a : aeabi_uldivmod.S.obj (.text)
                  00005388    00000012     driverlib.a : dl_uart.o (.text.DL_UART_setClockConfig)
                  0000539a    00000012     libc.a : _printfi.c.obj (.text.strchr)
                  000053ac    00000012            : memcpy16.S.obj (.text:TI_memcpy_small)
                  000053be    00000012            : copy_decompress_none.c.obj (.text:decompress:none)
                  000053d0    00000010     ti_msp_dl_config.o (.text.DL_SYSCTL_disableHFXT)
                  000053e0    00000010     ti_msp_dl_config.o (.text.DL_SYSCTL_isFCCDone)
                  000053f0    00000010     ti_msp_dl_config.o (.text.DL_SYSCTL_startFCC)
                  00005400    00000010     driverlib.a : dl_timer.o (.text.DL_Timer_setCaptureCompareValue)
                  00005410    00000010     libc.a : wcslen.c.obj (.text.wcslen)
                  00005420    0000000e            : _printfi.c.obj (.text.strlen)
                  0000542e    0000000e            : memset16.S.obj (.text:TI_memset_small)
                  0000543c    0000000c     ti_msp_dl_config.o (.text.DL_SYSCTL_readFCC)
                  00005448    0000000c     ti_msp_dl_config.o (.text.SYSCFG_DL_DMA_init)
                  00005454    0000000a     driverlib.a : dl_common.o (.text.DL_Common_delayCycles)
                  0000545e    0000000a     libc.a : _printfi.c.obj (.text.OUTLINED_FUNCTION_0)
                  00005468    00000010     libclang_rt.builtins.a : adddf3.S.obj (.tramp.__aeabi_dsub.1)
                  00005478    0000000a     libc.a : _scanfi.c.obj (.text.OUTLINED_FUNCTION_0)
                  00005482    0000000a            : _printfi.c.obj (.text.OUTLINED_FUNCTION_1)
                  0000548c    0000000a            : sprintf.c.obj (.text._outc)
                  00005496    00000008            : strtod.c.obj (.text.OUTLINED_FUNCTION_0)
                  0000549e    00000008            : _scanfi.c.obj (.text.OUTLINED_FUNCTION_1)
                  000054a6    00000008            : strtod.c.obj (.text.OUTLINED_FUNCTION_1)
                  000054ae    00000002     --HOLE-- [fill = 0]
                  000054b0    00000010     libclang_rt.builtins.a : aeabi_dcmp.S.obj (.tramp.__aeabi_dcmpeq.1)
                  000054c0    00000008     libc.a : _scanfi.c.obj (.text.OUTLINED_FUNCTION_2)
                  000054c8    00000008     libclang_rt.builtins.a : aeabi_ddiv.c.obj (.text.__aeabi_ddiv)
                  000054d0    00000008                            : aeabi_dmul.c.obj (.text.__aeabi_dmul)
                  000054d8    00000008     libc.a : aeabi_portable.c.obj (.text.__aeabi_errno_addr)
                  000054e0    00000008            : sscanf.c.obj (.text._uninpchar)
                  000054e8    00000008     libclang_rt.builtins.a : aeabi_memcpy.S.obj (.text)
                  000054f0    00000006     libc.a : _scanfi.c.obj (.text.OUTLINED_FUNCTION_3)
                  000054f6    00000006            : _scanfi.c.obj (.text.OUTLINED_FUNCTION_4)
                  000054fc    00000006            : exit.c.obj (.text:abort)
                  00005502    00000004     startup_mspm0g350x_ticlang.o (.text.Default_Handler)
                  00005506    00000004     libsysbm.a : hostexit.c.obj (.text.HOSTexit)
                  0000550a    00000004     startup_mspm0g350x_ticlang.o (.text.Reset_Handler)
                  0000550e    00000002     --HOLE-- [fill = 0]
                  00005510    00000010     libc.a : boot_cortex_m.c.obj (.tramp._c_int00_noargs.1)
                  00005520    00000004            : pre_init.c.obj (.text._system_pre_init)
                  00005524    0000000c     --HOLE-- [fill = 0]

.cinit     0    00005800    00000038     
                  00005800    00000011     (.cinit..data.load) [load image, compression = lzss]
                  00005811    00000003     --HOLE-- [fill = 0]
                  00005814    0000000c     (__TI_handler_table)
                  00005820    00000008     (.cinit..bss.load) [load image, compression = zero_init]
                  00005828    00000010     (__TI_cinit_table)

.rodata    0    00005530    000002d0     
                  00005530    00000101     libc.a : aeabi_ctype.S.obj (.rodata:__aeabi_ctype_table_)
                  00005631    00000007            : _scanfi.c.obj (.rodata._sproc_int.flit)
                  00005638    00000080            : strtod.c.obj (.rodata.digits)
                  000056b8    00000048            : strtod.c.obj (.rodata.powerof10)
                  00005700    00000028     ti_msp_dl_config.o (.rodata.gSYSPLLConfig)
                  00005728    00000018     ti_msp_dl_config.o (.rodata.gDMA_CH0Config)
                  00005740    00000018     ti_msp_dl_config.o (.rodata.gDMA_WITConfig)
                  00005758    00000018     empty.o (.rodata.str1.9517790425240694019.1)
                  00005770    00000014     ti_msp_dl_config.o (.rodata.gTIMER_0TimerConfig)
                  00005784    00000011     libc.a : _printfi.c.obj (.rodata.str1.10348868589481759720.1)
                  00005795    00000011            : _printfi.c.obj (.rodata.str1.15363888844622738466.1)
                  000057a6    0000000a     ti_msp_dl_config.o (.rodata.gDEBUGConfig)
                  000057b0    0000000a     ti_msp_dl_config.o (.rodata.gUART_K230Config)
                  000057ba    0000000a     ti_msp_dl_config.o (.rodata.gUART_WITConfig)
                  000057c4    00000009     libc.a : _scanfi.c.obj (.rodata.str1.12964984209033246150.1)
                  000057cd    00000003     ti_msp_dl_config.o (.rodata.gPWM_0ClockConfig)
                  000057d0    00000008     ti_msp_dl_config.o (.rodata.gPWM_0Config)
                  000057d8    00000006     libc.a : _scanfi.c.obj (.rodata._sproc_int.barr)
                  000057de    00000006     empty.o (.rodata.str1.254342170260855183.1)
                  000057e4    00000004     libc.a : _scanfi.c.obj (.rodata.str1.3403580589742030990.1)
                  000057e8    00000003     ti_msp_dl_config.o (.rodata.gTIMER_0ClockConfig)
                  000057eb    00000002     ti_msp_dl_config.o (.rodata.gDEBUGClockConfig)
                  000057ed    00000002     ti_msp_dl_config.o (.rodata.gUART_K230ClockConfig)
                  000057ef    00000002     ti_msp_dl_config.o (.rodata.gUART_WITClockConfig)
                  000057f1    0000000f     --HOLE-- [fill = 0]

.init_array 
*          0    00000000    00000000     UNINITIALIZED

.binit     0    00000000    00000000     

.bss       0    20200000    00000272     UNINITIALIZED
                  20200000    000000bc     (.common:gPWM_0Backup)
                  202000bc    000000bc     (.common:gTIMER_0Backup)
                  20200178    00000040     (.common:yaw_pid)
                  202001b8    00000021     (.common:cam_dmaBuffer)
                  202001d9    00000021     (.common:wit_dmaBuffer)
                  202001fa    00000020     empty.o (.bss.UART1_IRQHandler.line_buf)
                  2020021a    00000002     --HOLE--
                  2020021c    00000020     (.common:wit_data)
                  2020023c    00000018     (.common:motor_left)
                  20200254    00000018     (.common:motor_right)
                  2020026c    00000006     (.common:camera_data)

.data      0    20200274    00000011     UNINITIALIZED
                  20200274    00000004     libc.a : aeabi_portable.c.obj (.data.__aeabi_errno)
                  20200278    00000004     empty.o (.data.flag_led)
                  2020027c    00000004     empty.o (.data.next_log)
                  20200280    00000004     timer.o (.data.sys_tick)
                  20200284    00000001     empty.o (.data.UART1_IRQHandler.line_len)

.stack     0    20207e00    00000200     UNINITIALIZED
                  20207e00    00000004     libc.a : boot_cortex_m.c.obj (.stack)
                  20207e04    000001fc     --HOLE--

__llvm_prf_cnts 
*          0    20200000    00000000     UNINITIALIZED

__llvm_prf_bits 
*          0    20200000    00000000     UNINITIALIZED

MODULE SUMMARY

       Module                         code    ro data   rw data
       ------                         ----    -------   -------
    ./
       ti_msp_dl_config.o             2636    158       376    
       empty.o                        1820    30        41     
       startup_mspm0g350x_ticlang.o   8       192       0      
    +--+------------------------------+-------+---------+---------+
       Total:                         4464    380       417    
                                                               
    ./APP/CAMERA/
       camera.o                       278     0         39     
    +--+------------------------------+-------+---------+---------+
       Total:                         278     0         39     
                                                               
    ./APP/CONTROL/
       control.o                      164     0         64     
    +--+------------------------------+-------+---------+---------+
       Total:                         164     0         64     
                                                               
    ./APP/MOTOR/
       motor.o                        342     0         48     
    +--+------------------------------+-------+---------+---------+
       Total:                         342     0         48     
                                                               
    ./APP/PID/
       pid.o                          502     0         0      
    +--+------------------------------+-------+---------+---------+
       Total:                         502     0         0      
                                                               
    ./APP/TIMER/
       timer.o                        2       0         4      
    +--+------------------------------+-------+---------+---------+
       Total:                         2       0         4      
                                                               
    ./APP/WIT/
       wit.o                          278     0         65     
    +--+------------------------------+-------+---------+---------+
       Total:                         278     0         65     
                                                               
    /home/hua/ti/ccs2100/ccs/tools/compiler/ti-cgt-armllvm_5.1.1.LTS/lib/armv6m-ti-none-eabi/c/libc.a
       _printfi.c.obj                 4624    34        0      
       _scanfi.c.obj                  3246    26        0      
       strtod.c.obj                   960     200       0      
       strtoll.c.obj                  476     0         0      
       strtoull.c.obj                 360     0         0      
       strtol.c.obj                   324     0         0      
       strtoul.c.obj                  300     0         0      
       aeabi_ctype.S.obj              0       257       0      
       s_scalbn.c.obj                 220     0         0      
       sscanf.c.obj                   192     0         0      
       copy_decompress_lzss.c.obj     124     0         0      
       s_frexp.c.obj                  92      0         0      
       sprintf.c.obj                  90      0         0      
       _ltoa.c.obj                    88      0         0      
       atoi.c.obj                     68      0         0      
       autoinit.c.obj                 60      0         0      
       boot_cortex_m.c.obj            56      0         0      
       memccpy.c.obj                  34      0         0      
       copy_zero_init.c.obj           22      0         0      
       copy_decompress_none.c.obj     18      0         0      
       memcpy16.S.obj                 18      0         0      
       wcslen.c.obj                   16      0         0      
       memset16.S.obj                 14      0         0      
       aeabi_portable.c.obj           8       0         4      
       exit.c.obj                     6       0         0      
       pre_init.c.obj                 4       0         0      
    +--+------------------------------+-------+---------+---------+
       Total:                         11420   517       4      
                                                               
    /home/hua/ti/ccs2100/ccs/tools/compiler/ti-cgt-armllvm_5.1.1.LTS/lib/armv6m-ti-none-eabi/c/libsysbm.a
       hostexit.c.obj                 4       0         0      
    +--+------------------------------+-------+---------+---------+
       Total:                         4       0         0      
                                                               
    /home/hua/ti/ccs2100/ccs/tools/compiler/ti-cgt-armllvm_5.1.1.LTS/lib/armv6m-ti-none-eabi/libclang_rt.builtins.a
       adddf3.S.obj                   418     0         0      
       divdf3.S.obj                   282     0         0      
       comparedf2.c.obj               268     0         0      
       muldf3.S.obj                   228     0         0      
       addsf3.S.obj                   216     0         0      
       udivmoddi4.S.obj               162     0         0      
       comparesf2.S.obj               140     0         0      
       mulsf3.S.obj                   140     0         0      
       truncdfsf2.S.obj               116     0         0      
       aeabi_dcmp.S.obj               106     0         0      
       aeabi_fcmp.S.obj               90      0         0      
       aeabi_idivmod.S.obj            86      0         0      
       fixdfsi.S.obj                  74      0         0      
       aeabi_uidivmod.S.obj           64      0         0      
       extendsfdf2.S.obj              64      0         0      
       muldsi3.S.obj                  58      0         0      
       fixsfsi.S.obj                  56      0         0      
       floatsidf.S.obj                44      0         0      
       floatunsidf.S.obj              36      0         0      
       muldi3.S.obj                   36      0         0      
       ashldi3.S.obj                  30      0         0      
       aeabi_memset.S.obj             26      0         0      
       aeabi_uldivmod.S.obj           20      0         0      
       aeabi_ddiv.c.obj               8       0         0      
       aeabi_dmul.c.obj               8       0         0      
       aeabi_memcpy.S.obj             8       0         0      
       aeabi_div0.c.obj               4       0         0      
    +--+------------------------------+-------+---------+---------+
       Total:                         2788    0         0      
                                                               
    /home/hua/ti/mspm0_sdk_2_11_00_07/source/ti/driverlib/lib/ticlang/m0p/mspm0g1x0x_g3x0x/driverlib.a
       dl_timer.o                     608     0         0      
       dl_sysctl_mspm0g1x0x_g3x0x.o   416     0         0      
       dl_uart.o                      222     0         0      
       dl_dma.o                       76      0         0      
       dl_common.o                    10      0         0      
    +--+------------------------------+-------+---------+---------+
       Total:                         1332    0         0      
                                                               
       Stack:                         0       0         512    
       Linker Generated:              0       53        0      
    +--+------------------------------+-------+---------+---------+
       Grand Total:                   21574   950       1153   


LINKER GENERATED COPY TABLES

__TI_cinit_table @ 00005828 records: 2, size/record: 8, table size: 16
	.data: load addr=00005800, load size=00000011 bytes, run addr=20200274, run size=00000011 bytes, compression=lzss
	.bss: load addr=00005820, load size=00000008 bytes, run addr=20200000, run size=00000272 bytes, compression=zero_init


LINKER GENERATED HANDLER TABLE

__TI_handler_table @ 00005814 records: 3, size/record: 4, table size: 12
	index: 0, handler: __TI_decompress_lzss
	index: 1, handler: __TI_decompress_none
	index: 2, handler: __TI_zero_init


FAR CALL TRAMPOLINES

callee name               trampoline name
   callee addr  tramp addr   call addr  call info
--------------  -----------  ---------  ----------------
__aeabi_dsub              $Tramp$TT$L$PI$$__aeabi_dsub
   000024a5     00005468     00005466   libc.a : _printfi.c.obj (.text.OUTLINED_FUNCTION_0)
__aeabi_dcmpeq            $Tramp$TT$L$PI$$__aeabi_dcmpeq
   00004075     000054b0     000054ac   libc.a : strtod.c.obj (.text.OUTLINED_FUNCTION_1)
_c_int00_noargs           $Tramp$TT$L$PI$$_c_int00_noargs
   00004cf5     00005510     0000550a   startup_mspm0g350x_ticlang.o (.text.Reset_Handler)

[3 trampolines]
[3 trampoline calls]


GLOBAL SYMBOLS: SORTED ALPHABETICALLY BY Name 

address   name                                 
-------   ----                                 
00005503  ADC0_IRQHandler                      
00005503  ADC1_IRQHandler                      
00005503  AES_IRQHandler                       
00005506  C$$EXIT                              
00005503  CANFD0_IRQHandler                    
000045e1  Camera_Init                          
00004bb5  Control_Angle_Init                   
00003ac5  Control_Angle_Loop                   
00005503  DAC0_IRQHandler                      
00005455  DL_Common_delayCycles                
00004421  DL_DMA_initChannel                   
00004f9d  DL_SYSCTL_configFCC                  
000034b9  DL_SYSCTL_configSYSPLL               
00003fb5  DL_SYSCTL_setHFCLKSourceHFXTParams   
00004625  DL_SYSCTL_switchMCLKfromSYSOSCtoHSCLK
00002ef9  DL_Timer_initFourCCPWMMode           
00002ffd  DL_Timer_initTimerMode               
00005029  DL_Timer_setCaptCompUpdateMethod     
000051bd  DL_Timer_setCaptureCompareOutCtl     
00005401  DL_Timer_setCaptureCompareValue      
00005045  DL_Timer_setClockConfig              
00004235  DL_UART_drainRXFIFO                  
00004551  DL_UART_init                         
00005389  DL_UART_setClockConfig               
00004a19  DL_UART_transmitDataBlocking         
00005503  DMA_IRQHandler                       
00005503  Default_Handler                      
00005503  GROUP0_IRQHandler                    
00005503  GROUP1_IRQHandler                    
00005507  HOSTexit                             
00005503  HardFault_Handler                    
00005503  I2C0_IRQHandler                      
00005503  I2C1_IRQHandler                      
00004eef  Motor_Coast                          
000042dd  Motor_Init                           
00003bbd  Motor_Run                            
00005503  NMI_Handler                          
00005503  PendSV_Handler                       
00005503  RTC_IRQHandler                       
0000550b  Reset_Handler                        
00005503  SPI0_IRQHandler                      
00005503  SPI1_IRQHandler                      
00005503  SVC_Handler                          
00004381  SYSCFG_DL_DEBUG_init                 
0000524d  SYSCFG_DL_DMA_CH0_init               
00005265  SYSCFG_DL_DMA_WIT_init               
00005449  SYSCFG_DL_DMA_init                   
00002639  SYSCFG_DL_GPIO_init                  
00003895  SYSCFG_DL_PWM_0_init                 
000032e9  SYSCFG_DL_SYSCTL_SYSPLL_init         
00003c35  SYSCFG_DL_SYSCTL_init                
00004955  SYSCFG_DL_TIMER_0_init               
00003e15  SYSCFG_DL_UART_K230_init             
00003e7d  SYSCFG_DL_UART_WIT_init              
00004831  SYSCFG_DL_init                       
00003921  SYSCFG_DL_initPower                  
00004ad9  Send_String                          
00005503  SysTick_Handler                      
00005503  TIMA0_IRQHandler                     
0000507d  TIMA1_IRQHandler                     
00005503  TIMG0_IRQHandler                     
00005503  TIMG12_IRQHandler                    
00005503  TIMG6_IRQHandler                     
00005503  TIMG7_IRQHandler                     
00005503  TIMG8_IRQHandler                     
000053ad  TI_memcpy_small                      
0000542f  TI_memset_small                      
00002637  Timer_Init                           
00005503  UART0_IRQHandler                     
00002cb5  UART1_IRQHandler                     
00001b75  UART2_IRQHandler                     
00005503  UART3_IRQHandler                     
00004669  WIT_Init                             
20208000  __STACK_END                          
00000200  __STACK_SIZE                         
00000000  __TI_ATRegion0_region_sz             
00000000  __TI_ATRegion0_src_addr              
00000000  __TI_ATRegion0_trg_addr              
00000000  __TI_ATRegion1_region_sz             
00000000  __TI_ATRegion1_src_addr              
00000000  __TI_ATRegion1_trg_addr              
00000000  __TI_ATRegion2_region_sz             
00000000  __TI_ATRegion2_src_addr              
00000000  __TI_ATRegion2_trg_addr              
00005828  __TI_CINIT_Base                      
00005838  __TI_CINIT_Limit                     
00005838  __TI_CINIT_Warm                      
00005814  __TI_Handler_Table_Base              
00005820  __TI_Handler_Table_Limit             
0000486d  __TI_auto_init_nobinit_nopinit       
00003b41  __TI_decompress_lzss                 
000053bf  __TI_decompress_none                 
0000412b  __TI_ltoa                            
ffffffff  __TI_pprof_out_hndl                  
00000d49  __TI_printfi                         
ffffffff  __TI_prof_data_size                  
ffffffff  __TI_prof_data_start                 
000000c1  __TI_scanfi                          
00000000  __TI_static_base__                   
000052ab  __TI_zero_init_nomemset              
000024af  __adddf3                             
0000367b  __addsf3                             
00005530  __aeabi_ctype_table_                 
00005530  __aeabi_ctype_table_C                
00003da1  __aeabi_d2f                          
00004505  __aeabi_d2iz                         
000024af  __aeabi_dadd                         
00004075  __aeabi_dcmpeq                       
000040ab  __aeabi_dcmpge                       
000040bd  __aeabi_dcmpgt                       
00004099  __aeabi_dcmple                       
00004087  __aeabi_dcmplt                       
00004a49  __aeabi_dcmpun                       
000054c9  __aeabi_ddiv                         
000054d1  __aeabi_dmul                         
000024a5  __aeabi_dsub                         
20200274  __aeabi_errno                        
000054d9  __aeabi_errno_addr                   
00004775  __aeabi_f2d                          
0000491d  __aeabi_f2iz                         
0000367b  __aeabi_fadd                         
000040d1  __aeabi_fcmpeq                       
00004107  __aeabi_fcmpge                       
00004119  __aeabi_fcmpgt                       
000040f5  __aeabi_fcmple                       
000040e3  __aeabi_fcmplt                       
00003a23  __aeabi_fcmpun                       
00003a39  __aeabi_fmul                         
00003671  __aeabi_fsub                         
00004b89  __aeabi_i2d                          
000041dd  __aeabi_idiv                         
00002ef7  __aeabi_idiv0                        
000041dd  __aeabi_idivmod                      
000037ef  __aeabi_ldiv0                        
00004f0d  __aeabi_llsl                         
00004e49  __aeabi_lmul                         
000050a7  __aeabi_memclr                       
000050a7  __aeabi_memclr4                      
000050a7  __aeabi_memclr8                      
000054e9  __aeabi_memcpy                       
000054e9  __aeabi_memcpy4                      
000054e9  __aeabi_memcpy8                      
00005099  __aeabi_memset                       
00005099  __aeabi_memset4                      
00005099  __aeabi_memset8                      
00004e25  __aeabi_ui2d                         
00004735  __aeabi_uidiv                        
00004735  __aeabi_uidivmod                     
00005375  __aeabi_uldivmod                     
00004f0d  __ashldi3                            
ffffffff  __binit__                            
00003ee5  __cmpdf2                             
000039ad  __cmpsf2                             
00002ddd  __divdf3                             
00003ee5  __eqdf2                              
000039ad  __eqsf2                              
00004775  __extendsfdf2                        
00004505  __fixdfsi                            
0000491d  __fixsfsi                            
00004b89  __floatsidf                          
00004e25  __floatunsidf                        
00003cad  __gedf2                              
000039e7  __gesf2                              
00003cad  __gtdf2                              
000039e7  __gtsf2                              
00003ee5  __ledf2                              
000039ad  __lesf2                              
00003ee5  __ltdf2                              
000039ad  __ltsf2                              
UNDEFED   __mpu_init                           
000033d5  __muldf3                             
00004e49  __muldi3                             
000048a9  __muldsi3                            
00003a39  __mulsf3                             
00003ee5  __nedf2                              
000039ad  __nesf2                              
20207e00  __stack                              
20200000  __start___llvm_prf_bits              
20200000  __start___llvm_prf_cnts              
20200000  __stop___llvm_prf_bits               
20200000  __stop___llvm_prf_cnts               
000024a5  __subdf3                             
00003671  __subsf3                             
00003da1  __truncdfsf2                         
000037f1  __udivmoddi4                         
00004a49  __unorddf2                           
00003a23  __unordsf2                           
00004cf5  _c_int00_noargs                      
UNDEFED   _system_post_cinit                   
00005521  _system_pre_init                     
000054fd  abort                                
000046ad  atoi                                 
ffffffff  binit                                
202001b8  cam_dmaBuffer                        
2020026c  camera_data                          
20200278  flag_led                             
00004019  frexp                                
00004019  frexpl                               
20200000  gPWM_0Backup                         
202000bc  gTIMER_0Backup                       
00000000  interruptVectors                     
00003595  ldexp                                
00003595  ldexpl                               
000031f5  main                                 
00004e6d  memccpy                              
2020023c  motor_left                           
20200254  motor_right                          
2020027c  next_log                             
00004db5  pid_calculate_angle_positional       
000047b5  pid_constrain                        
000043d1  pid_init                             
00003595  scalbn                               
00003595  scalbnl                              
000048e5  sprintf                              
00004aa9  sscanf                               
000017c5  strtod                               
0000290d  strtol                               
000017c5  strtold                              
000022c9  strtoll                              
00002b89  strtoul                              
000027a5  strtoull                             
20200280  sys_tick                             
00005411  wcslen                               
2020021c  wit_data                             
202001d9  wit_dmaBuffer                        
20200178  yaw_pid                              


GLOBAL SYMBOLS: SORTED BY Symbol Address 

address   name                                 
-------   ----                                 
00000000  __TI_ATRegion0_region_sz             
00000000  __TI_ATRegion0_src_addr              
00000000  __TI_ATRegion0_trg_addr              
00000000  __TI_ATRegion1_region_sz             
00000000  __TI_ATRegion1_src_addr              
00000000  __TI_ATRegion1_trg_addr              
00000000  __TI_ATRegion2_region_sz             
00000000  __TI_ATRegion2_src_addr              
00000000  __TI_ATRegion2_trg_addr              
00000000  __TI_static_base__                   
00000000  interruptVectors                     
000000c1  __TI_scanfi                          
00000200  __STACK_SIZE                         
00000d49  __TI_printfi                         
000017c5  strtod                               
000017c5  strtold                              
00001b75  UART2_IRQHandler                     
000022c9  strtoll                              
000024a5  __aeabi_dsub                         
000024a5  __subdf3                             
000024af  __adddf3                             
000024af  __aeabi_dadd                         
00002637  Timer_Init                           
00002639  SYSCFG_DL_GPIO_init                  
000027a5  strtoull                             
0000290d  strtol                               
00002b89  strtoul                              
00002cb5  UART1_IRQHandler                     
00002ddd  __divdf3                             
00002ef7  __aeabi_idiv0                        
00002ef9  DL_Timer_initFourCCPWMMode           
00002ffd  DL_Timer_initTimerMode               
000031f5  main                                 
000032e9  SYSCFG_DL_SYSCTL_SYSPLL_init         
000033d5  __muldf3                             
000034b9  DL_SYSCTL_configSYSPLL               
00003595  ldexp                                
00003595  ldexpl                               
00003595  scalbn                               
00003595  scalbnl                              
00003671  __aeabi_fsub                         
00003671  __subsf3                             
0000367b  __addsf3                             
0000367b  __aeabi_fadd                         
000037ef  __aeabi_ldiv0                        
000037f1  __udivmoddi4                         
00003895  SYSCFG_DL_PWM_0_init                 
00003921  SYSCFG_DL_initPower                  
000039ad  __cmpsf2                             
000039ad  __eqsf2                              
000039ad  __lesf2                              
000039ad  __ltsf2                              
000039ad  __nesf2                              
000039e7  __gesf2                              
000039e7  __gtsf2                              
00003a23  __aeabi_fcmpun                       
00003a23  __unordsf2                           
00003a39  __aeabi_fmul                         
00003a39  __mulsf3                             
00003ac5  Control_Angle_Loop                   
00003b41  __TI_decompress_lzss                 
00003bbd  Motor_Run                            
00003c35  SYSCFG_DL_SYSCTL_init                
00003cad  __gedf2                              
00003cad  __gtdf2                              
00003da1  __aeabi_d2f                          
00003da1  __truncdfsf2                         
00003e15  SYSCFG_DL_UART_K230_init             
00003e7d  SYSCFG_DL_UART_WIT_init              
00003ee5  __cmpdf2                             
00003ee5  __eqdf2                              
00003ee5  __ledf2                              
00003ee5  __ltdf2                              
00003ee5  __nedf2                              
00003fb5  DL_SYSCTL_setHFCLKSourceHFXTParams   
00004019  frexp                                
00004019  frexpl                               
00004075  __aeabi_dcmpeq                       
00004087  __aeabi_dcmplt                       
00004099  __aeabi_dcmple                       
000040ab  __aeabi_dcmpge                       
000040bd  __aeabi_dcmpgt                       
000040d1  __aeabi_fcmpeq                       
000040e3  __aeabi_fcmplt                       
000040f5  __aeabi_fcmple                       
00004107  __aeabi_fcmpge                       
00004119  __aeabi_fcmpgt                       
0000412b  __TI_ltoa                            
000041dd  __aeabi_idiv                         
000041dd  __aeabi_idivmod                      
00004235  DL_UART_drainRXFIFO                  
000042dd  Motor_Init                           
00004381  SYSCFG_DL_DEBUG_init                 
000043d1  pid_init                             
00004421  DL_DMA_initChannel                   
00004505  __aeabi_d2iz                         
00004505  __fixdfsi                            
00004551  DL_UART_init                         
000045e1  Camera_Init                          
00004625  DL_SYSCTL_switchMCLKfromSYSOSCtoHSCLK
00004669  WIT_Init                             
000046ad  atoi                                 
00004735  __aeabi_uidiv                        
00004735  __aeabi_uidivmod                     
00004775  __aeabi_f2d                          
00004775  __extendsfdf2                        
000047b5  pid_constrain                        
00004831  SYSCFG_DL_init                       
0000486d  __TI_auto_init_nobinit_nopinit       
000048a9  __muldsi3                            
000048e5  sprintf                              
0000491d  __aeabi_f2iz                         
0000491d  __fixsfsi                            
00004955  SYSCFG_DL_TIMER_0_init               
00004a19  DL_UART_transmitDataBlocking         
00004a49  __aeabi_dcmpun                       
00004a49  __unorddf2                           
00004aa9  sscanf                               
00004ad9  Send_String                          
00004b89  __aeabi_i2d                          
00004b89  __floatsidf                          
00004bb5  Control_Angle_Init                   
00004cf5  _c_int00_noargs                      
00004db5  pid_calculate_angle_positional       
00004e25  __aeabi_ui2d                         
00004e25  __floatunsidf                        
00004e49  __aeabi_lmul                         
00004e49  __muldi3                             
00004e6d  memccpy                              
00004eef  Motor_Coast                          
00004f0d  __aeabi_llsl                         
00004f0d  __ashldi3                            
00004f9d  DL_SYSCTL_configFCC                  
00005029  DL_Timer_setCaptCompUpdateMethod     
00005045  DL_Timer_setClockConfig              
0000507d  TIMA1_IRQHandler                     
00005099  __aeabi_memset                       
00005099  __aeabi_memset4                      
00005099  __aeabi_memset8                      
000050a7  __aeabi_memclr                       
000050a7  __aeabi_memclr4                      
000050a7  __aeabi_memclr8                      
000051bd  DL_Timer_setCaptureCompareOutCtl     
0000524d  SYSCFG_DL_DMA_CH0_init               
00005265  SYSCFG_DL_DMA_WIT_init               
000052ab  __TI_zero_init_nomemset              
00005375  __aeabi_uldivmod                     
00005389  DL_UART_setClockConfig               
000053ad  TI_memcpy_small                      
000053bf  __TI_decompress_none                 
00005401  DL_Timer_setCaptureCompareValue      
00005411  wcslen                               
0000542f  TI_memset_small                      
00005449  SYSCFG_DL_DMA_init                   
00005455  DL_Common_delayCycles                
000054c9  __aeabi_ddiv                         
000054d1  __aeabi_dmul                         
000054d9  __aeabi_errno_addr                   
000054e9  __aeabi_memcpy                       
000054e9  __aeabi_memcpy4                      
000054e9  __aeabi_memcpy8                      
000054fd  abort                                
00005503  ADC0_IRQHandler                      
00005503  ADC1_IRQHandler                      
00005503  AES_IRQHandler                       
00005503  CANFD0_IRQHandler                    
00005503  DAC0_IRQHandler                      
00005503  DMA_IRQHandler                       
00005503  Default_Handler                      
00005503  GROUP0_IRQHandler                    
00005503  GROUP1_IRQHandler                    
00005503  HardFault_Handler                    
00005503  I2C0_IRQHandler                      
00005503  I2C1_IRQHandler                      
00005503  NMI_Handler                          
00005503  PendSV_Handler                       
00005503  RTC_IRQHandler                       
00005503  SPI0_IRQHandler                      
00005503  SPI1_IRQHandler                      
00005503  SVC_Handler                          
00005503  SysTick_Handler                      
00005503  TIMA0_IRQHandler                     
00005503  TIMG0_IRQHandler                     
00005503  TIMG12_IRQHandler                    
00005503  TIMG6_IRQHandler                     
00005503  TIMG7_IRQHandler                     
00005503  TIMG8_IRQHandler                     
00005503  UART0_IRQHandler                     
00005503  UART3_IRQHandler                     
00005506  C$$EXIT                              
00005507  HOSTexit                             
0000550b  Reset_Handler                        
00005521  _system_pre_init                     
00005530  __aeabi_ctype_table_                 
00005530  __aeabi_ctype_table_C                
00005814  __TI_Handler_Table_Base              
00005820  __TI_Handler_Table_Limit             
00005828  __TI_CINIT_Base                      
00005838  __TI_CINIT_Limit                     
00005838  __TI_CINIT_Warm                      
20200000  __start___llvm_prf_bits              
20200000  __start___llvm_prf_cnts              
20200000  __stop___llvm_prf_bits               
20200000  __stop___llvm_prf_cnts               
20200000  gPWM_0Backup                         
202000bc  gTIMER_0Backup                       
20200178  yaw_pid                              
202001b8  cam_dmaBuffer                        
202001d9  wit_dmaBuffer                        
2020021c  wit_data                             
2020023c  motor_left                           
20200254  motor_right                          
2020026c  camera_data                          
20200274  __aeabi_errno                        
20200278  flag_led                             
2020027c  next_log                             
20200280  sys_tick                             
20207e00  __stack                              
20208000  __STACK_END                          
ffffffff  __TI_pprof_out_hndl                  
ffffffff  __TI_prof_data_size                  
ffffffff  __TI_prof_data_start                 
ffffffff  __binit__                            
ffffffff  binit                                
UNDEFED   __mpu_init                           
UNDEFED   _system_post_cinit                   

[226 symbols]
