<?xml version="1.0" encoding="ISO-8859-1" ?>
<link_info>
   <banner>TI ARM Clang Linker Unix v5.1.1.LTS</banner>
   <copyright>Copyright (c) 1996-2018 Texas Instruments Incorporated</copyright>
   <command_line>/home/hua/ti/ccs2100/ccs/tools/compiler/ti-cgt-armllvm_5.1.1.LTS/bin/tiarmlnk -I/home/hua/ti/ccs2100/ccs/tools/compiler/ti-cgt-armllvm_5.1.1.LTS/lib -o car.out --cg_opt_level=0 -mcar.map -i/home/hua/ti/mspm0_sdk_2_11_00_07/source -i/home/hua/workspace_ccstheia/car -i/home/hua/workspace_ccstheia/car/Debug/syscfg -i/home/hua/ti/ccs2100/ccs/tools/compiler/ti-cgt-armllvm_5.1.1.LTS/lib --diag_wrap=off --display_error_number --warn_sections --xml_link_info=car_linkInfo.xml --rom_model ./empty.o ./ti_msp_dl_config.o ./startup_mspm0g350x_ticlang.o ./APP/CAMERA/camera.o ./APP/CONTROL/control.o ./APP/MOTOR/motor.o ./APP/PID/pid.o ./APP/TIMER/timer.o ./APP/WIT/wit.o -l./device_linker.cmd -ldevice.cmd.genlibs -llibc.a --start-group -llibc++.a -llibc++abi.a -llibc.a -llibsys.a -llibsysbm.a -llibclang_rt.builtins.a -llibclang_rt.profile.a --end-group</command_line>
   <link_time>0x6a686893</link_time>
   <link_errors>0x0</link_errors>
   <output_file>/home/hua/workspace_ccstheia/car/Debug/car.out</output_file>
   <entry_point>
      <name>_c_int00_noargs</name>
      <address>0x4cf5</address>
   </entry_point>
   <input_file_list>
      <input_file id="fl-1">
         <path>/home/hua/workspace_ccstheia/car/Debug/./</path>
         <kind>object</kind>
         <file>empty.o</file>
         <name>empty.o</name>
      </input_file>
      <input_file id="fl-2">
         <path>/home/hua/workspace_ccstheia/car/Debug/./</path>
         <kind>object</kind>
         <file>ti_msp_dl_config.o</file>
         <name>ti_msp_dl_config.o</name>
      </input_file>
      <input_file id="fl-3">
         <path>/home/hua/workspace_ccstheia/car/Debug/./</path>
         <kind>object</kind>
         <file>startup_mspm0g350x_ticlang.o</file>
         <name>startup_mspm0g350x_ticlang.o</name>
      </input_file>
      <input_file id="fl-4">
         <path>/home/hua/workspace_ccstheia/car/Debug/./APP/CAMERA/</path>
         <kind>object</kind>
         <file>camera.o</file>
         <name>camera.o</name>
      </input_file>
      <input_file id="fl-5">
         <path>/home/hua/workspace_ccstheia/car/Debug/./APP/CONTROL/</path>
         <kind>object</kind>
         <file>control.o</file>
         <name>control.o</name>
      </input_file>
      <input_file id="fl-6">
         <path>/home/hua/workspace_ccstheia/car/Debug/./APP/MOTOR/</path>
         <kind>object</kind>
         <file>motor.o</file>
         <name>motor.o</name>
      </input_file>
      <input_file id="fl-7">
         <path>/home/hua/workspace_ccstheia/car/Debug/./APP/PID/</path>
         <kind>object</kind>
         <file>pid.o</file>
         <name>pid.o</name>
      </input_file>
      <input_file id="fl-8">
         <path>/home/hua/workspace_ccstheia/car/Debug/./APP/TIMER/</path>
         <kind>object</kind>
         <file>timer.o</file>
         <name>timer.o</name>
      </input_file>
      <input_file id="fl-9">
         <path>/home/hua/workspace_ccstheia/car/Debug/./APP/WIT/</path>
         <kind>object</kind>
         <file>wit.o</file>
         <name>wit.o</name>
      </input_file>
      <input_file id="fl-16">
         <path>/home/hua/workspace_ccstheia/car/Debug/</path>
         <kind>object</kind>
         <file>&lt;internal&gt;</file>
         <name>&lt;internal&gt;</name>
      </input_file>
      <input_file id="fl-17">
         <path>/home/hua/ti/mspm0_sdk_2_11_00_07/source/ti/driverlib/lib/ticlang/m0p/mspm0g1x0x_g3x0x/</path>
         <kind>archive</kind>
         <file>driverlib.a</file>
         <name>dl_common.o</name>
      </input_file>
      <input_file id="fl-18">
         <path>/home/hua/ti/mspm0_sdk_2_11_00_07/source/ti/driverlib/lib/ticlang/m0p/mspm0g1x0x_g3x0x/</path>
         <kind>archive</kind>
         <file>driverlib.a</file>
         <name>dl_dma.o</name>
      </input_file>
      <input_file id="fl-19">
         <path>/home/hua/ti/mspm0_sdk_2_11_00_07/source/ti/driverlib/lib/ticlang/m0p/mspm0g1x0x_g3x0x/</path>
         <kind>archive</kind>
         <file>driverlib.a</file>
         <name>dl_timer.o</name>
      </input_file>
      <input_file id="fl-1a">
         <path>/home/hua/ti/mspm0_sdk_2_11_00_07/source/ti/driverlib/lib/ticlang/m0p/mspm0g1x0x_g3x0x/</path>
         <kind>archive</kind>
         <file>driverlib.a</file>
         <name>dl_uart.o</name>
      </input_file>
      <input_file id="fl-1b">
         <path>/home/hua/ti/mspm0_sdk_2_11_00_07/source/ti/driverlib/lib/ticlang/m0p/mspm0g1x0x_g3x0x/</path>
         <kind>archive</kind>
         <file>driverlib.a</file>
         <name>dl_sysctl_mspm0g1x0x_g3x0x.o</name>
      </input_file>
      <input_file id="fl-38">
         <path>/home/hua/ti/ccs2100/ccs/tools/compiler/ti-cgt-armllvm_5.1.1.LTS/lib/armv6m-ti-none-eabi/c/</path>
         <kind>archive</kind>
         <file>libc.a</file>
         <name>sprintf.c.obj</name>
      </input_file>
      <input_file id="fl-39">
         <path>/home/hua/ti/ccs2100/ccs/tools/compiler/ti-cgt-armllvm_5.1.1.LTS/lib/armv6m-ti-none-eabi/c/</path>
         <kind>archive</kind>
         <file>libc.a</file>
         <name>sscanf.c.obj</name>
      </input_file>
      <input_file id="fl-3a">
         <path>/home/hua/ti/ccs2100/ccs/tools/compiler/ti-cgt-armllvm_5.1.1.LTS/lib/armv6m-ti-none-eabi/c/</path>
         <kind>archive</kind>
         <file>libc.a</file>
         <name>aeabi_ctype.S.obj</name>
      </input_file>
      <input_file id="fl-3b">
         <path>/home/hua/ti/ccs2100/ccs/tools/compiler/ti-cgt-armllvm_5.1.1.LTS/lib/armv6m-ti-none-eabi/c/</path>
         <kind>archive</kind>
         <file>libc.a</file>
         <name>copy_zero_init.c.obj</name>
      </input_file>
      <input_file id="fl-3c">
         <path>/home/hua/ti/ccs2100/ccs/tools/compiler/ti-cgt-armllvm_5.1.1.LTS/lib/armv6m-ti-none-eabi/c/</path>
         <kind>archive</kind>
         <file>libc.a</file>
         <name>copy_decompress_none.c.obj</name>
      </input_file>
      <input_file id="fl-3d">
         <path>/home/hua/ti/ccs2100/ccs/tools/compiler/ti-cgt-armllvm_5.1.1.LTS/lib/armv6m-ti-none-eabi/c/</path>
         <kind>archive</kind>
         <file>libc.a</file>
         <name>copy_decompress_lzss.c.obj</name>
      </input_file>
      <input_file id="fl-3e">
         <path>/home/hua/ti/ccs2100/ccs/tools/compiler/ti-cgt-armllvm_5.1.1.LTS/lib/armv6m-ti-none-eabi/c/</path>
         <kind>archive</kind>
         <file>libc.a</file>
         <name>boot_cortex_m.c.obj</name>
      </input_file>
      <input_file id="fl-3f">
         <path>/home/hua/ti/ccs2100/ccs/tools/compiler/ti-cgt-armllvm_5.1.1.LTS/lib/armv6m-ti-none-eabi/c/</path>
         <kind>archive</kind>
         <file>libc.a</file>
         <name>mathacl_init.c.obj</name>
      </input_file>
      <input_file id="fl-40">
         <path>/home/hua/ti/ccs2100/ccs/tools/compiler/ti-cgt-armllvm_5.1.1.LTS/lib/armv6m-ti-none-eabi/c/</path>
         <kind>archive</kind>
         <file>libc.a</file>
         <name>_printfi.c.obj</name>
      </input_file>
      <input_file id="fl-41">
         <path>/home/hua/ti/ccs2100/ccs/tools/compiler/ti-cgt-armllvm_5.1.1.LTS/lib/armv6m-ti-none-eabi/c/</path>
         <kind>archive</kind>
         <file>libc.a</file>
         <name>_scanfi.c.obj</name>
      </input_file>
      <input_file id="fl-42">
         <path>/home/hua/ti/ccs2100/ccs/tools/compiler/ti-cgt-armllvm_5.1.1.LTS/lib/armv6m-ti-none-eabi/c/</path>
         <kind>archive</kind>
         <file>libc.a</file>
         <name>aeabi_portable.c.obj</name>
      </input_file>
      <input_file id="fl-43">
         <path>/home/hua/ti/ccs2100/ccs/tools/compiler/ti-cgt-armllvm_5.1.1.LTS/lib/armv6m-ti-none-eabi/c/</path>
         <kind>archive</kind>
         <file>libc.a</file>
         <name>exit.c.obj</name>
      </input_file>
      <input_file id="fl-44">
         <path>/home/hua/ti/ccs2100/ccs/tools/compiler/ti-cgt-armllvm_5.1.1.LTS/lib/armv6m-ti-none-eabi/c/</path>
         <kind>archive</kind>
         <file>libc.a</file>
         <name>_lock.c.obj</name>
      </input_file>
      <input_file id="fl-45">
         <path>/home/hua/ti/ccs2100/ccs/tools/compiler/ti-cgt-armllvm_5.1.1.LTS/lib/armv6m-ti-none-eabi/c/</path>
         <kind>archive</kind>
         <file>libc.a</file>
         <name>_ltoa.c.obj</name>
      </input_file>
      <input_file id="fl-46">
         <path>/home/hua/ti/ccs2100/ccs/tools/compiler/ti-cgt-armllvm_5.1.1.LTS/lib/armv6m-ti-none-eabi/c/</path>
         <kind>archive</kind>
         <file>libc.a</file>
         <name>args_main.c.obj</name>
      </input_file>
      <input_file id="fl-47">
         <path>/home/hua/ti/ccs2100/ccs/tools/compiler/ti-cgt-armllvm_5.1.1.LTS/lib/armv6m-ti-none-eabi/c/</path>
         <kind>archive</kind>
         <file>libc.a</file>
         <name>assert.c.obj</name>
      </input_file>
      <input_file id="fl-48">
         <path>/home/hua/ti/ccs2100/ccs/tools/compiler/ti-cgt-armllvm_5.1.1.LTS/lib/armv6m-ti-none-eabi/c/</path>
         <kind>archive</kind>
         <file>libc.a</file>
         <name>atoi.c.obj</name>
      </input_file>
      <input_file id="fl-49">
         <path>/home/hua/ti/ccs2100/ccs/tools/compiler/ti-cgt-armllvm_5.1.1.LTS/lib/armv6m-ti-none-eabi/c/</path>
         <kind>archive</kind>
         <file>libc.a</file>
         <name>defs.c.obj</name>
      </input_file>
      <input_file id="fl-4a">
         <path>/home/hua/ti/ccs2100/ccs/tools/compiler/ti-cgt-armllvm_5.1.1.LTS/lib/armv6m-ti-none-eabi/c/</path>
         <kind>archive</kind>
         <file>libc.a</file>
         <name>memccpy.c.obj</name>
      </input_file>
      <input_file id="fl-4b">
         <path>/home/hua/ti/ccs2100/ccs/tools/compiler/ti-cgt-armllvm_5.1.1.LTS/lib/armv6m-ti-none-eabi/c/</path>
         <kind>archive</kind>
         <file>libc.a</file>
         <name>memory.c.obj</name>
      </input_file>
      <input_file id="fl-4c">
         <path>/home/hua/ti/ccs2100/ccs/tools/compiler/ti-cgt-armllvm_5.1.1.LTS/lib/armv6m-ti-none-eabi/c/</path>
         <kind>archive</kind>
         <file>libc.a</file>
         <name>strtod.c.obj</name>
      </input_file>
      <input_file id="fl-4d">
         <path>/home/hua/ti/ccs2100/ccs/tools/compiler/ti-cgt-armllvm_5.1.1.LTS/lib/armv6m-ti-none-eabi/c/</path>
         <kind>archive</kind>
         <file>libc.a</file>
         <name>strtol.c.obj</name>
      </input_file>
      <input_file id="fl-4e">
         <path>/home/hua/ti/ccs2100/ccs/tools/compiler/ti-cgt-armllvm_5.1.1.LTS/lib/armv6m-ti-none-eabi/c/</path>
         <kind>archive</kind>
         <file>libc.a</file>
         <name>strtoll.c.obj</name>
      </input_file>
      <input_file id="fl-4f">
         <path>/home/hua/ti/ccs2100/ccs/tools/compiler/ti-cgt-armllvm_5.1.1.LTS/lib/armv6m-ti-none-eabi/c/</path>
         <kind>archive</kind>
         <file>libc.a</file>
         <name>strtoul.c.obj</name>
      </input_file>
      <input_file id="fl-50">
         <path>/home/hua/ti/ccs2100/ccs/tools/compiler/ti-cgt-armllvm_5.1.1.LTS/lib/armv6m-ti-none-eabi/c/</path>
         <kind>archive</kind>
         <file>libc.a</file>
         <name>strtoull.c.obj</name>
      </input_file>
      <input_file id="fl-51">
         <path>/home/hua/ti/ccs2100/ccs/tools/compiler/ti-cgt-armllvm_5.1.1.LTS/lib/armv6m-ti-none-eabi/c/</path>
         <kind>archive</kind>
         <file>libc.a</file>
         <name>autoinit.c.obj</name>
      </input_file>
      <input_file id="fl-52">
         <path>/home/hua/ti/ccs2100/ccs/tools/compiler/ti-cgt-armllvm_5.1.1.LTS/lib/armv6m-ti-none-eabi/c/</path>
         <kind>archive</kind>
         <file>libc.a</file>
         <name>pre_init.c.obj</name>
      </input_file>
      <input_file id="fl-53">
         <path>/home/hua/ti/ccs2100/ccs/tools/compiler/ti-cgt-armllvm_5.1.1.LTS/lib/armv6m-ti-none-eabi/c/</path>
         <kind>archive</kind>
         <file>libc.a</file>
         <name>cpy_tbl.c.obj</name>
      </input_file>
      <input_file id="fl-54">
         <path>/home/hua/ti/ccs2100/ccs/tools/compiler/ti-cgt-armllvm_5.1.1.LTS/lib/armv6m-ti-none-eabi/c/</path>
         <kind>archive</kind>
         <file>libc.a</file>
         <name>s_frexp.c.obj</name>
      </input_file>
      <input_file id="fl-55">
         <path>/home/hua/ti/ccs2100/ccs/tools/compiler/ti-cgt-armllvm_5.1.1.LTS/lib/armv6m-ti-none-eabi/c/</path>
         <kind>archive</kind>
         <file>libc.a</file>
         <name>s_scalbn.c.obj</name>
      </input_file>
      <input_file id="fl-56">
         <path>/home/hua/ti/ccs2100/ccs/tools/compiler/ti-cgt-armllvm_5.1.1.LTS/lib/armv6m-ti-none-eabi/c/</path>
         <kind>archive</kind>
         <file>libc.a</file>
         <name>wcslen.c.obj</name>
      </input_file>
      <input_file id="fl-57">
         <path>/home/hua/ti/ccs2100/ccs/tools/compiler/ti-cgt-armllvm_5.1.1.LTS/lib/armv6m-ti-none-eabi/c/</path>
         <kind>archive</kind>
         <file>libc.a</file>
         <name>fflush.c.obj</name>
      </input_file>
      <input_file id="fl-58">
         <path>/home/hua/ti/ccs2100/ccs/tools/compiler/ti-cgt-armllvm_5.1.1.LTS/lib/armv6m-ti-none-eabi/c/</path>
         <kind>archive</kind>
         <file>libc.a</file>
         <name>fputs.c.obj</name>
      </input_file>
      <input_file id="fl-59">
         <path>/home/hua/ti/ccs2100/ccs/tools/compiler/ti-cgt-armllvm_5.1.1.LTS/lib/armv6m-ti-none-eabi/c/</path>
         <kind>archive</kind>
         <file>libc.a</file>
         <name>_io_perm.c.obj</name>
      </input_file>
      <input_file id="fl-5a">
         <path>/home/hua/ti/ccs2100/ccs/tools/compiler/ti-cgt-armllvm_5.1.1.LTS/lib/armv6m-ti-none-eabi/c/</path>
         <kind>archive</kind>
         <file>libc.a</file>
         <name>setvbuf.c.obj</name>
      </input_file>
      <input_file id="fl-5b">
         <path>/home/hua/ti/ccs2100/ccs/tools/compiler/ti-cgt-armllvm_5.1.1.LTS/lib/armv6m-ti-none-eabi/c/</path>
         <kind>archive</kind>
         <file>libc.a</file>
         <name>fopen.c.obj</name>
      </input_file>
      <input_file id="fl-5c">
         <path>/home/hua/ti/ccs2100/ccs/tools/compiler/ti-cgt-armllvm_5.1.1.LTS/lib/armv6m-ti-none-eabi/c/</path>
         <kind>archive</kind>
         <file>libc.a</file>
         <name>fseek.c.obj</name>
      </input_file>
      <input_file id="fl-5d">
         <path>/home/hua/ti/ccs2100/ccs/tools/compiler/ti-cgt-armllvm_5.1.1.LTS/lib/armv6m-ti-none-eabi/c/</path>
         <kind>archive</kind>
         <file>libc.a</file>
         <name>fclose.c.obj</name>
      </input_file>
      <input_file id="fl-151">
         <path>/home/hua/ti/ccs2100/ccs/tools/compiler/ti-cgt-armllvm_5.1.1.LTS/lib/armv6m-ti-none-eabi/c/</path>
         <kind>archive</kind>
         <file>libsysbm.a</file>
         <name>hostexit.c.obj</name>
      </input_file>
      <input_file id="fl-152">
         <path>/home/hua/ti/ccs2100/ccs/tools/compiler/ti-cgt-armllvm_5.1.1.LTS/lib/armv6m-ti-none-eabi/c/</path>
         <kind>archive</kind>
         <file>libsysbm.a</file>
         <name>write.c.obj</name>
      </input_file>
      <input_file id="fl-153">
         <path>/home/hua/ti/ccs2100/ccs/tools/compiler/ti-cgt-armllvm_5.1.1.LTS/lib/armv6m-ti-none-eabi/c/</path>
         <kind>archive</kind>
         <file>libsysbm.a</file>
         <name>host_device.c.obj</name>
      </input_file>
      <input_file id="fl-154">
         <path>/home/hua/ti/ccs2100/ccs/tools/compiler/ti-cgt-armllvm_5.1.1.LTS/lib/armv6m-ti-none-eabi/c/</path>
         <kind>archive</kind>
         <file>libsysbm.a</file>
         <name>remove.c.obj</name>
      </input_file>
      <input_file id="fl-155">
         <path>/home/hua/ti/ccs2100/ccs/tools/compiler/ti-cgt-armllvm_5.1.1.LTS/lib/armv6m-ti-none-eabi/c/</path>
         <kind>archive</kind>
         <file>libsysbm.a</file>
         <name>open.c.obj</name>
      </input_file>
      <input_file id="fl-156">
         <path>/home/hua/ti/ccs2100/ccs/tools/compiler/ti-cgt-armllvm_5.1.1.LTS/lib/armv6m-ti-none-eabi/c/</path>
         <kind>archive</kind>
         <file>libsysbm.a</file>
         <name>lseek.c.obj</name>
      </input_file>
      <input_file id="fl-157">
         <path>/home/hua/ti/ccs2100/ccs/tools/compiler/ti-cgt-armllvm_5.1.1.LTS/lib/armv6m-ti-none-eabi/c/</path>
         <kind>archive</kind>
         <file>libsysbm.a</file>
         <name>close.c.obj</name>
      </input_file>
      <input_file id="fl-158">
         <path>/home/hua/ti/ccs2100/ccs/tools/compiler/ti-cgt-armllvm_5.1.1.LTS/lib/armv6m-ti-none-eabi/c/</path>
         <kind>archive</kind>
         <file>libsysbm.a</file>
         <name>unlink.c.obj</name>
      </input_file>
      <input_file id="fl-159">
         <path>/home/hua/ti/ccs2100/ccs/tools/compiler/ti-cgt-armllvm_5.1.1.LTS/lib/armv6m-ti-none-eabi/c/</path>
         <kind>archive</kind>
         <file>libsysbm.a</file>
         <name>hostclose.c.obj</name>
      </input_file>
      <input_file id="fl-15a">
         <path>/home/hua/ti/ccs2100/ccs/tools/compiler/ti-cgt-armllvm_5.1.1.LTS/lib/armv6m-ti-none-eabi/c/</path>
         <kind>archive</kind>
         <file>libsysbm.a</file>
         <name>hostlseek.c.obj</name>
      </input_file>
      <input_file id="fl-15b">
         <path>/home/hua/ti/ccs2100/ccs/tools/compiler/ti-cgt-armllvm_5.1.1.LTS/lib/armv6m-ti-none-eabi/c/</path>
         <kind>archive</kind>
         <file>libsysbm.a</file>
         <name>hostopen.c.obj</name>
      </input_file>
      <input_file id="fl-15c">
         <path>/home/hua/ti/ccs2100/ccs/tools/compiler/ti-cgt-armllvm_5.1.1.LTS/lib/armv6m-ti-none-eabi/c/</path>
         <kind>archive</kind>
         <file>libsysbm.a</file>
         <name>hostread.c.obj</name>
      </input_file>
      <input_file id="fl-15d">
         <path>/home/hua/ti/ccs2100/ccs/tools/compiler/ti-cgt-armllvm_5.1.1.LTS/lib/armv6m-ti-none-eabi/c/</path>
         <kind>archive</kind>
         <file>libsysbm.a</file>
         <name>hostrename.c.obj</name>
      </input_file>
      <input_file id="fl-15e">
         <path>/home/hua/ti/ccs2100/ccs/tools/compiler/ti-cgt-armllvm_5.1.1.LTS/lib/armv6m-ti-none-eabi/c/</path>
         <kind>archive</kind>
         <file>libsysbm.a</file>
         <name>hostunlink.c.obj</name>
      </input_file>
      <input_file id="fl-15f">
         <path>/home/hua/ti/ccs2100/ccs/tools/compiler/ti-cgt-armllvm_5.1.1.LTS/lib/armv6m-ti-none-eabi/c/</path>
         <kind>archive</kind>
         <file>libsysbm.a</file>
         <name>hostwrite.c.obj</name>
      </input_file>
      <input_file id="fl-160">
         <path>/home/hua/ti/ccs2100/ccs/tools/compiler/ti-cgt-armllvm_5.1.1.LTS/lib/armv6m-ti-none-eabi/c/</path>
         <kind>archive</kind>
         <file>libsysbm.a</file>
         <name>trgmsg.c.obj</name>
      </input_file>
      <input_file id="fl-161">
         <path>/home/hua/ti/ccs2100/ccs/tools/compiler/ti-cgt-armllvm_5.1.1.LTS/lib/armv6m-ti-none-eabi/</path>
         <kind>archive</kind>
         <file>libclang_rt.builtins.a</file>
         <name>addsf3.S.obj</name>
      </input_file>
      <input_file id="fl-162">
         <path>/home/hua/ti/ccs2100/ccs/tools/compiler/ti-cgt-armllvm_5.1.1.LTS/lib/armv6m-ti-none-eabi/</path>
         <kind>archive</kind>
         <file>libclang_rt.builtins.a</file>
         <name>adddf3.S.obj</name>
      </input_file>
      <input_file id="fl-163">
         <path>/home/hua/ti/ccs2100/ccs/tools/compiler/ti-cgt-armllvm_5.1.1.LTS/lib/armv6m-ti-none-eabi/</path>
         <kind>archive</kind>
         <file>libclang_rt.builtins.a</file>
         <name>mulsf3.S.obj</name>
      </input_file>
      <input_file id="fl-164">
         <path>/home/hua/ti/ccs2100/ccs/tools/compiler/ti-cgt-armllvm_5.1.1.LTS/lib/armv6m-ti-none-eabi/</path>
         <kind>archive</kind>
         <file>libclang_rt.builtins.a</file>
         <name>extendsfdf2.S.obj</name>
      </input_file>
      <input_file id="fl-165">
         <path>/home/hua/ti/ccs2100/ccs/tools/compiler/ti-cgt-armllvm_5.1.1.LTS/lib/armv6m-ti-none-eabi/</path>
         <kind>archive</kind>
         <file>libclang_rt.builtins.a</file>
         <name>fixdfsi.S.obj</name>
      </input_file>
      <input_file id="fl-166">
         <path>/home/hua/ti/ccs2100/ccs/tools/compiler/ti-cgt-armllvm_5.1.1.LTS/lib/armv6m-ti-none-eabi/</path>
         <kind>archive</kind>
         <file>libclang_rt.builtins.a</file>
         <name>fixsfsi.S.obj</name>
      </input_file>
      <input_file id="fl-167">
         <path>/home/hua/ti/ccs2100/ccs/tools/compiler/ti-cgt-armllvm_5.1.1.LTS/lib/armv6m-ti-none-eabi/</path>
         <kind>archive</kind>
         <file>libclang_rt.builtins.a</file>
         <name>floatsidf.S.obj</name>
      </input_file>
      <input_file id="fl-168">
         <path>/home/hua/ti/ccs2100/ccs/tools/compiler/ti-cgt-armllvm_5.1.1.LTS/lib/armv6m-ti-none-eabi/</path>
         <kind>archive</kind>
         <file>libclang_rt.builtins.a</file>
         <name>floatunsidf.S.obj</name>
      </input_file>
      <input_file id="fl-169">
         <path>/home/hua/ti/ccs2100/ccs/tools/compiler/ti-cgt-armllvm_5.1.1.LTS/lib/armv6m-ti-none-eabi/</path>
         <kind>archive</kind>
         <file>libclang_rt.builtins.a</file>
         <name>muldi3.S.obj</name>
      </input_file>
      <input_file id="fl-16a">
         <path>/home/hua/ti/ccs2100/ccs/tools/compiler/ti-cgt-armllvm_5.1.1.LTS/lib/armv6m-ti-none-eabi/</path>
         <kind>archive</kind>
         <file>libclang_rt.builtins.a</file>
         <name>truncdfsf2.S.obj</name>
      </input_file>
      <input_file id="fl-16b">
         <path>/home/hua/ti/ccs2100/ccs/tools/compiler/ti-cgt-armllvm_5.1.1.LTS/lib/armv6m-ti-none-eabi/</path>
         <kind>archive</kind>
         <file>libclang_rt.builtins.a</file>
         <name>comparedf2.c.obj</name>
      </input_file>
      <input_file id="fl-16c">
         <path>/home/hua/ti/ccs2100/ccs/tools/compiler/ti-cgt-armllvm_5.1.1.LTS/lib/armv6m-ti-none-eabi/</path>
         <kind>archive</kind>
         <file>libclang_rt.builtins.a</file>
         <name>aeabi_dcmp.S.obj</name>
      </input_file>
      <input_file id="fl-16d">
         <path>/home/hua/ti/ccs2100/ccs/tools/compiler/ti-cgt-armllvm_5.1.1.LTS/lib/armv6m-ti-none-eabi/</path>
         <kind>archive</kind>
         <file>libclang_rt.builtins.a</file>
         <name>aeabi_ddiv.c.obj</name>
      </input_file>
      <input_file id="fl-16e">
         <path>/home/hua/ti/ccs2100/ccs/tools/compiler/ti-cgt-armllvm_5.1.1.LTS/lib/armv6m-ti-none-eabi/</path>
         <kind>archive</kind>
         <file>libclang_rt.builtins.a</file>
         <name>aeabi_dmul.c.obj</name>
      </input_file>
      <input_file id="fl-16f">
         <path>/home/hua/ti/ccs2100/ccs/tools/compiler/ti-cgt-armllvm_5.1.1.LTS/lib/armv6m-ti-none-eabi/</path>
         <kind>archive</kind>
         <file>libclang_rt.builtins.a</file>
         <name>aeabi_fcmp.S.obj</name>
      </input_file>
      <input_file id="fl-170">
         <path>/home/hua/ti/ccs2100/ccs/tools/compiler/ti-cgt-armllvm_5.1.1.LTS/lib/armv6m-ti-none-eabi/</path>
         <kind>archive</kind>
         <file>libclang_rt.builtins.a</file>
         <name>aeabi_idivmod.S.obj</name>
      </input_file>
      <input_file id="fl-171">
         <path>/home/hua/ti/ccs2100/ccs/tools/compiler/ti-cgt-armllvm_5.1.1.LTS/lib/armv6m-ti-none-eabi/</path>
         <kind>archive</kind>
         <file>libclang_rt.builtins.a</file>
         <name>aeabi_uidivmod.S.obj</name>
      </input_file>
      <input_file id="fl-172">
         <path>/home/hua/ti/ccs2100/ccs/tools/compiler/ti-cgt-armllvm_5.1.1.LTS/lib/armv6m-ti-none-eabi/</path>
         <kind>archive</kind>
         <file>libclang_rt.builtins.a</file>
         <name>aeabi_uldivmod.S.obj</name>
      </input_file>
      <input_file id="fl-173">
         <path>/home/hua/ti/ccs2100/ccs/tools/compiler/ti-cgt-armllvm_5.1.1.LTS/lib/armv6m-ti-none-eabi/</path>
         <kind>archive</kind>
         <file>libclang_rt.builtins.a</file>
         <name>aeabi_memcpy.S.obj</name>
      </input_file>
      <input_file id="fl-174">
         <path>/home/hua/ti/ccs2100/ccs/tools/compiler/ti-cgt-armllvm_5.1.1.LTS/lib/armv6m-ti-none-eabi/</path>
         <kind>archive</kind>
         <file>libclang_rt.builtins.a</file>
         <name>aeabi_memset.S.obj</name>
      </input_file>
      <input_file id="fl-175">
         <path>/home/hua/ti/ccs2100/ccs/tools/compiler/ti-cgt-armllvm_5.1.1.LTS/lib/armv6m-ti-none-eabi/</path>
         <kind>archive</kind>
         <file>libclang_rt.builtins.a</file>
         <name>comparesf2.S.obj</name>
      </input_file>
      <input_file id="fl-176">
         <path>/home/hua/ti/ccs2100/ccs/tools/compiler/ti-cgt-armllvm_5.1.1.LTS/lib/armv6m-ti-none-eabi/</path>
         <kind>archive</kind>
         <file>libclang_rt.builtins.a</file>
         <name>udivmoddi4.S.obj</name>
      </input_file>
      <input_file id="fl-177">
         <path>/home/hua/ti/ccs2100/ccs/tools/compiler/ti-cgt-armllvm_5.1.1.LTS/lib/armv6m-ti-none-eabi/</path>
         <kind>archive</kind>
         <file>libclang_rt.builtins.a</file>
         <name>muldf3.S.obj</name>
      </input_file>
      <input_file id="fl-178">
         <path>/home/hua/ti/ccs2100/ccs/tools/compiler/ti-cgt-armllvm_5.1.1.LTS/lib/armv6m-ti-none-eabi/</path>
         <kind>archive</kind>
         <file>libclang_rt.builtins.a</file>
         <name>muldsi3.S.obj</name>
      </input_file>
      <input_file id="fl-179">
         <path>/home/hua/ti/ccs2100/ccs/tools/compiler/ti-cgt-armllvm_5.1.1.LTS/lib/armv6m-ti-none-eabi/</path>
         <kind>archive</kind>
         <file>libclang_rt.builtins.a</file>
         <name>ashldi3.S.obj</name>
      </input_file>
      <input_file id="fl-17a">
         <path>/home/hua/ti/ccs2100/ccs/tools/compiler/ti-cgt-armllvm_5.1.1.LTS/lib/armv6m-ti-none-eabi/</path>
         <kind>archive</kind>
         <file>libclang_rt.builtins.a</file>
         <name>divdf3.S.obj</name>
      </input_file>
      <input_file id="fl-17b">
         <path>/home/hua/ti/ccs2100/ccs/tools/compiler/ti-cgt-armllvm_5.1.1.LTS/lib/armv6m-ti-none-eabi/</path>
         <kind>archive</kind>
         <file>libclang_rt.builtins.a</file>
         <name>aeabi_div0.c.obj</name>
      </input_file>
      <input_file id="fl-17c">
         <path>/home/hua/ti/ccs2100/ccs/tools/compiler/ti-cgt-armllvm_5.1.1.LTS/lib/armv6m-ti-none-eabi/c/</path>
         <kind>archive</kind>
         <file>libc.a</file>
         <name>divdf3_fast.c.obj</name>
      </input_file>
      <input_file id="fl-17d">
         <path>/home/hua/ti/ccs2100/ccs/tools/compiler/ti-cgt-armllvm_5.1.1.LTS/lib/armv6m-ti-none-eabi/c/</path>
         <kind>archive</kind>
         <file>libc.a</file>
         <name>muldf3_fast.c.obj</name>
      </input_file>
      <input_file id="fl-17e">
         <path>/home/hua/ti/ccs2100/ccs/tools/compiler/ti-cgt-armllvm_5.1.1.LTS/lib/armv6m-ti-none-eabi/c/</path>
         <kind>archive</kind>
         <file>libc.a</file>
         <name>getdevice.c.obj</name>
      </input_file>
      <input_file id="fl-17f">
         <path>/home/hua/ti/ccs2100/ccs/tools/compiler/ti-cgt-armllvm_5.1.1.LTS/lib/armv6m-ti-none-eabi/c/</path>
         <kind>archive</kind>
         <file>libc.a</file>
         <name>memcpy16.S.obj</name>
      </input_file>
      <input_file id="fl-180">
         <path>/home/hua/ti/ccs2100/ccs/tools/compiler/ti-cgt-armllvm_5.1.1.LTS/lib/armv6m-ti-none-eabi/c/</path>
         <kind>archive</kind>
         <file>libc.a</file>
         <name>memset16.S.obj</name>
      </input_file>
      <input_file id="fl-181">
         <path>/home/hua/ti/ccs2100/ccs/tools/compiler/ti-cgt-armllvm_5.1.1.LTS/lib/armv6m-ti-none-eabi/c/</path>
         <kind>archive</kind>
         <file>libc.a</file>
         <name>strcmp-armv6m.S.obj</name>
      </input_file>
   </input_file_list>
   <object_component_list>
      <object_component id="oc-18">
         <name>.intvecs</name>
         <load_address>0x0</load_address>
         <readonly>true</readonly>
         <run_address>0x0</run_address>
         <size>0xc0</size>
         <alignment>0x4</alignment>
         <input_file_ref idref="fl-3"/>
      </object_component>
      <object_component id="oc-a3">
         <name>.text.__TI_scanfi</name>
         <load_address>0xc0</load_address>
         <readonly>true</readonly>
         <executable>true</executable>
         <run_address>0xc0</run_address>
         <size>0xc88</size>
         <alignment>0x4</alignment>
         <input_file_ref idref="fl-41"/>
      </object_component>
      <object_component id="oc-22e">
         <name>.text:__TI_printfi</name>
         <load_address>0xd48</load_address>
         <readonly>true</readonly>
         <executable>true</executable>
         <run_address>0xd48</run_address>
         <size>0xa7c</size>
         <alignment>0x4</alignment>
         <input_file_ref idref="fl-40"/>
      </object_component>
      <object_component id="oc-124">
         <name>.text.strtod</name>
         <load_address>0x17c4</load_address>
         <readonly>true</readonly>
         <executable>true</executable>
         <run_address>0x17c4</run_address>
         <size>0x3b0</size>
         <alignment>0x4</alignment>
         <input_file_ref idref="fl-4c"/>
      </object_component>
      <object_component id="oc-39">
         <name>.text.UART2_IRQHandler</name>
         <load_address>0x1b74</load_address>
         <readonly>true</readonly>
         <executable>true</executable>
         <run_address>0x1b74</run_address>
         <size>0x368</size>
         <alignment>0x4</alignment>
         <input_file_ref idref="fl-1"/>
      </object_component>
      <object_component id="oc-281">
         <name>.text._pconv_a</name>
         <load_address>0x1edc</load_address>
         <readonly>true</readonly>
         <executable>true</executable>
         <run_address>0x1edc</run_address>
         <size>0x20c</size>
         <alignment>0x4</alignment>
         <input_file_ref idref="fl-40"/>
      </object_component>
      <object_component id="oc-282">
         <name>.text._pconv_g</name>
         <load_address>0x20e8</load_address>
         <readonly>true</readonly>
         <executable>true</executable>
         <run_address>0x20e8</run_address>
         <size>0x1e0</size>
         <alignment>0x4</alignment>
         <input_file_ref idref="fl-40"/>
      </object_component>
      <object_component id="oc-132">
         <name>.text.strtoll</name>
         <load_address>0x22c8</load_address>
         <readonly>true</readonly>
         <executable>true</executable>
         <run_address>0x22c8</run_address>
         <size>0x1dc</size>
         <alignment>0x4</alignment>
         <input_file_ref idref="fl-4e"/>
      </object_component>
      <object_component id="oc-19e">
         <name>.text</name>
         <load_address>0x24a4</load_address>
         <readonly>true</readonly>
         <executable>true</executable>
         <run_address>0x24a4</run_address>
         <size>0x192</size>
         <alignment>0x4</alignment>
         <input_file_ref idref="fl-162"/>
      </object_component>
      <object_component id="oc-e0">
         <name>.text.Timer_Init</name>
         <load_address>0x2636</load_address>
         <readonly>true</readonly>
         <executable>true</executable>
         <run_address>0x2636</run_address>
         <size>0x2</size>
         <alignment>0x2</alignment>
         <input_file_ref idref="fl-8"/>
      </object_component>
      <object_component id="oc-159">
         <name>.text.SYSCFG_DL_GPIO_init</name>
         <load_address>0x2638</load_address>
         <readonly>true</readonly>
         <executable>true</executable>
         <run_address>0x2638</run_address>
         <size>0x16c</size>
         <alignment>0x4</alignment>
         <input_file_ref idref="fl-2"/>
      </object_component>
      <object_component id="oc-12a">
         <name>.text.strtoull</name>
         <load_address>0x27a4</load_address>
         <readonly>true</readonly>
         <executable>true</executable>
         <run_address>0x27a4</run_address>
         <size>0x168</size>
         <alignment>0x4</alignment>
         <input_file_ref idref="fl-50"/>
      </object_component>
      <object_component id="oc-136">
         <name>.text.strtol</name>
         <load_address>0x290c</load_address>
         <readonly>true</readonly>
         <executable>true</executable>
         <run_address>0x290c</run_address>
         <size>0x144</size>
         <alignment>0x4</alignment>
         <input_file_ref idref="fl-4d"/>
      </object_component>
      <object_component id="oc-2b7">
         <name>.text.fcvt</name>
         <load_address>0x2a50</load_address>
         <readonly>true</readonly>
         <executable>true</executable>
         <run_address>0x2a50</run_address>
         <size>0x138</size>
         <alignment>0x4</alignment>
         <input_file_ref idref="fl-40"/>
      </object_component>
      <object_component id="oc-12e">
         <name>.text.strtoul</name>
         <load_address>0x2b88</load_address>
         <readonly>true</readonly>
         <executable>true</executable>
         <run_address>0x2b88</run_address>
         <size>0x12c</size>
         <alignment>0x4</alignment>
         <input_file_ref idref="fl-4f"/>
      </object_component>
      <object_component id="oc-34">
         <name>.text.UART1_IRQHandler</name>
         <load_address>0x2cb4</load_address>
         <readonly>true</readonly>
         <executable>true</executable>
         <run_address>0x2cb4</run_address>
         <size>0x128</size>
         <alignment>0x4</alignment>
         <input_file_ref idref="fl-1"/>
      </object_component>
      <object_component id="oc-143">
         <name>.text</name>
         <load_address>0x2ddc</load_address>
         <readonly>true</readonly>
         <executable>true</executable>
         <run_address>0x2ddc</run_address>
         <size>0x11a</size>
         <alignment>0x4</alignment>
         <input_file_ref idref="fl-17a"/>
      </object_component>
      <object_component id="oc-257">
         <name>.text.__aeabi_idiv0</name>
         <load_address>0x2ef6</load_address>
         <readonly>true</readonly>
         <executable>true</executable>
         <run_address>0x2ef6</run_address>
         <size>0x2</size>
         <alignment>0x2</alignment>
         <input_file_ref idref="fl-17b"/>
      </object_component>
      <object_component id="oc-204">
         <name>.text.DL_Timer_initFourCCPWMMode</name>
         <load_address>0x2ef8</load_address>
         <readonly>true</readonly>
         <executable>true</executable>
         <run_address>0x2ef8</run_address>
         <size>0x104</size>
         <alignment>0x4</alignment>
         <input_file_ref idref="fl-19"/>
      </object_component>
      <object_component id="oc-20c">
         <name>.text.DL_Timer_initTimerMode</name>
         <load_address>0x2ffc</load_address>
         <readonly>true</readonly>
         <executable>true</executable>
         <run_address>0x2ffc</run_address>
         <size>0xfc</size>
         <alignment>0x4</alignment>
         <input_file_ref idref="fl-19"/>
      </object_component>
      <object_component id="oc-284">
         <name>.text._pconv_e</name>
         <load_address>0x30f8</load_address>
         <readonly>true</readonly>
         <executable>true</executable>
         <run_address>0x30f8</run_address>
         <size>0xfc</size>
         <alignment>0x4</alignment>
         <input_file_ref idref="fl-40"/>
      </object_component>
      <object_component id="oc-98">
         <name>.text.main</name>
         <load_address>0x31f4</load_address>
         <readonly>true</readonly>
         <executable>true</executable>
         <run_address>0x31f4</run_address>
         <size>0xf4</size>
         <alignment>0x4</alignment>
         <input_file_ref idref="fl-1"/>
      </object_component>
      <object_component id="oc-1fc">
         <name>.text.SYSCFG_DL_SYSCTL_SYSPLL_init</name>
         <load_address>0x32e8</load_address>
         <readonly>true</readonly>
         <executable>true</executable>
         <run_address>0x32e8</run_address>
         <size>0xec</size>
         <alignment>0x4</alignment>
         <input_file_ref idref="fl-2"/>
      </object_component>
      <object_component id="oc-14d">
         <name>.text</name>
         <load_address>0x33d4</load_address>
         <readonly>true</readonly>
         <executable>true</executable>
         <run_address>0x33d4</run_address>
         <size>0xe4</size>
         <alignment>0x4</alignment>
         <input_file_ref idref="fl-177"/>
      </object_component>
      <object_component id="oc-1fb">
         <name>.text.DL_SYSCTL_configSYSPLL</name>
         <load_address>0x34b8</load_address>
         <readonly>true</readonly>
         <executable>true</executable>
         <run_address>0x34b8</run_address>
         <size>0xdc</size>
         <alignment>0x4</alignment>
         <input_file_ref idref="fl-1b"/>
      </object_component>
      <object_component id="oc-1ab">
         <name>.text.scalbn</name>
         <load_address>0x3594</load_address>
         <readonly>true</readonly>
         <executable>true</executable>
         <run_address>0x3594</run_address>
         <size>0xdc</size>
         <alignment>0x4</alignment>
         <input_file_ref idref="fl-55"/>
      </object_component>
      <object_component id="oc-285">
         <name>.text</name>
         <load_address>0x3670</load_address>
         <readonly>true</readonly>
         <executable>true</executable>
         <run_address>0x3670</run_address>
         <size>0xd8</size>
         <alignment>0x4</alignment>
         <input_file_ref idref="fl-161"/>
      </object_component>
      <object_component id="oc-22f">
         <name>.text.pid_formula_angle_positional</name>
         <load_address>0x3748</load_address>
         <readonly>true</readonly>
         <executable>true</executable>
         <run_address>0x3748</run_address>
         <size>0xa6</size>
         <alignment>0x2</alignment>
         <input_file_ref idref="fl-7"/>
      </object_component>
      <object_component id="oc-297">
         <name>.text.__aeabi_ldiv0</name>
         <load_address>0x37ee</load_address>
         <readonly>true</readonly>
         <executable>true</executable>
         <run_address>0x37ee</run_address>
         <size>0x2</size>
         <alignment>0x2</alignment>
         <input_file_ref idref="fl-17b"/>
      </object_component>
      <object_component id="oc-252">
         <name>.text</name>
         <load_address>0x37f0</load_address>
         <readonly>true</readonly>
         <executable>true</executable>
         <run_address>0x37f0</run_address>
         <size>0xa2</size>
         <alignment>0x4</alignment>
         <input_file_ref idref="fl-176"/>
      </object_component>
      <object_component id="oc-15b">
         <name>.text.SYSCFG_DL_PWM_0_init</name>
         <load_address>0x3894</load_address>
         <readonly>true</readonly>
         <executable>true</executable>
         <run_address>0x3894</run_address>
         <size>0x8c</size>
         <alignment>0x4</alignment>
         <input_file_ref idref="fl-2"/>
      </object_component>
      <object_component id="oc-158">
         <name>.text.SYSCFG_DL_initPower</name>
         <load_address>0x3920</load_address>
         <readonly>true</readonly>
         <executable>true</executable>
         <run_address>0x3920</run_address>
         <size>0x8c</size>
         <alignment>0x4</alignment>
         <input_file_ref idref="fl-2"/>
      </object_component>
      <object_component id="oc-2bb">
         <name>.text</name>
         <load_address>0x39ac</load_address>
         <readonly>true</readonly>
         <executable>true</executable>
         <run_address>0x39ac</run_address>
         <size>0x8c</size>
         <alignment>0x4</alignment>
         <input_file_ref idref="fl-175"/>
      </object_component>
      <object_component id="oc-28b">
         <name>.text</name>
         <load_address>0x3a38</load_address>
         <readonly>true</readonly>
         <executable>true</executable>
         <run_address>0x3a38</run_address>
         <size>0x8c</size>
         <alignment>0x4</alignment>
         <input_file_ref idref="fl-163"/>
      </object_component>
      <object_component id="oc-f7">
         <name>.text.Control_Angle_Loop</name>
         <load_address>0x3ac4</load_address>
         <readonly>true</readonly>
         <executable>true</executable>
         <run_address>0x3ac4</run_address>
         <size>0x7c</size>
         <alignment>0x4</alignment>
         <input_file_ref idref="fl-5"/>
      </object_component>
      <object_component id="oc-1c">
         <name>.text:decompress:lzss</name>
         <load_address>0x3b40</load_address>
         <readonly>true</readonly>
         <executable>true</executable>
         <run_address>0x3b40</run_address>
         <size>0x7c</size>
         <alignment>0x4</alignment>
         <input_file_ref idref="fl-3d"/>
      </object_component>
      <object_component id="oc-188">
         <name>.text.Motor_Run</name>
         <load_address>0x3bbc</load_address>
         <readonly>true</readonly>
         <executable>true</executable>
         <run_address>0x3bbc</run_address>
         <size>0x78</size>
         <alignment>0x2</alignment>
         <input_file_ref idref="fl-6"/>
      </object_component>
      <object_component id="oc-15a">
         <name>.text.SYSCFG_DL_SYSCTL_init</name>
         <load_address>0x3c34</load_address>
         <readonly>true</readonly>
         <executable>true</executable>
         <run_address>0x3c34</run_address>
         <size>0x78</size>
         <alignment>0x4</alignment>
         <input_file_ref idref="fl-2"/>
      </object_component>
      <object_component id="oc-248">
         <name>.text.__gedf2</name>
         <load_address>0x3cac</load_address>
         <readonly>true</readonly>
         <executable>true</executable>
         <run_address>0x3cac</run_address>
         <size>0x74</size>
         <alignment>0x4</alignment>
         <input_file_ref idref="fl-16b"/>
      </object_component>
      <object_component id="oc-ab">
         <name>.text._chkmbc</name>
         <load_address>0x3d20</load_address>
         <readonly>true</readonly>
         <executable>true</executable>
         <run_address>0x3d20</run_address>
         <size>0x74</size>
         <alignment>0x4</alignment>
         <input_file_ref idref="fl-39"/>
      </object_component>
      <object_component id="oc-1fe">
         <name>.text.DL_SYSCTL_getClockStatus</name>
         <load_address>0x3d94</load_address>
         <readonly>true</readonly>
         <executable>true</executable>
         <run_address>0x3d94</run_address>
         <size>0xc</size>
         <alignment>0x4</alignment>
         <input_file_ref idref="fl-2"/>
      </object_component>
      <object_component id="oc-81">
         <name>.text</name>
         <load_address>0x3da0</load_address>
         <readonly>true</readonly>
         <executable>true</executable>
         <run_address>0x3da0</run_address>
         <size>0x74</size>
         <alignment>0x10</alignment>
         <input_file_ref idref="fl-16a"/>
      </object_component>
      <object_component id="oc-15f">
         <name>.text.SYSCFG_DL_UART_K230_init</name>
         <load_address>0x3e14</load_address>
         <readonly>true</readonly>
         <executable>true</executable>
         <run_address>0x3e14</run_address>
         <size>0x68</size>
         <alignment>0x4</alignment>
         <input_file_ref idref="fl-2"/>
      </object_component>
      <object_component id="oc-15e">
         <name>.text.SYSCFG_DL_UART_WIT_init</name>
         <load_address>0x3e7c</load_address>
         <readonly>true</readonly>
         <executable>true</executable>
         <run_address>0x3e7c</run_address>
         <size>0x68</size>
         <alignment>0x4</alignment>
         <input_file_ref idref="fl-2"/>
      </object_component>
      <object_component id="oc-242">
         <name>.text.__ledf2</name>
         <load_address>0x3ee4</load_address>
         <readonly>true</readonly>
         <executable>true</executable>
         <run_address>0x3ee4</run_address>
         <size>0x68</size>
         <alignment>0x4</alignment>
         <input_file_ref idref="fl-16b"/>
      </object_component>
      <object_component id="oc-2b6">
         <name>.text._mcpy</name>
         <load_address>0x3f4c</load_address>
         <readonly>true</readonly>
         <executable>true</executable>
         <run_address>0x3f4c</run_address>
         <size>0x66</size>
         <alignment>0x2</alignment>
         <input_file_ref idref="fl-40"/>
      </object_component>
      <object_component id="oc-1f5">
         <name>.text.DL_SYSCTL_setHFCLKSourceHFXTParams</name>
         <load_address>0x3fb4</load_address>
         <readonly>true</readonly>
         <executable>true</executable>
         <run_address>0x3fb4</run_address>
         <size>0x64</size>
         <alignment>0x4</alignment>
         <input_file_ref idref="fl-1b"/>
      </object_component>
      <object_component id="oc-2aa">
         <name>.text.frexp</name>
         <load_address>0x4018</load_address>
         <readonly>true</readonly>
         <executable>true</executable>
         <run_address>0x4018</run_address>
         <size>0x5c</size>
         <alignment>0x4</alignment>
         <input_file_ref idref="fl-54"/>
      </object_component>
      <object_component id="oc-1a2">
         <name>.text</name>
         <load_address>0x4074</load_address>
         <readonly>true</readonly>
         <executable>true</executable>
         <run_address>0x4074</run_address>
         <size>0x5a</size>
         <alignment>0x4</alignment>
         <input_file_ref idref="fl-16c"/>
      </object_component>
      <object_component id="oc-28f">
         <name>.text</name>
         <load_address>0x40d0</load_address>
         <readonly>true</readonly>
         <executable>true</executable>
         <run_address>0x40d0</run_address>
         <size>0x5a</size>
         <alignment>0x4</alignment>
         <input_file_ref idref="fl-16f"/>
      </object_component>
      <object_component id="oc-2ae">
         <name>.text.__TI_ltoa</name>
         <load_address>0x412a</load_address>
         <readonly>true</readonly>
         <executable>true</executable>
         <run_address>0x412a</run_address>
         <size>0x58</size>
         <alignment>0x2</alignment>
         <input_file_ref idref="fl-45"/>
      </object_component>
      <object_component id="oc-283">
         <name>.text._pconv_f</name>
         <load_address>0x4182</load_address>
         <readonly>true</readonly>
         <executable>true</executable>
         <run_address>0x4182</run_address>
         <size>0x58</size>
         <alignment>0x2</alignment>
         <input_file_ref idref="fl-40"/>
      </object_component>
      <object_component id="oc-2c4">
         <name>.text</name>
         <load_address>0x41dc</load_address>
         <readonly>true</readonly>
         <executable>true</executable>
         <run_address>0x41dc</run_address>
         <size>0x56</size>
         <alignment>0x4</alignment>
         <input_file_ref idref="fl-170"/>
      </object_component>
      <object_component id="oc-67">
         <name>.text.DL_UART_drainRXFIFO</name>
         <load_address>0x4234</load_address>
         <readonly>true</readonly>
         <executable>true</executable>
         <run_address>0x4234</run_address>
         <size>0x54</size>
         <alignment>0x4</alignment>
         <input_file_ref idref="fl-1a"/>
      </object_component>
      <object_component id="oc-289">
         <name>.text.pid_normalize_angle_error</name>
         <load_address>0x4288</load_address>
         <readonly>true</readonly>
         <executable>true</executable>
         <run_address>0x4288</run_address>
         <size>0x54</size>
         <alignment>0x4</alignment>
         <input_file_ref idref="fl-7"/>
      </object_component>
      <object_component id="oc-db">
         <name>.text.Motor_Init</name>
         <load_address>0x42dc</load_address>
         <readonly>true</readonly>
         <executable>true</executable>
         <run_address>0x42dc</run_address>
         <size>0x52</size>
         <alignment>0x2</alignment>
         <input_file_ref idref="fl-6"/>
      </object_component>
      <object_component id="oc-2b4">
         <name>.text._ecpy</name>
         <load_address>0x432e</load_address>
         <readonly>true</readonly>
         <executable>true</executable>
         <run_address>0x432e</run_address>
         <size>0x52</size>
         <alignment>0x2</alignment>
         <input_file_ref idref="fl-40"/>
      </object_component>
      <object_component id="oc-15d">
         <name>.text.SYSCFG_DL_DEBUG_init</name>
         <load_address>0x4380</load_address>
         <readonly>true</readonly>
         <executable>true</executable>
         <run_address>0x4380</run_address>
         <size>0x50</size>
         <alignment>0x4</alignment>
         <input_file_ref idref="fl-2"/>
      </object_component>
      <object_component id="oc-178">
         <name>.text.pid_init</name>
         <load_address>0x43d0</load_address>
         <readonly>true</readonly>
         <executable>true</executable>
         <run_address>0x43d0</run_address>
         <size>0x50</size>
         <alignment>0x2</alignment>
         <input_file_ref idref="fl-7"/>
      </object_component>
      <object_component id="oc-26d">
         <name>.text.DL_DMA_initChannel</name>
         <load_address>0x4420</load_address>
         <readonly>true</readonly>
         <executable>true</executable>
         <run_address>0x4420</run_address>
         <size>0x4c</size>
         <alignment>0x4</alignment>
         <input_file_ref idref="fl-18"/>
      </object_component>
      <object_component id="oc-1eb">
         <name>.text.DL_GPIO_initDigitalInputFeatures</name>
         <load_address>0x446c</load_address>
         <readonly>true</readonly>
         <executable>true</executable>
         <run_address>0x446c</run_address>
         <size>0x4c</size>
         <alignment>0x4</alignment>
         <input_file_ref idref="fl-2"/>
      </object_component>
      <object_component id="oc-213">
         <name>.text.DL_UART_setBaudRateDivisor</name>
         <load_address>0x44b8</load_address>
         <readonly>true</readonly>
         <executable>true</executable>
         <run_address>0x44b8</run_address>
         <size>0x4c</size>
         <alignment>0x4</alignment>
         <input_file_ref idref="fl-2"/>
      </object_component>
      <object_component id="oc-7d">
         <name>.text</name>
         <load_address>0x4504</load_address>
         <readonly>true</readonly>
         <executable>true</executable>
         <run_address>0x4504</run_address>
         <size>0x4a</size>
         <alignment>0x4</alignment>
         <input_file_ref idref="fl-165"/>
      </object_component>
      <object_component id="oc-211">
         <name>.text.DL_UART_init</name>
         <load_address>0x4550</load_address>
         <readonly>true</readonly>
         <executable>true</executable>
         <run_address>0x4550</run_address>
         <size>0x48</size>
         <alignment>0x4</alignment>
         <input_file_ref idref="fl-1a"/>
      </object_component>
      <object_component id="oc-230">
         <name>.text.pid_out_limit</name>
         <load_address>0x4598</load_address>
         <readonly>true</readonly>
         <executable>true</executable>
         <run_address>0x4598</run_address>
         <size>0x48</size>
         <alignment>0x2</alignment>
         <input_file_ref idref="fl-7"/>
      </object_component>
      <object_component id="oc-e5">
         <name>.text.Camera_Init</name>
         <load_address>0x45e0</load_address>
         <readonly>true</readonly>
         <executable>true</executable>
         <run_address>0x45e0</run_address>
         <size>0x44</size>
         <alignment>0x4</alignment>
         <input_file_ref idref="fl-4"/>
      </object_component>
      <object_component id="oc-201">
         <name>.text.DL_SYSCTL_switchMCLKfromSYSOSCtoHSCLK</name>
         <load_address>0x4624</load_address>
         <readonly>true</readonly>
         <executable>true</executable>
         <run_address>0x4624</run_address>
         <size>0x44</size>
         <alignment>0x4</alignment>
         <input_file_ref idref="fl-1b"/>
      </object_component>
      <object_component id="oc-e3">
         <name>.text.WIT_Init</name>
         <load_address>0x4668</load_address>
         <readonly>true</readonly>
         <executable>true</executable>
         <run_address>0x4668</run_address>
         <size>0x44</size>
         <alignment>0x4</alignment>
         <input_file_ref idref="fl-9"/>
      </object_component>
      <object_component id="oc-11a">
         <name>.text.atoi</name>
         <load_address>0x46ac</load_address>
         <readonly>true</readonly>
         <executable>true</executable>
         <run_address>0x46ac</run_address>
         <size>0x44</size>
         <alignment>0x4</alignment>
         <input_file_ref idref="fl-48"/>
      </object_component>
      <object_component id="oc-235">
         <name>.text.motor_dir</name>
         <load_address>0x46f0</load_address>
         <readonly>true</readonly>
         <executable>true</executable>
         <run_address>0x46f0</run_address>
         <size>0x42</size>
         <alignment>0x2</alignment>
         <input_file_ref idref="fl-6"/>
      </object_component>
      <object_component id="oc-1bf">
         <name>.text</name>
         <load_address>0x4734</load_address>
         <readonly>true</readonly>
         <executable>true</executable>
         <run_address>0x4734</run_address>
         <size>0x40</size>
         <alignment>0x4</alignment>
         <input_file_ref idref="fl-171"/>
      </object_component>
      <object_component id="oc-ec">
         <name>.text</name>
         <load_address>0x4774</load_address>
         <readonly>true</readonly>
         <executable>true</executable>
         <run_address>0x4774</run_address>
         <size>0x40</size>
         <alignment>0x4</alignment>
         <input_file_ref idref="fl-164"/>
      </object_component>
      <object_component id="oc-28a">
         <name>.text.pid_constrain</name>
         <load_address>0x47b4</load_address>
         <readonly>true</readonly>
         <executable>true</executable>
         <run_address>0x47b4</run_address>
         <size>0x3e</size>
         <alignment>0x2</alignment>
         <input_file_ref idref="fl-7"/>
      </object_component>
      <object_component id="oc-205">
         <name>.text.DL_Timer_setCounterControl</name>
         <load_address>0x47f4</load_address>
         <readonly>true</readonly>
         <executable>true</executable>
         <run_address>0x47f4</run_address>
         <size>0x3c</size>
         <alignment>0x4</alignment>
         <input_file_ref idref="fl-2"/>
      </object_component>
      <object_component id="oc-d6">
         <name>.text.SYSCFG_DL_init</name>
         <load_address>0x4830</load_address>
         <readonly>true</readonly>
         <executable>true</executable>
         <run_address>0x4830</run_address>
         <size>0x3c</size>
         <alignment>0x4</alignment>
         <input_file_ref idref="fl-2"/>
      </object_component>
      <object_component id="oc-105">
         <name>.text:__TI_auto_init_nobinit_nopinit</name>
         <load_address>0x486c</load_address>
         <readonly>true</readonly>
         <executable>true</executable>
         <run_address>0x486c</run_address>
         <size>0x3c</size>
         <alignment>0x4</alignment>
         <input_file_ref idref="fl-51"/>
      </object_component>
      <object_component id="oc-1d6">
         <name>.text</name>
         <load_address>0x48a8</load_address>
         <readonly>true</readonly>
         <executable>true</executable>
         <run_address>0x48a8</run_address>
         <size>0x3a</size>
         <alignment>0x4</alignment>
         <input_file_ref idref="fl-178"/>
      </object_component>
      <object_component id="oc-f0">
         <name>.text.sprintf</name>
         <load_address>0x48e4</load_address>
         <readonly>true</readonly>
         <executable>true</executable>
         <run_address>0x48e4</run_address>
         <size>0x38</size>
         <alignment>0x4</alignment>
         <input_file_ref idref="fl-38"/>
      </object_component>
      <object_component id="oc-231">
         <name>.text</name>
         <load_address>0x491c</load_address>
         <readonly>true</readonly>
         <executable>true</executable>
         <run_address>0x491c</run_address>
         <size>0x38</size>
         <alignment>0x4</alignment>
         <input_file_ref idref="fl-166"/>
      </object_component>
      <object_component id="oc-15c">
         <name>.text.SYSCFG_DL_TIMER_0_init</name>
         <load_address>0x4954</load_address>
         <readonly>true</readonly>
         <executable>true</executable>
         <run_address>0x4954</run_address>
         <size>0x34</size>
         <alignment>0x4</alignment>
         <input_file_ref idref="fl-2"/>
      </object_component>
      <object_component id="oc-175">
         <name>.text.DL_DMA_setTransferSize</name>
         <load_address>0x4988</load_address>
         <readonly>true</readonly>
         <executable>true</executable>
         <run_address>0x4988</run_address>
         <size>0x30</size>
         <alignment>0x4</alignment>
         <input_file_ref idref="fl-4"/>
      </object_component>
      <object_component id="oc-6e">
         <name>.text.DL_DMA_setTransferSize</name>
         <load_address>0x49b8</load_address>
         <readonly>true</readonly>
         <executable>true</executable>
         <run_address>0x49b8</run_address>
         <size>0x30</size>
         <alignment>0x4</alignment>
         <input_file_ref idref="fl-1"/>
      </object_component>
      <object_component id="oc-170">
         <name>.text.DL_DMA_setTransferSize</name>
         <load_address>0x49e8</load_address>
         <readonly>true</readonly>
         <executable>true</executable>
         <run_address>0x49e8</run_address>
         <size>0x30</size>
         <alignment>0x4</alignment>
         <input_file_ref idref="fl-9"/>
      </object_component>
      <object_component id="oc-186">
         <name>.text.DL_UART_transmitDataBlocking</name>
         <load_address>0x4a18</load_address>
         <readonly>true</readonly>
         <executable>true</executable>
         <run_address>0x4a18</run_address>
         <size>0x30</size>
         <alignment>0x4</alignment>
         <input_file_ref idref="fl-1a"/>
      </object_component>
      <object_component id="oc-280">
         <name>.text.__unorddf2</name>
         <load_address>0x4a48</load_address>
         <readonly>true</readonly>
         <executable>true</executable>
         <run_address>0x4a48</run_address>
         <size>0x30</size>
         <alignment>0x4</alignment>
         <input_file_ref idref="fl-16b"/>
      </object_component>
      <object_component id="oc-2b5">
         <name>.text._fcpy</name>
         <load_address>0x4a78</load_address>
         <readonly>true</readonly>
         <executable>true</executable>
         <run_address>0x4a78</run_address>
         <size>0x30</size>
         <alignment>0x2</alignment>
         <input_file_ref idref="fl-40"/>
      </object_component>
      <object_component id="oc-61">
         <name>.text.sscanf</name>
         <load_address>0x4aa8</load_address>
         <readonly>true</readonly>
         <executable>true</executable>
         <run_address>0x4aa8</run_address>
         <size>0x30</size>
         <alignment>0x4</alignment>
         <input_file_ref idref="fl-39"/>
      </object_component>
      <object_component id="oc-f6">
         <name>.text.Send_String</name>
         <load_address>0x4ad8</load_address>
         <readonly>true</readonly>
         <executable>true</executable>
         <run_address>0x4ad8</run_address>
         <size>0x2c</size>
         <alignment>0x4</alignment>
         <input_file_ref idref="fl-1"/>
      </object_component>
      <object_component id="oc-177">
         <name>.text.__NVIC_EnableIRQ</name>
         <load_address>0x4b04</load_address>
         <readonly>true</readonly>
         <executable>true</executable>
         <run_address>0x4b04</run_address>
         <size>0x2c</size>
         <alignment>0x4</alignment>
         <input_file_ref idref="fl-4"/>
      </object_component>
      <object_component id="oc-e2">
         <name>.text.__NVIC_EnableIRQ</name>
         <load_address>0x4b30</load_address>
         <readonly>true</readonly>
         <executable>true</executable>
         <run_address>0x4b30</run_address>
         <size>0x2c</size>
         <alignment>0x4</alignment>
         <input_file_ref idref="fl-1"/>
      </object_component>
      <object_component id="oc-172">
         <name>.text.__NVIC_EnableIRQ</name>
         <load_address>0x4b5c</load_address>
         <readonly>true</readonly>
         <executable>true</executable>
         <run_address>0x4b5c</run_address>
         <size>0x2c</size>
         <alignment>0x4</alignment>
         <input_file_ref idref="fl-9"/>
      </object_component>
      <object_component id="oc-78">
         <name>.text</name>
         <load_address>0x4b88</load_address>
         <readonly>true</readonly>
         <executable>true</executable>
         <run_address>0x4b88</run_address>
         <size>0x2c</size>
         <alignment>0x4</alignment>
         <input_file_ref idref="fl-167"/>
      </object_component>
      <object_component id="oc-e7">
         <name>.text.Control_Angle_Init</name>
         <load_address>0x4bb4</load_address>
         <readonly>true</readonly>
         <executable>true</executable>
         <run_address>0x4bb4</run_address>
         <size>0x28</size>
         <alignment>0x4</alignment>
         <input_file_ref idref="fl-5"/>
      </object_component>
      <object_component id="oc-261">
         <name>.text.DL_Common_updateReg</name>
         <load_address>0x4bdc</load_address>
         <readonly>true</readonly>
         <executable>true</executable>
         <run_address>0x4bdc</run_address>
         <size>0x28</size>
         <alignment>0x2</alignment>
         <input_file_ref idref="fl-2"/>
      </object_component>
      <object_component id="oc-174">
         <name>.text.DL_DMA_setDestAddr</name>
         <load_address>0x4c04</load_address>
         <readonly>true</readonly>
         <executable>true</executable>
         <run_address>0x4c04</run_address>
         <size>0x28</size>
         <alignment>0x4</alignment>
         <input_file_ref idref="fl-4"/>
      </object_component>
      <object_component id="oc-6d">
         <name>.text.DL_DMA_setDestAddr</name>
         <load_address>0x4c2c</load_address>
         <readonly>true</readonly>
         <executable>true</executable>
         <run_address>0x4c2c</run_address>
         <size>0x28</size>
         <alignment>0x4</alignment>
         <input_file_ref idref="fl-1"/>
      </object_component>
      <object_component id="oc-16f">
         <name>.text.DL_DMA_setDestAddr</name>
         <load_address>0x4c54</load_address>
         <readonly>true</readonly>
         <executable>true</executable>
         <run_address>0x4c54</run_address>
         <size>0x28</size>
         <alignment>0x4</alignment>
         <input_file_ref idref="fl-9"/>
      </object_component>
      <object_component id="oc-173">
         <name>.text.DL_DMA_setSrcAddr</name>
         <load_address>0x4c7c</load_address>
         <readonly>true</readonly>
         <executable>true</executable>
         <run_address>0x4c7c</run_address>
         <size>0x28</size>
         <alignment>0x4</alignment>
         <input_file_ref idref="fl-4"/>
      </object_component>
      <object_component id="oc-16e">
         <name>.text.DL_DMA_setSrcAddr</name>
         <load_address>0x4ca4</load_address>
         <readonly>true</readonly>
         <executable>true</executable>
         <run_address>0x4ca4</run_address>
         <size>0x28</size>
         <alignment>0x4</alignment>
         <input_file_ref idref="fl-9"/>
      </object_component>
      <object_component id="oc-21b">
         <name>.text.DL_UART_setRXFIFOThreshold</name>
         <load_address>0x4ccc</load_address>
         <readonly>true</readonly>
         <executable>true</executable>
         <run_address>0x4ccc</run_address>
         <size>0x28</size>
         <alignment>0x4</alignment>
         <input_file_ref idref="fl-2"/>
      </object_component>
      <object_component id="oc-56">
         <name>.text:_c_int00_noargs</name>
         <load_address>0x4cf4</load_address>
         <readonly>true</readonly>
         <executable>true</executable>
         <run_address>0x4cf4</run_address>
         <size>0x28</size>
         <alignment>0x4</alignment>
         <input_file_ref idref="fl-3e"/>
      </object_component>
      <object_component id="oc-5d">
         <name>.text.DL_DMA_disableChannel</name>
         <load_address>0x4d1c</load_address>
         <readonly>true</readonly>
         <executable>true</executable>
         <run_address>0x4d1c</run_address>
         <size>0x26</size>
         <alignment>0x2</alignment>
         <input_file_ref idref="fl-1"/>
      </object_component>
      <object_component id="oc-176">
         <name>.text.DL_DMA_enableChannel</name>
         <load_address>0x4d42</load_address>
         <readonly>true</readonly>
         <executable>true</executable>
         <run_address>0x4d42</run_address>
         <size>0x26</size>
         <alignment>0x2</alignment>
         <input_file_ref idref="fl-4"/>
      </object_component>
      <object_component id="oc-6f">
         <name>.text.DL_DMA_enableChannel</name>
         <load_address>0x4d68</load_address>
         <readonly>true</readonly>
         <executable>true</executable>
         <run_address>0x4d68</run_address>
         <size>0x26</size>
         <alignment>0x2</alignment>
         <input_file_ref idref="fl-1"/>
      </object_component>
      <object_component id="oc-171">
         <name>.text.DL_DMA_enableChannel</name>
         <load_address>0x4d8e</load_address>
         <readonly>true</readonly>
         <executable>true</executable>
         <run_address>0x4d8e</run_address>
         <size>0x26</size>
         <alignment>0x2</alignment>
         <input_file_ref idref="fl-9"/>
      </object_component>
      <object_component id="oc-187">
         <name>.text.pid_calculate_angle_positional</name>
         <load_address>0x4db4</load_address>
         <readonly>true</readonly>
         <executable>true</executable>
         <run_address>0x4db4</run_address>
         <size>0x26</size>
         <alignment>0x2</alignment>
         <input_file_ref idref="fl-7"/>
      </object_component>
      <object_component id="oc-5e">
         <name>.text.DL_DMA_getTransferSize</name>
         <load_address>0x4ddc</load_address>
         <readonly>true</readonly>
         <executable>true</executable>
         <run_address>0x4ddc</run_address>
         <size>0x24</size>
         <alignment>0x4</alignment>
         <input_file_ref idref="fl-1"/>
      </object_component>
      <object_component id="oc-215">
         <name>.text.DL_UART_setRXInterruptTimeout</name>
         <load_address>0x4e00</load_address>
         <readonly>true</readonly>
         <executable>true</executable>
         <run_address>0x4e00</run_address>
         <size>0x24</size>
         <alignment>0x4</alignment>
         <input_file_ref idref="fl-2"/>
      </object_component>
      <object_component id="oc-269">
         <name>.text</name>
         <load_address>0x4e24</load_address>
         <readonly>true</readonly>
         <executable>true</executable>
         <run_address>0x4e24</run_address>
         <size>0x24</size>
         <alignment>0x4</alignment>
         <input_file_ref idref="fl-168"/>
      </object_component>
      <object_component id="oc-1b3">
         <name>.text</name>
         <load_address>0x4e48</load_address>
         <readonly>true</readonly>
         <executable>true</executable>
         <run_address>0x4e48</run_address>
         <size>0x24</size>
         <alignment>0x4</alignment>
         <input_file_ref idref="fl-169"/>
      </object_component>
      <object_component id="oc-274">
         <name>.text.memccpy</name>
         <load_address>0x4e6c</load_address>
         <readonly>true</readonly>
         <executable>true</executable>
         <run_address>0x4e6c</run_address>
         <size>0x22</size>
         <alignment>0x2</alignment>
         <input_file_ref idref="fl-4a"/>
      </object_component>
      <object_component id="oc-1e9">
         <name>.text.DL_GPIO_initPeripheralInputFunction</name>
         <load_address>0x4e90</load_address>
         <readonly>true</readonly>
         <executable>true</executable>
         <run_address>0x4e90</run_address>
         <size>0x20</size>
         <alignment>0x4</alignment>
         <input_file_ref idref="fl-2"/>
      </object_component>
      <object_component id="oc-1f1">
         <name>.text.DL_SYSCTL_setFlashWaitState</name>
         <load_address>0x4eb0</load_address>
         <readonly>true</readonly>
         <executable>true</executable>
         <run_address>0x4eb0</run_address>
         <size>0x20</size>
         <alignment>0x4</alignment>
         <input_file_ref idref="fl-2"/>
      </object_component>
      <object_component id="oc-212">
         <name>.text.DL_UART_setOversampling</name>
         <load_address>0x4ed0</load_address>
         <readonly>true</readonly>
         <executable>true</executable>
         <run_address>0x4ed0</run_address>
         <size>0x1e</size>
         <alignment>0x2</alignment>
         <input_file_ref idref="fl-2"/>
      </object_component>
      <object_component id="oc-165">
         <name>.text.Motor_Coast</name>
         <load_address>0x4eee</load_address>
         <readonly>true</readonly>
         <executable>true</executable>
         <run_address>0x4eee</run_address>
         <size>0x1e</size>
         <alignment>0x2</alignment>
         <input_file_ref idref="fl-6"/>
      </object_component>
      <object_component id="oc-299">
         <name>.text</name>
         <load_address>0x4f0c</load_address>
         <readonly>true</readonly>
         <executable>true</executable>
         <run_address>0x4f0c</run_address>
         <size>0x1e</size>
         <alignment>0x4</alignment>
         <input_file_ref idref="fl-179"/>
      </object_component>
      <object_component id="oc-1ee">
         <name>.text.DL_GPIO_clearInterruptStatus</name>
         <load_address>0x4f2c</load_address>
         <readonly>true</readonly>
         <executable>true</executable>
         <run_address>0x4f2c</run_address>
         <size>0x1c</size>
         <alignment>0x4</alignment>
         <input_file_ref idref="fl-2"/>
      </object_component>
      <object_component id="oc-1ef">
         <name>.text.DL_GPIO_enableInterrupt</name>
         <load_address>0x4f48</load_address>
         <readonly>true</readonly>
         <executable>true</executable>
         <run_address>0x4f48</run_address>
         <size>0x1c</size>
         <alignment>0x4</alignment>
         <input_file_ref idref="fl-2"/>
      </object_component>
      <object_component id="oc-1e7">
         <name>.text.DL_GPIO_initPeripheralOutputFunction</name>
         <load_address>0x4f64</load_address>
         <readonly>true</readonly>
         <executable>true</executable>
         <run_address>0x4f64</run_address>
         <size>0x1c</size>
         <alignment>0x4</alignment>
         <input_file_ref idref="fl-2"/>
      </object_component>
      <object_component id="oc-1ed">
         <name>.text.DL_GPIO_setLowerPinsPolarity</name>
         <load_address>0x4f80</load_address>
         <readonly>true</readonly>
         <executable>true</executable>
         <run_address>0x4f80</run_address>
         <size>0x1c</size>
         <alignment>0x4</alignment>
         <input_file_ref idref="fl-2"/>
      </object_component>
      <object_component id="oc-265">
         <name>.text.DL_SYSCTL_configFCC</name>
         <load_address>0x4f9c</load_address>
         <readonly>true</readonly>
         <executable>true</executable>
         <run_address>0x4f9c</run_address>
         <size>0x1c</size>
         <alignment>0x4</alignment>
         <input_file_ref idref="fl-1b"/>
      </object_component>
      <object_component id="oc-264">
         <name>.text.DL_SYSCTL_setFCCPeriods</name>
         <load_address>0x4fb8</load_address>
         <readonly>true</readonly>
         <executable>true</executable>
         <run_address>0x4fb8</run_address>
         <size>0x1c</size>
         <alignment>0x4</alignment>
         <input_file_ref idref="fl-2"/>
      </object_component>
      <object_component id="oc-1f2">
         <name>.text.DL_SYSCTL_setSYSOSCFreq</name>
         <load_address>0x4fd4</load_address>
         <readonly>true</readonly>
         <executable>true</executable>
         <run_address>0x4fd4</run_address>
         <size>0x1c</size>
         <alignment>0x4</alignment>
         <input_file_ref idref="fl-2"/>
      </object_component>
      <object_component id="oc-1ff">
         <name>.text.DL_SYSCTL_setULPCLKDivider</name>
         <load_address>0x4ff0</load_address>
         <readonly>true</readonly>
         <executable>true</executable>
         <run_address>0x4ff0</run_address>
         <size>0x1c</size>
         <alignment>0x4</alignment>
         <input_file_ref idref="fl-2"/>
      </object_component>
      <object_component id="oc-20d">
         <name>.text.DL_Timer_enableInterrupt</name>
         <load_address>0x500c</load_address>
         <readonly>true</readonly>
         <executable>true</executable>
         <run_address>0x500c</run_address>
         <size>0x1c</size>
         <alignment>0x4</alignment>
         <input_file_ref idref="fl-2"/>
      </object_component>
      <object_component id="oc-207">
         <name>.text.DL_Timer_setCaptCompUpdateMethod</name>
         <load_address>0x5028</load_address>
         <readonly>true</readonly>
         <executable>true</executable>
         <run_address>0x5028</run_address>
         <size>0x1c</size>
         <alignment>0x4</alignment>
         <input_file_ref idref="fl-19"/>
      </object_component>
      <object_component id="oc-203">
         <name>.text.DL_Timer_setClockConfig</name>
         <load_address>0x5044</load_address>
         <readonly>true</readonly>
         <executable>true</executable>
         <run_address>0x5044</run_address>
         <size>0x1c</size>
         <alignment>0x4</alignment>
         <input_file_ref idref="fl-19"/>
      </object_component>
      <object_component id="oc-214">
         <name>.text.DL_UART_enableInterrupt</name>
         <load_address>0x5060</load_address>
         <readonly>true</readonly>
         <executable>true</executable>
         <run_address>0x5060</run_address>
         <size>0x1c</size>
         <alignment>0x4</alignment>
         <input_file_ref idref="fl-2"/>
      </object_component>
      <object_component id="oc-3a">
         <name>.text.TIMA1_IRQHandler</name>
         <load_address>0x507c</load_address>
         <readonly>true</readonly>
         <executable>true</executable>
         <run_address>0x507c</run_address>
         <size>0x1c</size>
         <alignment>0x4</alignment>
         <input_file_ref idref="fl-1"/>
      </object_component>
      <object_component id="oc-90">
         <name>.text</name>
         <load_address>0x5098</load_address>
         <readonly>true</readonly>
         <executable>true</executable>
         <run_address>0x5098</run_address>
         <size>0x1a</size>
         <alignment>0x4</alignment>
         <input_file_ref idref="fl-174"/>
      </object_component>
      <object_component id="oc-1e8">
         <name>.text.DL_GPIO_enableOutput</name>
         <load_address>0x50b4</load_address>
         <readonly>true</readonly>
         <executable>true</executable>
         <run_address>0x50b4</run_address>
         <size>0x18</size>
         <alignment>0x4</alignment>
         <input_file_ref idref="fl-2"/>
      </object_component>
      <object_component id="oc-1df">
         <name>.text.DL_GPIO_enablePower</name>
         <load_address>0x50cc</load_address>
         <readonly>true</readonly>
         <executable>true</executable>
         <run_address>0x50cc</run_address>
         <size>0x18</size>
         <alignment>0x4</alignment>
         <input_file_ref idref="fl-2"/>
      </object_component>
      <object_component id="oc-1ea">
         <name>.text.DL_GPIO_initDigitalOutput</name>
         <load_address>0x50e4</load_address>
         <readonly>true</readonly>
         <executable>true</executable>
         <run_address>0x50e4</run_address>
         <size>0x18</size>
         <alignment>0x4</alignment>
         <input_file_ref idref="fl-2"/>
      </object_component>
      <object_component id="oc-1e6">
         <name>.text.DL_GPIO_initPeripheralAnalogFunction</name>
         <load_address>0x50fc</load_address>
         <readonly>true</readonly>
         <executable>true</executable>
         <run_address>0x50fc</run_address>
         <size>0x18</size>
         <alignment>0x4</alignment>
         <input_file_ref idref="fl-2"/>
      </object_component>
      <object_component id="oc-1dc">
         <name>.text.DL_GPIO_reset</name>
         <load_address>0x5114</load_address>
         <readonly>true</readonly>
         <executable>true</executable>
         <run_address>0x5114</run_address>
         <size>0x18</size>
         <alignment>0x4</alignment>
         <input_file_ref idref="fl-2"/>
      </object_component>
      <object_component id="oc-294">
         <name>.text.DL_GPIO_setPins</name>
         <load_address>0x512c</load_address>
         <readonly>true</readonly>
         <executable>true</executable>
         <run_address>0x512c</run_address>
         <size>0x18</size>
         <alignment>0x4</alignment>
         <input_file_ref idref="fl-6"/>
      </object_component>
      <object_component id="oc-f8">
         <name>.text.DL_GPIO_togglePins</name>
         <load_address>0x5144</load_address>
         <readonly>true</readonly>
         <executable>true</executable>
         <run_address>0x5144</run_address>
         <size>0x18</size>
         <alignment>0x4</alignment>
         <input_file_ref idref="fl-1"/>
      </object_component>
      <object_component id="oc-1f0">
         <name>.text.DL_SYSCTL_setBORThreshold</name>
         <load_address>0x515c</load_address>
         <readonly>true</readonly>
         <executable>true</executable>
         <run_address>0x515c</run_address>
         <size>0x18</size>
         <alignment>0x4</alignment>
         <input_file_ref idref="fl-2"/>
      </object_component>
      <object_component id="oc-89">
         <name>.text.DL_Timer_clearInterruptStatus</name>
         <load_address>0x5174</load_address>
         <readonly>true</readonly>
         <executable>true</executable>
         <run_address>0x5174</run_address>
         <size>0x18</size>
         <alignment>0x4</alignment>
         <input_file_ref idref="fl-1"/>
      </object_component>
      <object_component id="oc-1e0">
         <name>.text.DL_Timer_enablePower</name>
         <load_address>0x518c</load_address>
         <readonly>true</readonly>
         <executable>true</executable>
         <run_address>0x518c</run_address>
         <size>0x18</size>
         <alignment>0x4</alignment>
[...]
         <object_component_ref idref="oc-20c"/>
      </symbol>
      <symbol id="sm-25b">
         <name>DL_Timer_setCaptureCompareValue</name>
         <value>0x5401</value>
         <object_component_ref idref="oc-166"/>
      </symbol>
      <symbol id="sm-25c">
         <name>DL_Timer_setCaptCompUpdateMethod</name>
         <value>0x5029</value>
         <object_component_ref idref="oc-207"/>
      </symbol>
      <symbol id="sm-25d">
         <name>DL_Timer_setCaptureCompareOutCtl</name>
         <value>0x51bd</value>
         <object_component_ref idref="oc-206"/>
      </symbol>
      <symbol id="sm-25e">
         <name>DL_Timer_initFourCCPWMMode</name>
         <value>0x2ef9</value>
         <object_component_ref idref="oc-204"/>
      </symbol>
      <symbol id="sm-271">
         <name>DL_UART_init</name>
         <value>0x4551</value>
         <object_component_ref idref="oc-211"/>
      </symbol>
      <symbol id="sm-272">
         <name>DL_UART_setClockConfig</name>
         <value>0x5389</value>
         <object_component_ref idref="oc-210"/>
      </symbol>
      <symbol id="sm-273">
         <name>DL_UART_transmitDataBlocking</name>
         <value>0x4a19</value>
         <object_component_ref idref="oc-186"/>
      </symbol>
      <symbol id="sm-274">
         <name>DL_UART_drainRXFIFO</name>
         <value>0x4235</value>
         <object_component_ref idref="oc-67"/>
      </symbol>
      <symbol id="sm-288">
         <name>DL_SYSCTL_configSYSPLL</name>
         <value>0x34b9</value>
         <object_component_ref idref="oc-1fb"/>
      </symbol>
      <symbol id="sm-289">
         <name>DL_SYSCTL_switchMCLKfromSYSOSCtoHSCLK</name>
         <value>0x4625</value>
         <object_component_ref idref="oc-201"/>
      </symbol>
      <symbol id="sm-28a">
         <name>DL_SYSCTL_setHFCLKSourceHFXTParams</name>
         <value>0x3fb5</value>
         <object_component_ref idref="oc-1f5"/>
      </symbol>
      <symbol id="sm-28b">
         <name>DL_SYSCTL_configFCC</name>
         <value>0x4f9d</value>
         <object_component_ref idref="oc-265"/>
      </symbol>
      <symbol id="sm-29c">
         <name>sprintf</name>
         <value>0x48e5</value>
         <object_component_ref idref="oc-f0"/>
      </symbol>
      <symbol id="sm-2b1">
         <name>sscanf</name>
         <value>0x4aa9</value>
         <object_component_ref idref="oc-61"/>
      </symbol>
      <symbol id="sm-2b2">
         <name>__aeabi_ctype_table_</name>
         <value>0x5530</value>
         <object_component_ref idref="oc-11f"/>
      </symbol>
      <symbol id="sm-2b3">
         <name>__aeabi_ctype_table_C</name>
         <value>0x5530</value>
         <object_component_ref idref="oc-11f"/>
      </symbol>
      <symbol id="sm-2bd">
         <name>__TI_zero_init_nomemset</name>
         <value>0x52ab</value>
         <object_component_ref idref="oc-4d"/>
      </symbol>
      <symbol id="sm-2c6">
         <name>__TI_decompress_none</name>
         <value>0x53bf</value>
         <object_component_ref idref="oc-20"/>
      </symbol>
      <symbol id="sm-2d1">
         <name>__TI_decompress_lzss</name>
         <value>0x3b41</value>
         <object_component_ref idref="oc-1c"/>
      </symbol>
      <symbol id="sm-2dc">
         <name>_c_int00_noargs</name>
         <value>0x4cf5</value>
         <object_component_ref idref="oc-56"/>
      </symbol>
      <symbol id="sm-2dd">
         <name>__stack</name>
         <value>0x20207e00</value>
         <object_component_ref idref="oc-1a"/>
      </symbol>
      <symbol id="sm-32e">
         <name>__TI_printfi</name>
         <value>0xd49</value>
         <object_component_ref idref="oc-22e"/>
      </symbol>
      <symbol id="sm-35e">
         <name>__TI_scanfi</name>
         <value>0xc1</value>
         <object_component_ref idref="oc-a3"/>
      </symbol>
      <symbol id="sm-369">
         <name>__aeabi_errno_addr</name>
         <value>0x54d9</value>
         <object_component_ref idref="oc-1a6"/>
      </symbol>
      <symbol id="sm-36a">
         <name>__aeabi_errno</name>
         <value>0x20200274</value>
         <object_component_ref idref="oc-24a"/>
      </symbol>
      <symbol id="sm-374">
         <name>abort</name>
         <value>0x54fd</value>
         <object_component_ref idref="oc-fe"/>
      </symbol>
      <symbol id="sm-37e">
         <name>__TI_ltoa</name>
         <value>0x412b</value>
         <object_component_ref idref="oc-2ae"/>
      </symbol>
      <symbol id="sm-38a">
         <name>atoi</name>
         <value>0x46ad</value>
         <object_component_ref idref="oc-11a"/>
      </symbol>
      <symbol id="sm-394">
         <name>memccpy</name>
         <value>0x4e6d</value>
         <object_component_ref idref="oc-274"/>
      </symbol>
      <symbol id="sm-3aa">
         <name>strtod</name>
         <value>0x17c5</value>
         <object_component_ref idref="oc-124"/>
      </symbol>
      <symbol id="sm-3ab">
         <name>strtold</name>
         <value>0x17c5</value>
         <object_component_ref idref="oc-124"/>
      </symbol>
      <symbol id="sm-3b6">
         <name>strtol</name>
         <value>0x290d</value>
         <object_component_ref idref="oc-136"/>
      </symbol>
      <symbol id="sm-3c1">
         <name>strtoll</name>
         <value>0x22c9</value>
         <object_component_ref idref="oc-132"/>
      </symbol>
      <symbol id="sm-3cc">
         <name>strtoul</name>
         <value>0x2b89</value>
         <object_component_ref idref="oc-12e"/>
      </symbol>
      <symbol id="sm-3d7">
         <name>strtoull</name>
         <value>0x27a5</value>
         <object_component_ref idref="oc-12a"/>
      </symbol>
      <symbol id="sm-3e2">
         <name>__TI_auto_init_nobinit_nopinit</name>
         <value>0x486d</value>
         <object_component_ref idref="oc-105"/>
      </symbol>
      <symbol id="sm-3ea">
         <name>_system_pre_init</name>
         <value>0x5521</value>
         <object_component_ref idref="oc-94"/>
      </symbol>
      <symbol id="sm-3f5">
         <name>frexp</name>
         <value>0x4019</value>
         <object_component_ref idref="oc-2aa"/>
      </symbol>
      <symbol id="sm-3f6">
         <name>frexpl</name>
         <value>0x4019</value>
         <object_component_ref idref="oc-2aa"/>
      </symbol>
      <symbol id="sm-400">
         <name>scalbn</name>
         <value>0x3595</value>
         <object_component_ref idref="oc-1ab"/>
      </symbol>
      <symbol id="sm-401">
         <name>ldexp</name>
         <value>0x3595</value>
         <object_component_ref idref="oc-1ab"/>
      </symbol>
      <symbol id="sm-402">
         <name>scalbnl</name>
         <value>0x3595</value>
         <object_component_ref idref="oc-1ab"/>
      </symbol>
      <symbol id="sm-403">
         <name>ldexpl</name>
         <value>0x3595</value>
         <object_component_ref idref="oc-1ab"/>
      </symbol>
      <symbol id="sm-40c">
         <name>wcslen</name>
         <value>0x5411</value>
         <object_component_ref idref="oc-27b"/>
      </symbol>
      <symbol id="sm-41b">
         <name>HOSTexit</name>
         <value>0x5507</value>
         <object_component_ref idref="oc-189"/>
      </symbol>
      <symbol id="sm-41c">
         <name>C$$EXIT</name>
         <value>0x5506</value>
         <object_component_ref idref="oc-189"/>
      </symbol>
      <symbol id="sm-431">
         <name>__aeabi_fadd</name>
         <value>0x367b</value>
         <object_component_ref idref="oc-285"/>
      </symbol>
      <symbol id="sm-432">
         <name>__addsf3</name>
         <value>0x367b</value>
         <object_component_ref idref="oc-285"/>
      </symbol>
      <symbol id="sm-433">
         <name>__aeabi_fsub</name>
         <value>0x3671</value>
         <object_component_ref idref="oc-285"/>
      </symbol>
      <symbol id="sm-434">
         <name>__subsf3</name>
         <value>0x3671</value>
         <object_component_ref idref="oc-285"/>
      </symbol>
      <symbol id="sm-43a">
         <name>__aeabi_dadd</name>
         <value>0x24af</value>
         <object_component_ref idref="oc-19e"/>
      </symbol>
      <symbol id="sm-43b">
         <name>__adddf3</name>
         <value>0x24af</value>
         <object_component_ref idref="oc-19e"/>
      </symbol>
      <symbol id="sm-43c">
         <name>__aeabi_dsub</name>
         <value>0x24a5</value>
         <object_component_ref idref="oc-19e"/>
      </symbol>
      <symbol id="sm-43d">
         <name>__subdf3</name>
         <value>0x24a5</value>
         <object_component_ref idref="oc-19e"/>
      </symbol>
      <symbol id="sm-446">
         <name>__aeabi_fmul</name>
         <value>0x3a39</value>
         <object_component_ref idref="oc-28b"/>
      </symbol>
      <symbol id="sm-447">
         <name>__mulsf3</name>
         <value>0x3a39</value>
         <object_component_ref idref="oc-28b"/>
      </symbol>
      <symbol id="sm-44d">
         <name>__aeabi_f2d</name>
         <value>0x4775</value>
         <object_component_ref idref="oc-ec"/>
      </symbol>
      <symbol id="sm-44e">
         <name>__extendsfdf2</name>
         <value>0x4775</value>
         <object_component_ref idref="oc-ec"/>
      </symbol>
      <symbol id="sm-454">
         <name>__aeabi_d2iz</name>
         <value>0x4505</value>
         <object_component_ref idref="oc-7d"/>
      </symbol>
      <symbol id="sm-455">
         <name>__fixdfsi</name>
         <value>0x4505</value>
         <object_component_ref idref="oc-7d"/>
      </symbol>
      <symbol id="sm-45b">
         <name>__aeabi_f2iz</name>
         <value>0x491d</value>
         <object_component_ref idref="oc-231"/>
      </symbol>
      <symbol id="sm-45c">
         <name>__fixsfsi</name>
         <value>0x491d</value>
         <object_component_ref idref="oc-231"/>
      </symbol>
      <symbol id="sm-462">
         <name>__aeabi_i2d</name>
         <value>0x4b89</value>
         <object_component_ref idref="oc-78"/>
      </symbol>
      <symbol id="sm-463">
         <name>__floatsidf</name>
         <value>0x4b89</value>
         <object_component_ref idref="oc-78"/>
      </symbol>
      <symbol id="sm-469">
         <name>__aeabi_ui2d</name>
         <value>0x4e25</value>
         <object_component_ref idref="oc-269"/>
      </symbol>
      <symbol id="sm-46a">
         <name>__floatunsidf</name>
         <value>0x4e25</value>
         <object_component_ref idref="oc-269"/>
      </symbol>
      <symbol id="sm-470">
         <name>__aeabi_lmul</name>
         <value>0x4e49</value>
         <object_component_ref idref="oc-1b3"/>
      </symbol>
      <symbol id="sm-471">
         <name>__muldi3</name>
         <value>0x4e49</value>
         <object_component_ref idref="oc-1b3"/>
      </symbol>
      <symbol id="sm-478">
         <name>__aeabi_d2f</name>
         <value>0x3da1</value>
         <object_component_ref idref="oc-81"/>
      </symbol>
      <symbol id="sm-479">
         <name>__truncdfsf2</name>
         <value>0x3da1</value>
         <object_component_ref idref="oc-81"/>
      </symbol>
      <symbol id="sm-48a">
         <name>__ledf2</name>
         <value>0x3ee5</value>
         <object_component_ref idref="oc-242"/>
      </symbol>
      <symbol id="sm-48b">
         <name>__gedf2</name>
         <value>0x3cad</value>
         <object_component_ref idref="oc-248"/>
      </symbol>
      <symbol id="sm-48c">
         <name>__unorddf2</name>
         <value>0x4a49</value>
         <object_component_ref idref="oc-280"/>
      </symbol>
      <symbol id="sm-48d">
         <name>__cmpdf2</name>
         <value>0x3ee5</value>
         <object_component_ref idref="oc-242"/>
      </symbol>
      <symbol id="sm-48e">
         <name>__eqdf2</name>
         <value>0x3ee5</value>
         <object_component_ref idref="oc-242"/>
      </symbol>
      <symbol id="sm-48f">
         <name>__ltdf2</name>
         <value>0x3ee5</value>
         <object_component_ref idref="oc-242"/>
      </symbol>
      <symbol id="sm-490">
         <name>__nedf2</name>
         <value>0x3ee5</value>
         <object_component_ref idref="oc-242"/>
      </symbol>
      <symbol id="sm-491">
         <name>__gtdf2</name>
         <value>0x3cad</value>
         <object_component_ref idref="oc-248"/>
      </symbol>
      <symbol id="sm-492">
         <name>__aeabi_dcmpun</name>
         <value>0x4a49</value>
         <object_component_ref idref="oc-280"/>
      </symbol>
      <symbol id="sm-498">
         <name>__aeabi_dcmpeq</name>
         <value>0x4075</value>
         <object_component_ref idref="oc-1a2"/>
      </symbol>
      <symbol id="sm-499">
         <name>__aeabi_dcmplt</name>
         <value>0x4087</value>
         <object_component_ref idref="oc-1a2"/>
      </symbol>
      <symbol id="sm-49a">
         <name>__aeabi_dcmple</name>
         <value>0x4099</value>
         <object_component_ref idref="oc-1a2"/>
      </symbol>
      <symbol id="sm-49b">
         <name>__aeabi_dcmpge</name>
         <value>0x40ab</value>
         <object_component_ref idref="oc-1a2"/>
      </symbol>
      <symbol id="sm-49c">
         <name>__aeabi_dcmpgt</name>
         <value>0x40bd</value>
         <object_component_ref idref="oc-1a2"/>
      </symbol>
      <symbol id="sm-4a9">
         <name>__aeabi_ddiv</name>
         <value>0x54c9</value>
         <object_component_ref idref="oc-bb"/>
      </symbol>
      <symbol id="sm-4b3">
         <name>__aeabi_dmul</name>
         <value>0x54d1</value>
         <object_component_ref idref="oc-c4"/>
      </symbol>
      <symbol id="sm-4b9">
         <name>__aeabi_fcmpeq</name>
         <value>0x40d1</value>
         <object_component_ref idref="oc-28f"/>
      </symbol>
      <symbol id="sm-4ba">
         <name>__aeabi_fcmplt</name>
         <value>0x40e3</value>
         <object_component_ref idref="oc-28f"/>
      </symbol>
      <symbol id="sm-4bb">
         <name>__aeabi_fcmple</name>
         <value>0x40f5</value>
         <object_component_ref idref="oc-28f"/>
      </symbol>
      <symbol id="sm-4bc">
         <name>__aeabi_fcmpge</name>
         <value>0x4107</value>
         <object_component_ref idref="oc-28f"/>
      </symbol>
      <symbol id="sm-4bd">
         <name>__aeabi_fcmpgt</name>
         <value>0x4119</value>
         <object_component_ref idref="oc-28f"/>
      </symbol>
      <symbol id="sm-4c3">
         <name>__aeabi_idiv</name>
         <value>0x41dd</value>
         <object_component_ref idref="oc-2c4"/>
      </symbol>
      <symbol id="sm-4c4">
         <name>__aeabi_idivmod</name>
         <value>0x41dd</value>
         <object_component_ref idref="oc-2c4"/>
      </symbol>
      <symbol id="sm-4ca">
         <name>__aeabi_uidiv</name>
         <value>0x4735</value>
         <object_component_ref idref="oc-1bf"/>
      </symbol>
      <symbol id="sm-4cb">
         <name>__aeabi_uidivmod</name>
         <value>0x4735</value>
         <object_component_ref idref="oc-1bf"/>
      </symbol>
      <symbol id="sm-4d1">
         <name>__aeabi_uldivmod</name>
         <value>0x5375</value>
         <object_component_ref idref="oc-1b7"/>
      </symbol>
      <symbol id="sm-4d7">
         <name>__aeabi_memcpy</name>
         <value>0x54e9</value>
         <object_component_ref idref="oc-46"/>
      </symbol>
      <symbol id="sm-4d8">
         <name>__aeabi_memcpy4</name>
         <value>0x54e9</value>
         <object_component_ref idref="oc-46"/>
      </symbol>
      <symbol id="sm-4d9">
         <name>__aeabi_memcpy8</name>
         <value>0x54e9</value>
         <object_component_ref idref="oc-46"/>
      </symbol>
      <symbol id="sm-4df">
         <name>__aeabi_memset</name>
         <value>0x5099</value>
         <object_component_ref idref="oc-90"/>
      </symbol>
      <symbol id="sm-4e0">
         <name>__aeabi_memset4</name>
         <value>0x5099</value>
         <object_component_ref idref="oc-90"/>
      </symbol>
      <symbol id="sm-4e1">
         <name>__aeabi_memset8</name>
         <value>0x5099</value>
         <object_component_ref idref="oc-90"/>
      </symbol>
      <symbol id="sm-4e2">
         <name>__aeabi_memclr</name>
         <value>0x50a7</value>
         <object_component_ref idref="oc-90"/>
      </symbol>
      <symbol id="sm-4e3">
         <name>__aeabi_memclr4</name>
         <value>0x50a7</value>
         <object_component_ref idref="oc-90"/>
      </symbol>
      <symbol id="sm-4e4">
         <name>__aeabi_memclr8</name>
         <value>0x50a7</value>
         <object_component_ref idref="oc-90"/>
      </symbol>
      <symbol id="sm-4ea">
         <name>__eqsf2</name>
         <value>0x39ad</value>
         <object_component_ref idref="oc-2bb"/>
      </symbol>
      <symbol id="sm-4eb">
         <name>__lesf2</name>
         <value>0x39ad</value>
         <object_component_ref idref="oc-2bb"/>
      </symbol>
      <symbol id="sm-4ec">
         <name>__ltsf2</name>
         <value>0x39ad</value>
         <object_component_ref idref="oc-2bb"/>
      </symbol>
      <symbol id="sm-4ed">
         <name>__nesf2</name>
         <value>0x39ad</value>
         <object_component_ref idref="oc-2bb"/>
      </symbol>
      <symbol id="sm-4ee">
         <name>__cmpsf2</name>
         <value>0x39ad</value>
         <object_component_ref idref="oc-2bb"/>
      </symbol>
      <symbol id="sm-4ef">
         <name>__gtsf2</name>
         <value>0x39e7</value>
         <object_component_ref idref="oc-2bb"/>
      </symbol>
      <symbol id="sm-4f0">
         <name>__gesf2</name>
         <value>0x39e7</value>
         <object_component_ref idref="oc-2bb"/>
      </symbol>
      <symbol id="sm-4f1">
         <name>__unordsf2</name>
         <value>0x3a23</value>
         <object_component_ref idref="oc-2bb"/>
      </symbol>
      <symbol id="sm-4f2">
         <name>__aeabi_fcmpun</name>
         <value>0x3a23</value>
         <object_component_ref idref="oc-2bb"/>
      </symbol>
      <symbol id="sm-4f8">
         <name>__udivmoddi4</name>
         <value>0x37f1</value>
         <object_component_ref idref="oc-252"/>
      </symbol>
      <symbol id="sm-4fe">
         <name>__muldf3</name>
         <value>0x33d5</value>
         <object_component_ref idref="oc-14d"/>
      </symbol>
      <symbol id="sm-504">
         <name>__muldsi3</name>
         <value>0x48a9</value>
         <object_component_ref idref="oc-1d6"/>
      </symbol>
      <symbol id="sm-50a">
         <name>__aeabi_llsl</name>
         <value>0x4f0d</value>
         <object_component_ref idref="oc-299"/>
      </symbol>
      <symbol id="sm-50b">
         <name>__ashldi3</name>
         <value>0x4f0d</value>
         <object_component_ref idref="oc-299"/>
      </symbol>
      <symbol id="sm-511">
         <name>__divdf3</name>
         <value>0x2ddd</value>
         <object_component_ref idref="oc-143"/>
      </symbol>
      <symbol id="sm-51d">
         <name>__aeabi_idiv0</name>
         <value>0x2ef7</value>
         <object_component_ref idref="oc-257"/>
      </symbol>
      <symbol id="sm-51e">
         <name>__aeabi_ldiv0</name>
         <value>0x37ef</value>
         <object_component_ref idref="oc-297"/>
      </symbol>
      <symbol id="sm-52a">
         <name>TI_memcpy_small</name>
         <value>0x53ad</value>
         <object_component_ref idref="oc-cc"/>
      </symbol>
      <symbol id="sm-533">
         <name>TI_memset_small</name>
         <value>0x542f</value>
         <object_component_ref idref="oc-152"/>
      </symbol>
      <symbol id="sm-534">
         <name>__TI_static_base__</name>
         <value>0x0</value>
      </symbol>
      <symbol id="sm-538">
         <name>__mpu_init</name>
         <value>0x0</value>
      </symbol>
      <symbol id="sm-539">
         <name>_system_post_cinit</name>
         <value>0x0</value>
      </symbol>
   </symbol_table>
   <title>Link successful</title>
</link_info>
