******************************************************************************
            TI ARM Clang Linker Unix v5.1.1                    
******************************************************************************
>> Linked Tue Jul 28 18:44:29 2026

OUTPUT FILE NAME:   <按键.out>
ENTRY POINT SYMBOL: "_c_int00_noargs"  address: 00000f35


MEMORY CONFIGURATION

         name            origin    length      used     unused   attr    fill
----------------------  --------  ---------  --------  --------  ----  --------
  FLASH                 00000000   00020000  00001580  0001ea80  R  X
  SRAM                  20200000   00008000  000003b4  00007c4c  RW X
  BCR_CONFIG            41c00000   000000ff  00000000  000000ff  R   
  BSL_CONFIG            41c00100   00000080  00000000  00000080  R   


SEGMENT ALLOCATION MAP

run origin  load origin   length   init length attrs members
----------  ----------- ---------- ----------- ----- -------
00000000    00000000    00001580   00001580    r-x
  00000000    00000000    000000c0   000000c0    r-- .intvecs
  000000c0    000000c0    000013e8   000013e8    r-x .text
  000014a8    000014a8    000000a8   000000a8    r-- .rodata
  00001550    00001550    00000030   00000030    r-- .cinit
20200000    20200000    000001b4   00000000    rw-
  20200000    20200000    000001a8   00000000    rw- .bss
  202001a8    202001a8    0000000c   00000000    rw- .data
20207e00    20207e00    00000200   00000000    rw-
  20207e00    20207e00    00000200   00000000    rw- .stack


SECTION ALLOCATION MAP

 output                                  attributes/
section   page    origin      length       input sections
--------  ----  ----------  ----------   ----------------
.intvecs   0    00000000    000000c0     
                  00000000    000000c0     startup_mspm0g350x_ticlang.o (.intvecs)

.text      0    000000c0    000013e8     
                  000000c0    0000016c     ti_msp_dl_config.o (.text.SYSCFG_DL_GPIO_init)
                  0000022c    00000104     driverlib.a : dl_timer.o (.text.DL_Timer_initFourCCPWMMode)
                  00000330    000000fc                 : dl_timer.o (.text.DL_Timer_initTimerMode)
                  0000042c    000000ec     ti_msp_dl_config.o (.text.SYSCFG_DL_SYSCTL_SYSPLL_init)
                  00000518    000000dc     driverlib.a : dl_sysctl_mspm0g1x0x_g3x0x.o (.text.DL_SYSCTL_configSYSPLL)
                  000005f4    000000b8     empty.o (.text.main)
                  000006ac    0000008c     ti_msp_dl_config.o (.text.SYSCFG_DL_PWM_0_init)
                  00000738    0000008c     ti_msp_dl_config.o (.text.SYSCFG_DL_initPower)
                  000007c4    0000007c     libc.a : copy_decompress_lzss.c.obj (.text:decompress:lzss)
                  00000840    00000078     ti_msp_dl_config.o (.text.SYSCFG_DL_SYSCTL_init)
                  000008b8    00000074     libclang_rt.builtins.a : comparedf2.c.obj (.text.__gedf2)
                  0000092c    00000068     ti_msp_dl_config.o (.text.SYSCFG_DL_UART_K230_init)
                  00000994    00000068     ti_msp_dl_config.o (.text.SYSCFG_DL_UART_WIT_init)
                  000009fc    00000068     libclang_rt.builtins.a : comparedf2.c.obj (.text.__ledf2)
                  00000a64    00000064     driverlib.a : dl_sysctl_mspm0g1x0x_g3x0x.o (.text.DL_SYSCTL_setHFCLKSourceHFXTParams)
                  00000ac8    0000005a     libclang_rt.builtins.a : aeabi_dcmp.S.obj (.text)
                  00000b22    00000052     motor.o (.text.Motor_Init)
                  00000b74    00000050     ti_msp_dl_config.o (.text.SYSCFG_DL_DEBUG_init)
                  00000bc4    0000004c     driverlib.a : dl_dma.o (.text.DL_DMA_initChannel)
                  00000c10    0000004c     ti_msp_dl_config.o (.text.DL_GPIO_initDigitalInputFeatures)
                  00000c5c    0000004c     ti_msp_dl_config.o (.text.DL_UART_setBaudRateDivisor)
                  00000ca8    00000048     driverlib.a : dl_uart.o (.text.DL_UART_init)
                  00000cf0    00000044                 : dl_sysctl_mspm0g1x0x_g3x0x.o (.text.DL_SYSCTL_switchMCLKfromSYSOSCtoHSCLK)
                  00000d34    00000040     libclang_rt.builtins.a : aeabi_uidivmod.S.obj (.text)
                  00000d74    0000003c     ti_msp_dl_config.o (.text.DL_Timer_setCounterControl)
                  00000db0    0000003c     ti_msp_dl_config.o (.text.SYSCFG_DL_init)
                  00000dec    0000003c     libc.a : autoinit.c.obj (.text:__TI_auto_init_nobinit_nopinit)
                  00000e28    00000034     ti_msp_dl_config.o (.text.SYSCFG_DL_TIMER_0_init)
                  00000e5c    00000030     driverlib.a : dl_uart.o (.text.DL_UART_transmitDataBlocking)
                  00000e8c    0000002c     empty.o (.text.Send_String)
                  00000eb8    0000002c     empty.o (.text.__NVIC_EnableIRQ)
                  00000ee4    00000028     ti_msp_dl_config.o (.text.DL_Common_updateReg)
                  00000f0c    00000028     ti_msp_dl_config.o (.text.DL_UART_setRXFIFOThreshold)
                  00000f34    00000028     libc.a : boot_cortex_m.c.obj (.text:_c_int00_noargs)
                  00000f5c    00000024     ti_msp_dl_config.o (.text.DL_UART_setRXInterruptTimeout)
                  00000f80    00000024     libclang_rt.builtins.a : floatunsidf.S.obj (.text)
                  00000fa4    00000020     ti_msp_dl_config.o (.text.DL_GPIO_initPeripheralInputFunction)
                  00000fc4    00000020     ti_msp_dl_config.o (.text.DL_SYSCTL_setFlashWaitState)
                  00000fe4    0000001e     ti_msp_dl_config.o (.text.DL_UART_setOversampling)
                  00001002    0000001e     motor.o (.text.Motor_Coast)
                  00001020    0000001c     ti_msp_dl_config.o (.text.DL_GPIO_clearInterruptStatus)
                  0000103c    0000001c     ti_msp_dl_config.o (.text.DL_GPIO_enableInterrupt)
                  00001058    0000001c     ti_msp_dl_config.o (.text.DL_GPIO_initPeripheralOutputFunction)
                  00001074    0000001c     ti_msp_dl_config.o (.text.DL_GPIO_setLowerPinsPolarity)
                  00001090    0000001c     driverlib.a : dl_sysctl_mspm0g1x0x_g3x0x.o (.text.DL_SYSCTL_configFCC)
                  000010ac    0000001c     ti_msp_dl_config.o (.text.DL_SYSCTL_setFCCPeriods)
                  000010c8    0000001c     ti_msp_dl_config.o (.text.DL_SYSCTL_setSYSOSCFreq)
                  000010e4    0000001c     ti_msp_dl_config.o (.text.DL_SYSCTL_setULPCLKDivider)
                  00001100    0000001c     ti_msp_dl_config.o (.text.DL_Timer_enableInterrupt)
                  0000111c    0000001c     driverlib.a : dl_timer.o (.text.DL_Timer_setCaptCompUpdateMethod)
                  00001138    0000001c                 : dl_timer.o (.text.DL_Timer_setClockConfig)
                  00001154    0000001c     ti_msp_dl_config.o (.text.DL_UART_enableInterrupt)
                  00001170    0000001c     empty.o (.text.TIMA1_IRQHandler)
                  0000118c    00000018     ti_msp_dl_config.o (.text.DL_GPIO_enableOutput)
                  000011a4    00000018     ti_msp_dl_config.o (.text.DL_GPIO_enablePower)
                  000011bc    00000018     ti_msp_dl_config.o (.text.DL_GPIO_initDigitalOutput)
                  000011d4    00000018     ti_msp_dl_config.o (.text.DL_GPIO_initPeripheralAnalogFunction)
                  000011ec    00000018     ti_msp_dl_config.o (.text.DL_GPIO_reset)
                  00001204    00000018     empty.o (.text.DL_GPIO_togglePins)
                  0000121c    00000018     ti_msp_dl_config.o (.text.DL_SYSCTL_setBORThreshold)
                  00001234    00000018     empty.o (.text.DL_Timer_clearInterruptStatus)
                  0000124c    00000018     ti_msp_dl_config.o (.text.DL_Timer_enablePower)
                  00001264    00000018     ti_msp_dl_config.o (.text.DL_Timer_reset)
                  0000127c    00000018     driverlib.a : dl_timer.o (.text.DL_Timer_setCaptureCompareOutCtl)
                  00001294    00000018     ti_msp_dl_config.o (.text.DL_UART_enableDMAReceiveEvent)
                  000012ac    00000018     ti_msp_dl_config.o (.text.DL_UART_enableFIFOs)
                  000012c4    00000018     ti_msp_dl_config.o (.text.DL_UART_enablePower)
                  000012dc    00000018     ti_msp_dl_config.o (.text.DL_UART_reset)
                  000012f4    00000018     ti_msp_dl_config.o (.text.SYSCFG_DL_DMA_CH0_init)
                  0000130c    00000018     ti_msp_dl_config.o (.text.SYSCFG_DL_DMA_WIT_init)
                  00001324    00000016     ti_msp_dl_config.o (.text.DL_UART_enable)
                  0000133a    00000016     libc.a : copy_zero_init.c.obj (.text:decompress:ZI:__TI_zero_init_nomemset)
                  00001350    00000014     motor.o (.text.DL_GPIO_clearPins)
                  00001364    00000014     ti_msp_dl_config.o (.text.DL_GPIO_clearPins)
                  00001378    00000014     ti_msp_dl_config.o (.text.DL_SYSCTL_disableSYSPLL)
                  0000138c    00000014     ti_msp_dl_config.o (.text.DL_SYSCTL_enableMFCLK)
                  000013a0    00000014     ti_msp_dl_config.o (.text.DL_SYSCTL_enableSYSPLL)
                  000013b4    00000014     ti_msp_dl_config.o (.text.DL_Timer_enableClock)
                  000013c8    00000014     ti_msp_dl_config.o (.text.DL_Timer_setCCPDirection)
                  000013dc    00000012     driverlib.a : dl_uart.o (.text.DL_UART_setClockConfig)
                  000013ee    00000012     libc.a : memcpy16.S.obj (.text:TI_memcpy_small)
                  00001400    00000012            : copy_decompress_none.c.obj (.text:decompress:none)
                  00001412    00000002     timer.o (.text.Timer_Init)
                  00001414    00000010     ti_msp_dl_config.o (.text.DL_SYSCTL_disableHFXT)
                  00001424    00000010     ti_msp_dl_config.o (.text.DL_SYSCTL_isFCCDone)
                  00001434    00000010     ti_msp_dl_config.o (.text.DL_SYSCTL_startFCC)
                  00001444    00000010     driverlib.a : dl_timer.o (.text.DL_Timer_setCaptureCompareValue)
                  00001454    0000000c     ti_msp_dl_config.o (.text.DL_SYSCTL_getClockStatus)
                  00001460    0000000c     ti_msp_dl_config.o (.text.DL_SYSCTL_readFCC)
                  0000146c    0000000c     ti_msp_dl_config.o (.text.SYSCFG_DL_DMA_init)
                  00001478    0000000a     driverlib.a : dl_common.o (.text.DL_Common_delayCycles)
                  00001482    00000002     libclang_rt.builtins.a : aeabi_div0.c.obj (.text.__aeabi_idiv0)
                  00001484    00000008                            : aeabi_memcpy.S.obj (.text)
                  0000148c    00000006     libc.a : exit.c.obj (.text:abort)
                  00001492    00000004     startup_mspm0g350x_ticlang.o (.text.Default_Handler)
                  00001496    00000004     libsysbm.a : hostexit.c.obj (.text.HOSTexit)
                  0000149a    00000004     startup_mspm0g350x_ticlang.o (.text.Reset_Handler)
                  0000149e    00000004     libc.a : pre_init.c.obj (.text._system_pre_init)
                  000014a2    00000006     --HOLE-- [fill = 0]

.cinit     0    00001550    00000030     
                  00001550    0000000c     (.cinit..data.load) [load image, compression = lzss]
                  0000155c    0000000c     (__TI_handler_table)
                  00001568    00000008     (.cinit..bss.load) [load image, compression = zero_init]
                  00001570    00000010     (__TI_cinit_table)

.rodata    0    000014a8    000000a8     
                  000014a8    00000028     ti_msp_dl_config.o (.rodata.gSYSPLLConfig)
                  000014d0    00000018     ti_msp_dl_config.o (.rodata.gDMA_CH0Config)
                  000014e8    00000018     ti_msp_dl_config.o (.rodata.gDMA_WITConfig)
                  00001500    00000014     ti_msp_dl_config.o (.rodata.gTIMER_0TimerConfig)
                  00001514    0000000a     ti_msp_dl_config.o (.rodata.gDEBUGConfig)
                  0000151e    0000000a     ti_msp_dl_config.o (.rodata.gUART_K230Config)
                  00001528    0000000a     ti_msp_dl_config.o (.rodata.gUART_WITConfig)
                  00001532    00000002     ti_msp_dl_config.o (.rodata.gDEBUGClockConfig)
                  00001534    00000008     ti_msp_dl_config.o (.rodata.gPWM_0Config)
                  0000153c    00000006     empty.o (.rodata.str1.9517790425240694019.1)
                  00001542    00000003     ti_msp_dl_config.o (.rodata.gPWM_0ClockConfig)
                  00001545    00000003     ti_msp_dl_config.o (.rodata.gTIMER_0ClockConfig)
                  00001548    00000002     ti_msp_dl_config.o (.rodata.gUART_K230ClockConfig)
                  0000154a    00000002     ti_msp_dl_config.o (.rodata.gUART_WITClockConfig)
                  0000154c    00000004     --HOLE-- [fill = 0]

.init_array 
*          0    00000000    00000000     UNINITIALIZED

.binit     0    00000000    00000000     

.bss       0    20200000    000001a8     UNINITIALIZED
                  20200000    000000bc     (.common:gPWM_0Backup)
                  202000bc    000000bc     (.common:gTIMER_0Backup)
                  20200178    00000018     (.common:motor_left)
                  20200190    00000018     (.common:motor_right)

.data      0    202001a8    0000000c     UNINITIALIZED
                  202001a8    00000004     empty.o (.data.flag_led)
                  202001ac    00000004     empty.o (.data.next_log)
                  202001b0    00000004     timer.o (.data.sys_tick)

.stack     0    20207e00    00000200     UNINITIALIZED
                  20207e00    00000004     libc.a : boot_cortex_m.c.obj (.stack)
                  20207e04    000001fc     --HOLE--

__llvm_prf_cnts 
*          0    20200000    00000000     UNINITIALIZED

__llvm_prf_bits 
*          0    20200000    00000000     UNINITIALIZED

MODULE SUMMARY

       Module                         code   ro data   rw data
       ------                         ----   -------   -------
    ./
       ti_msp_dl_config.o             2636   158       376    
       empty.o                        348    6         8      
       startup_mspm0g350x_ticlang.o   8      192       0      
    +--+------------------------------+------+---------+---------+
       Total:                         2992   356       384    
                                                              
    ./APP/MOTOR/
       motor.o                        132    0         48     
    +--+------------------------------+------+---------+---------+
       Total:                         132    0         48     
                                                              
    ./APP/TIMER/
       timer.o                        2      0         4      
    +--+------------------------------+------+---------+---------+
       Total:                         2      0         4      
                                                              
    /home/hua/ti/ccs2100/ccs/tools/compiler/ti-cgt-armllvm_5.1.1.LTS/lib/armv6m-ti-none-eabi/c/libc.a
       copy_decompress_lzss.c.obj     124    0         0      
       autoinit.c.obj                 60     0         0      
       boot_cortex_m.c.obj            40     0         0      
       copy_zero_init.c.obj           22     0         0      
       copy_decompress_none.c.obj     18     0         0      
       memcpy16.S.obj                 18     0         0      
       exit.c.obj                     6      0         0      
       pre_init.c.obj                 4      0         0      
    +--+------------------------------+------+---------+---------+
       Total:                         292    0         0      
                                                              
    /home/hua/ti/ccs2100/ccs/tools/compiler/ti-cgt-armllvm_5.1.1.LTS/lib/armv6m-ti-none-eabi/c/libsysbm.a
       hostexit.c.obj                 4      0         0      
    +--+------------------------------+------+---------+---------+
       Total:                         4      0         0      
                                                              
    /home/hua/ti/ccs2100/ccs/tools/compiler/ti-cgt-armllvm_5.1.1.LTS/lib/armv6m-ti-none-eabi/libclang_rt.builtins.a
       comparedf2.c.obj               220    0         0      
       aeabi_dcmp.S.obj               90     0         0      
       aeabi_uidivmod.S.obj           64     0         0      
       floatunsidf.S.obj              36     0         0      
       aeabi_memcpy.S.obj             8      0         0      
       aeabi_div0.c.obj               2      0         0      
    +--+------------------------------+------+---------+---------+
       Total:                         420    0         0      
                                                              
    /home/hua/ti/mspm0_sdk_2_11_00_07/source/ti/driverlib/lib/ticlang/m0p/mspm0g1x0x_g3x0x/driverlib.a
       dl_timer.o                     608    0         0      
       dl_sysctl_mspm0g1x0x_g3x0x.o   416    0         0      
       dl_uart.o                      138    0         0      
       dl_dma.o                       76     0         0      
       dl_common.o                    10     0         0      
    +--+------------------------------+------+---------+---------+
       Total:                         1248   0         0      
                                                              
       Stack:                         0      0         512    
       Linker Generated:              0      48        0      
    +--+------------------------------+------+---------+---------+
       Grand Total:                   5090   404       948    


LINKER GENERATED COPY TABLES

__TI_cinit_table @ 00001570 records: 2, size/record: 8, table size: 16
	.data: load addr=00001550, load size=0000000c bytes, run addr=202001a8, run size=0000000c bytes, compression=lzss
	.bss: load addr=00001568, load size=00000008 bytes, run addr=20200000, run size=000001a8 bytes, compression=zero_init


LINKER GENERATED HANDLER TABLE

__TI_handler_table @ 0000155c records: 3, size/record: 4, table size: 12
	index: 0, handler: __TI_decompress_lzss
	index: 1, handler: __TI_decompress_none
	index: 2, handler: __TI_zero_init


GLOBAL SYMBOLS: SORTED ALPHABETICALLY BY Name 

address   name                                 
-------   ----                                 
00001493  ADC0_IRQHandler                      
00001493  ADC1_IRQHandler                      
00001493  AES_IRQHandler                       
00001496  C$$EXIT                              
00001493  CANFD0_IRQHandler                    
00001493  DAC0_IRQHandler                      
00001479  DL_Common_delayCycles                
00000bc5  DL_DMA_initChannel                   
00001091  DL_SYSCTL_configFCC                  
00000519  DL_SYSCTL_configSYSPLL               
00000a65  DL_SYSCTL_setHFCLKSourceHFXTParams   
00000cf1  DL_SYSCTL_switchMCLKfromSYSOSCtoHSCLK
0000022d  DL_Timer_initFourCCPWMMode           
00000331  DL_Timer_initTimerMode               
0000111d  DL_Timer_setCaptCompUpdateMethod     
0000127d  DL_Timer_setCaptureCompareOutCtl     
00001445  DL_Timer_setCaptureCompareValue      
00001139  DL_Timer_setClockConfig              
00000ca9  DL_UART_init                         
000013dd  DL_UART_setClockConfig               
00000e5d  DL_UART_transmitDataBlocking         
00001493  DMA_IRQHandler                       
00001493  Default_Handler                      
00001493  GROUP0_IRQHandler                    
00001493  GROUP1_IRQHandler                    
00001497  HOSTexit                             
00001493  HardFault_Handler                    
00001493  I2C0_IRQHandler                      
00001493  I2C1_IRQHandler                      
00001003  Motor_Coast                          
00000b23  Motor_Init                           
00001493  NMI_Handler                          
00001493  PendSV_Handler                       
00001493  RTC_IRQHandler                       
0000149b  Reset_Handler                        
00001493  SPI0_IRQHandler                      
00001493  SPI1_IRQHandler                      
00001493  SVC_Handler                          
00000b75  SYSCFG_DL_DEBUG_init                 
000012f5  SYSCFG_DL_DMA_CH0_init               
0000130d  SYSCFG_DL_DMA_WIT_init               
0000146d  SYSCFG_DL_DMA_init                   
000000c1  SYSCFG_DL_GPIO_init                  
000006ad  SYSCFG_DL_PWM_0_init                 
0000042d  SYSCFG_DL_SYSCTL_SYSPLL_init         
00000841  SYSCFG_DL_SYSCTL_init                
00000e29  SYSCFG_DL_TIMER_0_init               
0000092d  SYSCFG_DL_UART_K230_init             
00000995  SYSCFG_DL_UART_WIT_init              
00000db1  SYSCFG_DL_init                       
00000739  SYSCFG_DL_initPower                  
00000e8d  Send_String                          
00001493  SysTick_Handler                      
00001493  TIMA0_IRQHandler                     
00001171  TIMA1_IRQHandler                     
00001493  TIMG0_IRQHandler                     
00001493  TIMG12_IRQHandler                    
00001493  TIMG6_IRQHandler                     
00001493  TIMG7_IRQHandler                     
00001493  TIMG8_IRQHandler                     
000013ef  TI_memcpy_small                      
00001413  Timer_Init                           
00001493  UART0_IRQHandler                     
00001493  UART1_IRQHandler                     
00001493  UART2_IRQHandler                     
00001493  UART3_IRQHandler                     
20208000  __STACK_END                          
00000200  __STACK_SIZE                         
00000000  __TI_ATRegion0_region_sz             
00000000  __TI_ATRegion0_src_addr              
00000000  __TI_ATRegion0_trg_addr              
00000000  __TI_ATRegion1_region_sz             
00000000  __TI_ATRegion1_src_addr              
00000000  __TI_ATRegion1_trg_addr              
00000000  __TI_ATRegion2_region_sz             
00000000  __TI_ATRegion2_src_addr              
00000000  __TI_ATRegion2_trg_addr              
00001570  __TI_CINIT_Base                      
00001580  __TI_CINIT_Limit                     
00001580  __TI_CINIT_Warm                      
0000155c  __TI_Handler_Table_Base              
00001568  __TI_Handler_Table_Limit             
00000ded  __TI_auto_init_nobinit_nopinit       
000007c5  __TI_decompress_lzss                 
00001401  __TI_decompress_none                 
ffffffff  __TI_pprof_out_hndl                  
ffffffff  __TI_prof_data_size                  
ffffffff  __TI_prof_data_start                 
00000000  __TI_static_base__                   
0000133b  __TI_zero_init_nomemset              
00000ac9  __aeabi_dcmpeq                       
00000aff  __aeabi_dcmpge                       
00000b11  __aeabi_dcmpgt                       
00000aed  __aeabi_dcmple                       
00000adb  __aeabi_dcmplt                       
00001483  __aeabi_idiv0                        
00001485  __aeabi_memcpy                       
00001485  __aeabi_memcpy4                      
00001485  __aeabi_memcpy8                      
00000f81  __aeabi_ui2d                         
00000d35  __aeabi_uidiv                        
00000d35  __aeabi_uidivmod                     
ffffffff  __binit__                            
000009fd  __cmpdf2                             
000009fd  __eqdf2                              
00000f81  __floatunsidf                        
000008b9  __gedf2                              
000008b9  __gtdf2                              
000009fd  __ledf2                              
000009fd  __ltdf2                              
UNDEFED   __mpu_init                           
000009fd  __nedf2                              
20207e00  __stack                              
20200000  __start___llvm_prf_bits              
20200000  __start___llvm_prf_cnts              
20200000  __stop___llvm_prf_bits               
20200000  __stop___llvm_prf_cnts               
00000f35  _c_int00_noargs                      
UNDEFED   _system_post_cinit                   
0000149f  _system_pre_init                     
0000148d  abort                                
ffffffff  binit                                
202001a8  flag_led                             
20200000  gPWM_0Backup                         
202000bc  gTIMER_0Backup                       
00000000  interruptVectors                     
000005f5  main                                 
20200178  motor_left                           
20200190  motor_right                          
202001ac  next_log                             
202001b0  sys_tick                             


GLOBAL SYMBOLS: SORTED BY Symbol Address 

address   name                                 
-------   ----                                 
00000000  __TI_ATRegion0_region_sz             
00000000  __TI_ATRegion0_src_addr              
00000000  __TI_ATRegion0_trg_addr              
00000000  __TI_ATRegion1_region_sz             
00000000  __TI_ATRegion1_src_addr              
00000000  __TI_ATRegion1_trg_addr              
00000000  __TI_ATRegion2_region_sz             
00000000  __TI_ATRegion2_src_addr              
00000000  __TI_ATRegion2_trg_addr              
00000000  __TI_static_base__                   
00000000  interruptVectors                     
000000c1  SYSCFG_DL_GPIO_init                  
00000200  __STACK_SIZE                         
0000022d  DL_Timer_initFourCCPWMMode           
00000331  DL_Timer_initTimerMode               
0000042d  SYSCFG_DL_SYSCTL_SYSPLL_init         
00000519  DL_SYSCTL_configSYSPLL               
000005f5  main                                 
000006ad  SYSCFG_DL_PWM_0_init                 
00000739  SYSCFG_DL_initPower                  
000007c5  __TI_decompress_lzss                 
00000841  SYSCFG_DL_SYSCTL_init                
000008b9  __gedf2                              
000008b9  __gtdf2                              
0000092d  SYSCFG_DL_UART_K230_init             
00000995  SYSCFG_DL_UART_WIT_init              
000009fd  __cmpdf2                             
000009fd  __eqdf2                              
000009fd  __ledf2                              
000009fd  __ltdf2                              
000009fd  __nedf2                              
00000a65  DL_SYSCTL_setHFCLKSourceHFXTParams   
00000ac9  __aeabi_dcmpeq                       
00000adb  __aeabi_dcmplt                       
00000aed  __aeabi_dcmple                       
00000aff  __aeabi_dcmpge                       
00000b11  __aeabi_dcmpgt                       
00000b23  Motor_Init                           
00000b75  SYSCFG_DL_DEBUG_init                 
00000bc5  DL_DMA_initChannel                   
00000ca9  DL_UART_init                         
00000cf1  DL_SYSCTL_switchMCLKfromSYSOSCtoHSCLK
00000d35  __aeabi_uidiv                        
00000d35  __aeabi_uidivmod                     
00000db1  SYSCFG_DL_init                       
00000ded  __TI_auto_init_nobinit_nopinit       
00000e29  SYSCFG_DL_TIMER_0_init               
00000e5d  DL_UART_transmitDataBlocking         
00000e8d  Send_String                          
00000f35  _c_int00_noargs                      
00000f81  __aeabi_ui2d                         
00000f81  __floatunsidf                        
00001003  Motor_Coast                          
00001091  DL_SYSCTL_configFCC                  
0000111d  DL_Timer_setCaptCompUpdateMethod     
00001139  DL_Timer_setClockConfig              
00001171  TIMA1_IRQHandler                     
0000127d  DL_Timer_setCaptureCompareOutCtl     
000012f5  SYSCFG_DL_DMA_CH0_init               
0000130d  SYSCFG_DL_DMA_WIT_init               
0000133b  __TI_zero_init_nomemset              
000013dd  DL_UART_setClockConfig               
000013ef  TI_memcpy_small                      
00001401  __TI_decompress_none                 
00001413  Timer_Init                           
00001445  DL_Timer_setCaptureCompareValue      
0000146d  SYSCFG_DL_DMA_init                   
00001479  DL_Common_delayCycles                
00001483  __aeabi_idiv0                        
00001485  __aeabi_memcpy                       
00001485  __aeabi_memcpy4                      
00001485  __aeabi_memcpy8                      
0000148d  abort                                
00001493  ADC0_IRQHandler                      
00001493  ADC1_IRQHandler                      
00001493  AES_IRQHandler                       
00001493  CANFD0_IRQHandler                    
00001493  DAC0_IRQHandler                      
00001493  DMA_IRQHandler                       
00001493  Default_Handler                      
00001493  GROUP0_IRQHandler                    
00001493  GROUP1_IRQHandler                    
00001493  HardFault_Handler                    
00001493  I2C0_IRQHandler                      
00001493  I2C1_IRQHandler                      
00001493  NMI_Handler                          
00001493  PendSV_Handler                       
00001493  RTC_IRQHandler                       
00001493  SPI0_IRQHandler                      
00001493  SPI1_IRQHandler                      
00001493  SVC_Handler                          
00001493  SysTick_Handler                      
00001493  TIMA0_IRQHandler                     
00001493  TIMG0_IRQHandler                     
00001493  TIMG12_IRQHandler                    
00001493  TIMG6_IRQHandler                     
00001493  TIMG7_IRQHandler                     
00001493  TIMG8_IRQHandler                     
00001493  UART0_IRQHandler                     
00001493  UART1_IRQHandler                     
00001493  UART2_IRQHandler                     
00001493  UART3_IRQHandler                     
00001496  C$$EXIT                              
00001497  HOSTexit                             
0000149b  Reset_Handler                        
0000149f  _system_pre_init                     
0000155c  __TI_Handler_Table_Base              
00001568  __TI_Handler_Table_Limit             
00001570  __TI_CINIT_Base                      
00001580  __TI_CINIT_Limit                     
00001580  __TI_CINIT_Warm                      
20200000  __start___llvm_prf_bits              
20200000  __start___llvm_prf_cnts              
20200000  __stop___llvm_prf_bits               
20200000  __stop___llvm_prf_cnts               
20200000  gPWM_0Backup                         
202000bc  gTIMER_0Backup                       
20200178  motor_left                           
20200190  motor_right                          
202001a8  flag_led                             
202001ac  next_log                             
202001b0  sys_tick                             
20207e00  __stack                              
20208000  __STACK_END                          
ffffffff  __TI_pprof_out_hndl                  
ffffffff  __TI_prof_data_size                  
ffffffff  __TI_prof_data_start                 
ffffffff  __binit__                            
ffffffff  binit                                
UNDEFED   __mpu_init                           
UNDEFED   _system_post_cinit                   

[131 symbols]
